 ******* Program HYDRUS
 ******* 
 Welcome to HYDRUS-1D                                                    
 Date:  26. 3.2026    Time:   3: 9:11
 Units: L = cm   , T = days , M = micro

----------------------------------------------------------
 Time       [T]        0.0000
----------------------------------------------------------
 Sub-region num.                     1            2
----------------------------------------------------------
 Length   [L]        0.12000E+03  0.34800E+02  0.85200E+02
 W-volume [L]        0.42547E+02  0.10942E+02  0.31605E+02
 In-flow  [L/T]      0.00000E+00  0.00000E+00  0.00000E+00
 h Mean   [L]       -0.60000E+02 -0.10260E+03 -0.42600E+02
 ConcVol  [M/L2] 1   0.00000E+00  0.00000E+00  0.00000E+00
 cMean    [M/L3] 1   0.00000E+00  0.00000E+00  0.00000E+00
 Top Flux [L/T]     -0.29677E-06
 Bot Flux [L/T]      0.14638E-04
----------------------------------------------------------

----------------------------------------------------------
 Time       [T]      365.0000
----------------------------------------------------------
 Sub-region num.                     1            2
----------------------------------------------------------
 Length   [L]        0.12000E+03  0.34800E+02  0.85200E+02
 W-volume [L]        0.43673E+02  0.11745E+02  0.31928E+02
 In-flow  [L/T]      0.00000E+00  0.00000E+00  0.00000E+00
 h Mean   [L]       -0.47790E+02 -0.71430E+02 -0.38135E+02
 ConcVol  [M/L2] 1   0.33497E+04  0.34556E-20  0.33497E+04
 cMean    [M/L3] 1   0.30845E+01  0.95539E-23  0.43444E+01
 Top Flux [L/T]     -0.31335E+00
 Bot Flux [L/T]     -0.13011E-01
 WatBalT  [L]       -0.25940E-03
 WatBalR  [%]              0.000
 CncBalT  [M]    1   0.63477E-02
 CncBalR  [%]    1         0.000
----------------------------------------------------------

----------------------------------------------------------
 Time       [T]      730.0000
----------------------------------------------------------
 Sub-region num.                     1            2
----------------------------------------------------------
 Length   [L]        0.12000E+03  0.34800E+02  0.85200E+02
 W-volume [L]        0.43673E+02  0.11745E+02  0.31928E+02
 In-flow  [L/T]      0.00000E+00  0.00000E+00  0.00000E+00
 h Mean   [L]       -0.47790E+02 -0.71430E+02 -0.38135E+02
 ConcVol  [M/L2] 1   0.45732E+04  0.12128E-10  0.45732E+04
 cMean    [M/L3] 1   0.42118E+01  0.33534E-13  0.59321E+01
 Top Flux [L/T]     -0.31335E+00
 Bot Flux [L/T]     -0.13014E-01
 WatBalT  [L]       -0.50664E-04
 WatBalR  [%]              0.000
 CncBalT  [M]    1   0.73242E-02
 CncBalR  [%]    1         0.000
----------------------------------------------------------

----------------------------------------------------------
 Time       [T]     1095.0000
----------------------------------------------------------
 Sub-region num.                     1            2
----------------------------------------------------------
 Length   [L]        0.12000E+03  0.34800E+02  0.85200E+02
 W-volume [L]        0.43673E+02  0.11745E+02  0.31928E+02
 In-flow  [L/T]      0.29802E-07  0.00000E+00  0.29802E-07
 h Mean   [L]       -0.47790E+02 -0.71429E+02 -0.38135E+02
 ConcVol  [M/L2] 1   0.54756E+04  0.93374E-07  0.54756E+04
 cMean    [M/L3] 1   0.50434E+01  0.25818E-09  0.71034E+01
 Top Flux [L/T]     -0.31336E+00
 Bot Flux [L/T]     -0.13051E-01
 WatBalT  [L]       -0.13590E-04
 WatBalR  [%]              0.000
 CncBalT  [M]    1   0.97656E-02
 CncBalR  [%]    1         0.000
----------------------------------------------------------

----------------------------------------------------------
 Time       [T]     1460.0000
----------------------------------------------------------
 Sub-region num.                     1            2
----------------------------------------------------------
 Length   [L]        0.12000E+03  0.34800E+02  0.85200E+02
 W-volume [L]        0.43673E+02  0.11745E+02  0.31928E+02
 In-flow  [L/T]      0.89407E-07 -0.29802E-07  0.11921E-06
 h Mean   [L]       -0.47790E+02 -0.71429E+02 -0.38134E+02
 ConcVol  [M/L2] 1   0.62096E+04  0.11610E-04  0.62096E+04
 cMean    [M/L3] 1   0.57199E+01  0.32103E-07  0.80562E+01
 Top Flux [L/T]     -0.31336E+00
 Bot Flux [L/T]     -0.13138E-01
 WatBalT  [L]       -0.26536E-03
 WatBalR  [%]              0.000
 CncBalT  [M]    1   0.16602E-01
 CncBalR  [%]    1         0.000
----------------------------------------------------------

----------------------------------------------------------
 Time       [T]     1825.0000
----------------------------------------------------------
 Sub-region num.                     1            2
----------------------------------------------------------
 Length   [L]        0.12000E+03  0.34800E+02  0.85200E+02
 W-volume [L]        0.43673E+02  0.11745E+02  0.31928E+02
 In-flow  [L/T]      0.29802E-06  0.14901E-06  0.14901E-06
 h Mean   [L]       -0.47789E+02 -0.71429E+02 -0.38134E+02
 ConcVol  [M/L2] 1   0.68352E+04  0.23482E-03  0.68352E+04
 cMean    [M/L3] 1   0.62967E+01  0.64932E-06  0.88685E+01
 Top Flux [L/T]     -0.31336E+00
 Bot Flux [L/T]     -0.13263E-01
 WatBalT  [L]       -0.41854E-03
 WatBalR  [%]              0.000
 CncBalT  [M]    1   0.16602E-01
 CncBalR  [%]    1         0.000
----------------------------------------------------------

----------------------------------------------------------
 Time       [T]     2190.0000
----------------------------------------------------------
 Sub-region num.                     1            2
----------------------------------------------------------
 Length   [L]        0.12000E+03  0.34800E+02  0.85200E+02
 W-volume [L]        0.43673E+02  0.11745E+02  0.31929E+02
 In-flow  [L/T]      0.32783E-06  0.00000E+00  0.32783E-06
 h Mean   [L]       -0.47788E+02 -0.71428E+02 -0.38133E+02
 ConcVol  [M/L2] 1   0.73833E+04  0.18261E-02  0.73833E+04
 cMean    [M/L3] 1   0.68021E+01  0.50498E-05  0.95804E+01
 Top Flux [L/T]     -0.31335E+00
 Bot Flux [L/T]     -0.13422E-01
 WatBalT  [L]       -0.61584E-03
 WatBalR  [%]              0.000
 CncBalT  [M]    1   0.18066E-01
 CncBalR  [%]    1         0.000
----------------------------------------------------------

----------------------------------------------------------
 Time       [T]     2555.0000
----------------------------------------------------------
 Sub-region num.                     1            2
----------------------------------------------------------
 Length   [L]        0.12000E+03  0.34800E+02  0.85200E+02
 W-volume [L]        0.43673E+02  0.11745E+02  0.31929E+02
 In-flow  [L/T]      0.44703E-06  0.00000E+00  0.44703E-06
 h Mean   [L]       -0.47787E+02 -0.71428E+02 -0.38131E+02
 ConcVol  [M/L2] 1   0.78722E+04  0.80801E-02  0.78722E+04
 cMean    [M/L3] 1   0.72530E+01  0.22344E-04  0.10215E+02
 Top Flux [L/T]     -0.31336E+00
 Bot Flux [L/T]     -0.13615E-01
 WatBalT  [L]       -0.79978E-03
 WatBalR  [%]              0.000
 CncBalT  [M]    1   0.21484E-01
 CncBalR  [%]    1         0.000
----------------------------------------------------------

----------------------------------------------------------
 Time       [T]     2920.0000
----------------------------------------------------------
 Sub-region num.                     1            2
----------------------------------------------------------
 Length   [L]        0.12000E+03  0.34800E+02  0.85200E+02
 W-volume [L]        0.43673E+02  0.11745E+02  0.31929E+02
 In-flow  [L/T]      0.65565E-06  0.59605E-07  0.59605E-06
 h Mean   [L]       -0.47786E+02 -0.71427E+02 -0.38130E+02
 ConcVol  [M/L2] 1   0.83139E+04  0.24933E-01  0.83139E+04
 cMean    [M/L3] 1   0.76603E+01  0.68950E-04  0.10789E+02
 Top Flux [L/T]     -0.31335E+00
 Bot Flux [L/T]     -0.13830E-01
 WatBalT  [L]       -0.10045E-02
 WatBalR  [%]              0.000
 CncBalT  [M]    1   0.29297E-01
 CncBalR  [%]    1         0.000
----------------------------------------------------------

----------------------------------------------------------
 Time       [T]     3285.0000
----------------------------------------------------------
 Sub-region num.                     1            2
----------------------------------------------------------
 Length   [L]        0.12000E+03  0.34800E+02  0.85200E+02
 W-volume [L]        0.43674E+02  0.11745E+02  0.31929E+02
 In-flow  [L/T]      0.65565E-06  0.17881E-06  0.47684E-06
 h Mean   [L]       -0.47785E+02 -0.71426E+02 -0.38128E+02
 ConcVol  [M/L2] 1   0.87164E+04  0.60268E-01  0.87164E+04
 cMean    [M/L3] 1   0.80317E+01  0.16666E-03  0.11312E+02
 Top Flux [L/T]     -0.31336E+00
 Bot Flux [L/T]     -0.14064E-01
 WatBalT  [L]       -0.13239E-02
 WatBalR  [%]              0.000
 CncBalT  [M]    1   0.32227E-01
 CncBalR  [%]    1         0.000
----------------------------------------------------------

----------------------------------------------------------
 Time       [T]     3650.0000
----------------------------------------------------------
 Sub-region num.                     1            2
----------------------------------------------------------
 Length   [L]        0.12000E+03  0.34800E+02  0.85200E+02
 W-volume [L]        0.43674E+02  0.11745E+02  0.31929E+02
 In-flow  [L/T]      0.74506E-06  0.59605E-07  0.68545E-06
 h Mean   [L]       -0.47783E+02 -0.71425E+02 -0.38126E+02
 ConcVol  [M/L2] 1   0.90858E+04  0.12252E+00  0.90857E+04
 cMean    [M/L3] 1   0.83724E+01  0.33882E-03  0.11792E+02
 Top Flux [L/T]     -0.31336E+00
 Bot Flux [L/T]     -0.14319E-01
 WatBalT  [L]       -0.16768E-02
 WatBalR  [%]              0.000
 CncBalT  [M]    1   0.30273E-01
 CncBalR  [%]    1         0.000
----------------------------------------------------------

----------------------------------------------------------
 Time       [T]     4015.0000
----------------------------------------------------------
 Sub-region num.                     1            2
----------------------------------------------------------
 Length   [L]        0.12000E+03  0.34800E+02  0.85200E+02
 W-volume [L]        0.43674E+02  0.11745E+02  0.31929E+02
 In-flow  [L/T]      0.77486E-06  0.59605E-07  0.71526E-06
 h Mean   [L]       -0.47781E+02 -0.71424E+02 -0.38124E+02
 ConcVol  [M/L2] 1   0.94266E+04  0.21934E+00  0.94264E+04
 cMean    [M/L3] 1   0.86868E+01  0.60659E-03  0.12235E+02
 Top Flux [L/T]     -0.31336E+00
 Bot Flux [L/T]     -0.14586E-01
 WatBalT  [L]       -0.20535E-02
 WatBalR  [%]              0.000
 CncBalT  [M]    1   0.24414E-01
 CncBalR  [%]    1         0.000
----------------------------------------------------------

----------------------------------------------------------
 Time       [T]     4380.0000
----------------------------------------------------------
 Sub-region num.                     1            2
----------------------------------------------------------
 Length   [L]        0.12000E+03  0.34800E+02  0.85200E+02
 W-volume [L]        0.43674E+02  0.11745E+02  0.31930E+02
 In-flow  [L/T]      0.89407E-06  0.20862E-06  0.68545E-06
 h Mean   [L]       -0.47779E+02 -0.71422E+02 -0.38121E+02
 ConcVol  [M/L2] 1   0.97422E+04  0.35671E+00  0.97418E+04
 cMean    [M/L3] 1   0.89780E+01  0.98649E-03  0.12645E+02
 Top Flux [L/T]     -0.31336E+00
 Bot Flux [L/T]     -0.14861E-01
 WatBalT  [L]       -0.24145E-02
 WatBalR  [%]              0.000
 CncBalT  [M]    1   0.17578E-01
 CncBalR  [%]    1         0.000
----------------------------------------------------------

----------------------------------------------------------
 Time       [T]     4745.0000
----------------------------------------------------------
 Sub-region num.                     1            2
----------------------------------------------------------
 Length   [L]        0.12000E+03  0.34800E+02  0.85200E+02
 W-volume [L]        0.43675E+02  0.11745E+02  0.31930E+02
 In-flow  [L/T]      0.56624E-06  0.00000E+00  0.56624E-06
 h Mean   [L]       -0.47776E+02 -0.71421E+02 -0.38119E+02
 ConcVol  [M/L2] 1   0.10035E+05  0.53854E+00  0.10035E+05
 cMean    [M/L3] 1   0.92486E+01  0.14894E-02  0.13026E+02
 Top Flux [L/T]     -0.31336E+00
 Bot Flux [L/T]     -0.15135E-01
 WatBalT  [L]       -0.26944E-02
 WatBalR  [%]              0.000
 CncBalT  [M]    1   0.27344E-01
 CncBalR  [%]    1         0.000
----------------------------------------------------------

----------------------------------------------------------
 Time       [T]     5110.0000
----------------------------------------------------------
 Sub-region num.                     1            2
----------------------------------------------------------
 Length   [L]        0.12000E+03  0.34800E+02  0.85200E+02
 W-volume [L]        0.43675E+02  0.11745E+02  0.31930E+02
 In-flow  [L/T]      0.80466E-06  0.23842E-06  0.56624E-06
 h Mean   [L]       -0.47774E+02 -0.71419E+02 -0.38116E+02
 ConcVol  [M/L2] 1   0.10308E+05  0.76672E+00  0.10308E+05
 cMean    [M/L3] 1   0.95006E+01  0.21204E-02  0.13380E+02
 Top Flux [L/T]     -0.31335E+00
 Bot Flux [L/T]     -0.15428E-01
 WatBalT  [L]       -0.30472E-02
 WatBalR  [%]              0.000
 CncBalT  [M]    1   0.29297E-01
 CncBalR  [%]    1         0.000
----------------------------------------------------------

----------------------------------------------------------
 Time       [T]     5475.0000
----------------------------------------------------------
 Sub-region num.                     1            2
----------------------------------------------------------
 Length   [L]        0.12000E+03  0.34800E+02  0.85200E+02
 W-volume [L]        0.43675E+02  0.11745E+02  0.31930E+02
 In-flow  [L/T]      0.68545E-06  0.00000E+00  0.68545E-06
 h Mean   [L]       -0.47771E+02 -0.71418E+02 -0.38113E+02
 ConcVol  [M/L2] 1   0.10563E+05  0.10413E+01  0.10562E+05
 cMean    [M/L3] 1   0.97358E+01  0.28798E-02  0.13711E+02
 Top Flux [L/T]     -0.31336E+00
 Bot Flux [L/T]     -0.15709E-01
 WatBalT  [L]       -0.34270E-02
 WatBalR  [%]              0.000
 CncBalT  [M]    1   0.20508E-01
 CncBalR  [%]    1         0.000
----------------------------------------------------------

----------------------------------------------------------
 Time       [T]     5840.0000
----------------------------------------------------------
 Sub-region num.                     1            2
----------------------------------------------------------
 Length   [L]        0.12000E+03  0.34800E+02  0.85200E+02
 W-volume [L]        0.43675E+02  0.11745E+02  0.31931E+02
 In-flow  [L/T]      0.92387E-06  0.26822E-06  0.65565E-06
 h Mean   [L]       -0.47769E+02 -0.71416E+02 -0.38110E+02
 ConcVol  [M/L2] 1   0.10802E+05  0.13609E+01  0.10800E+05
 cMean    [M/L3] 1   0.99556E+01  0.37636E-02  0.14021E+02
 Top Flux [L/T]     -0.31336E+00
 Bot Flux [L/T]     -0.15996E-01
 WatBalT  [L]       -0.37553E-02
 WatBalR  [%]              0.000
 CncBalT  [M]    1   0.22461E-01
 CncBalR  [%]    1         0.000
----------------------------------------------------------

----------------------------------------------------------
 Time       [T]     6205.0000
----------------------------------------------------------
 Sub-region num.                     1            2
----------------------------------------------------------
 Length   [L]        0.12000E+03  0.34800E+02  0.85200E+02
 W-volume [L]        0.43676E+02  0.11745E+02  0.31931E+02
 In-flow  [L/T]      0.74506E-06  0.59605E-07  0.68545E-06
 h Mean   [L]       -0.47766E+02 -0.71414E+02 -0.38107E+02
 ConcVol  [M/L2] 1   0.11025E+05  0.17230E+01  0.11023E+05
 cMean    [M/L3] 1   0.10162E+02  0.47651E-02  0.14310E+02
 Top Flux [L/T]     -0.31336E+00
 Bot Flux [L/T]     -0.16275E-01
 WatBalT  [L]       -0.40870E-02
 WatBalR  [%]              0.000
 CncBalT  [M]    1   0.24414E-01
 CncBalR  [%]    1         0.000
----------------------------------------------------------

----------------------------------------------------------
 Time       [T]     6570.0000
----------------------------------------------------------
 Sub-region num.                     1            2
----------------------------------------------------------
 Length   [L]        0.12000E+03  0.34800E+02  0.85200E+02
 W-volume [L]        0.43676E+02  0.11745E+02  0.31931E+02
 In-flow  [L/T]      0.89407E-06  0.23842E-06  0.65565E-06
 h Mean   [L]       -0.47763E+02 -0.71412E+02 -0.38104E+02
 ConcVol  [M/L2] 1   0.11234E+05  0.21243E+01  0.11232E+05
 cMean    [M/L3] 1   0.10354E+02  0.58751E-02  0.14581E+02
 Top Flux [L/T]     -0.31336E+00
 Bot Flux [L/T]     -0.16551E-01
 WatBalT  [L]       -0.43923E-02
 WatBalR  [%]              0.000
 CncBalT  [M]    1   0.38086E-01
 CncBalR  [%]    1         0.000
----------------------------------------------------------

----------------------------------------------------------
 Time       [T]     6935.0000
----------------------------------------------------------
 Sub-region num.                     1            2
----------------------------------------------------------
 Length   [L]        0.12000E+03  0.34800E+02  0.85200E+02
 W-volume [L]        0.43676E+02  0.11745E+02  0.31931E+02
 In-flow  [L/T]      0.10729E-05  0.32783E-06  0.74506E-06
 h Mean   [L]       -0.47760E+02 -0.71410E+02 -0.38100E+02
 ConcVol  [M/L2] 1   0.11430E+05  0.25612E+01  0.11427E+05
 cMean    [M/L3] 1   0.10536E+02  0.70831E-02  0.14836E+02
 Top Flux [L/T]     -0.31335E+00
 Bot Flux [L/T]     -0.16819E-01
 WatBalT  [L]       -0.46827E-02
 WatBalR  [%]              0.000
 CncBalT  [M]    1   0.51758E-01
 CncBalR  [%]    1         0.000
----------------------------------------------------------

----------------------------------------------------------
 Time       [T]     7300.0000
----------------------------------------------------------
 Sub-region num.                     1            2
----------------------------------------------------------
 Length   [L]        0.12000E+03  0.34800E+02  0.85200E+02
 W-volume [L]        0.43677E+02  0.11745E+02  0.31932E+02
 In-flow  [L/T]      0.98348E-06  0.14901E-06  0.83447E-06
 h Mean   [L]       -0.47758E+02 -0.71409E+02 -0.38097E+02
 ConcVol  [M/L2] 1   0.11614E+05  0.30294E+01  0.11611E+05
 cMean    [M/L3] 1   0.10705E+02  0.83781E-02  0.15075E+02
 Top Flux [L/T]     -0.31336E+00
 Bot Flux [L/T]     -0.17085E-01
 WatBalT  [L]       -0.50118E-02
 WatBalR  [%]              0.000
 CncBalT  [M]    1   0.57617E-01
 CncBalR  [%]    1         0.000
----------------------------------------------------------
 
 Calculation time [sec]   1.59000000357628     
