 ******* Program HYDRUS
 ******* 
 Welcome to HYDRUS-1D                                                    
 Date:  26. 3.2026    Time:   3: 9:11
 Units: L = cm   , T = days , M = micro
 
 CosAlf,MaxIt,TolTh,  TolH
 1.000   20   0.000 0.50000
 
 TopInF,BotInF,AtmBC,SinkF,WLayer,qGWLF,FreeD,SeepF,lWat,lChem,lTemp,lRoot,lWDep
     T     F     T     T     T     F     F     F     T     T     F     F     F

Nodal point information

node      x         hOld    MatN LayN  Beta      Ah       AK      ATh     Temp    Conc(1...NS)         Sorb(1...NS)

   1      0.000   -120.000    1    1   0.017    1.000    1.000    1.000    0.00  0.0000E+00
   2     -1.200   -118.800    1    1   0.017    1.000    1.000    1.000    0.00  0.0000E+00
   3     -2.400   -117.600    1    1   0.016    1.000    1.000    1.000    0.00  0.0000E+00
   4     -3.600   -116.400    1    1   0.016    1.000    1.000    1.000    0.00  0.0000E+00
   5     -4.800   -115.200    1    1   0.016    1.000    1.000    1.000    0.00  0.0000E+00
   6     -6.000   -114.000    1    1   0.016    1.000    1.000    1.000    0.00  0.0000E+00
   7     -7.200   -112.800    1    1   0.016    1.000    1.000    1.000    0.00  0.0000E+00
   8     -8.400   -111.600    1    1   0.016    1.000    1.000    1.000    0.00  0.0000E+00
   9     -9.600   -110.400    1    1   0.015    1.000    1.000    1.000    0.00  0.0000E+00
  10    -10.800   -109.200    1    1   0.015    1.000    1.000    1.000    0.00  0.0000E+00
  11    -12.000   -108.000    1    1   0.015    1.000    1.000    1.000    0.00  0.0000E+00
  12    -13.200   -106.800    1    1   0.015    1.000    1.000    1.000    0.00  0.0000E+00
  13    -14.400   -105.600    1    1   0.015    1.000    1.000    1.000    0.00  0.0000E+00
  14    -15.600   -104.400    1    1   0.015    1.000    1.000    1.000    0.00  0.0000E+00
  15    -16.800   -103.200    1    1   0.014    1.000    1.000    1.000    0.00  0.0000E+00
  16    -18.000   -102.000    1    1   0.014    1.000    1.000    1.000    0.00  0.0000E+00
  17    -19.200   -100.800    1    1   0.014    1.000    1.000    1.000    0.00  0.0000E+00
  18    -20.400    -99.600    1    1   0.014    1.000    1.000    1.000    0.00  0.0000E+00
  19    -21.600    -98.400    1    1   0.014    1.000    1.000    1.000    0.00  0.0000E+00
  20    -22.800    -97.200    1    1   0.014    1.000    1.000    1.000    0.00  0.0000E+00
  21    -24.000    -96.000    1    1   0.013    1.000    1.000    1.000    0.00  0.0000E+00
  22    -25.200    -94.800    1    1   0.013    1.000    1.000    1.000    0.00  0.0000E+00
  23    -26.400    -93.600    1    1   0.013    1.000    1.000    1.000    0.00  0.0000E+00
  24    -27.600    -92.400    1    1   0.013    1.000    1.000    1.000    0.00  0.0000E+00
  25    -28.800    -91.200    1    1   0.013    1.000    1.000    1.000    0.00  0.0000E+00
  26    -30.000    -90.000    1    1   0.013    1.000    1.000    1.000    0.00  0.0000E+00
  27    -31.200    -88.800    1    1   0.012    1.000    1.000    1.000    0.00  0.0000E+00
  28    -32.400    -87.600    1    1   0.012    1.000    1.000    1.000    0.00  0.0000E+00
  29    -33.600    -86.400    1    1   0.012    1.000    1.000    1.000    0.00  0.0000E+00
  30    -34.800    -85.200    1    1   0.012    1.000    1.000    1.000    0.00  0.0000E+00
  31    -36.000    -84.000    2    2   0.012    1.000    1.000    1.000    0.00  0.0000E+00
  32    -37.200    -82.800    2    2   0.012    1.000    1.000    1.000    0.00  0.0000E+00
  33    -38.400    -81.600    2    2   0.011    1.000    1.000    1.000    0.00  0.0000E+00
  34    -39.600    -80.400    2    2   0.011    1.000    1.000    1.000    0.00  0.0000E+00
  35    -40.800    -79.200    2    2   0.011    1.000    1.000    1.000    0.00  0.0000E+00
  36    -42.000    -78.000    2    2   0.011    1.000    1.000    1.000    0.00  0.0000E+00
  37    -43.200    -76.800    2    2   0.011    1.000    1.000    1.000    0.00  0.0000E+00
  38    -44.400    -75.600    2    2   0.011    1.000    1.000    1.000    0.00  0.0000E+00
  39    -45.600    -74.400    2    2   0.010    1.000    1.000    1.000    0.00  0.0000E+00
  40    -46.800    -73.200    2    2   0.010    1.000    1.000    1.000    0.00  0.0000E+00
  41    -48.000    -72.000    2    2   0.010    1.000    1.000    1.000    0.00  0.0000E+00
  42    -49.200    -70.800    2    2   0.010    1.000    1.000    1.000    0.00  0.0000E+00
  43    -50.400    -69.600    2    2   0.010    1.000    1.000    1.000    0.00  0.0000E+00
  44    -51.600    -68.400    2    2   0.010    1.000    1.000    1.000    0.00  0.0000E+00
  45    -52.800    -67.200    2    2   0.009    1.000    1.000    1.000    0.00  0.0000E+00
  46    -54.000    -66.000    2    2   0.009    1.000    1.000    1.000    0.00  0.0000E+00
  47    -55.200    -64.800    2    2   0.009    1.000    1.000    1.000    0.00  0.0000E+00
  48    -56.400    -63.600    2    2   0.009    1.000    1.000    1.000    0.00  0.0000E+00
  49    -57.600    -62.400    2    2   0.009    1.000    1.000    1.000    0.00  0.0000E+00
  50    -58.800    -61.200    2    2   0.009    1.000    1.000    1.000    0.00  0.0000E+00
  51    -60.000    -60.000    2    2   0.008    1.000    1.000    1.000    0.00  0.0000E+00
  52    -61.200    -58.800    2    2   0.008    1.000    1.000    1.000    0.00  0.0000E+00
  53    -62.400    -57.600    2    2   0.008    1.000    1.000    1.000    0.00  0.0000E+00
  54    -63.600    -56.400    2    2   0.008    1.000    1.000    1.000    0.00  0.0000E+00
  55    -64.800    -55.200    2    2   0.008    1.000    1.000    1.000    0.00  0.0000E+00
  56    -66.000    -54.000    2    2   0.008    1.000    1.000    1.000    0.00  0.0000E+00
  57    -67.200    -52.800    2    2   0.007    1.000    1.000    1.000    0.00  0.0000E+00
  58    -68.400    -51.600    2    2   0.007    1.000    1.000    1.000    0.00  0.0000E+00
  59    -69.600    -50.400    2    2   0.007    1.000    1.000    1.000    0.00  0.0000E+00
  60    -70.800    -49.200    2    2   0.007    1.000    1.000    1.000    0.00  0.0000E+00
  61    -72.000    -48.000    2    2   0.007    1.000    1.000    1.000    0.00  0.0000E+00
  62    -73.200    -46.800    2    2   0.007    1.000    1.000    1.000    0.00  0.0000E+00
  63    -74.400    -45.600    2    2   0.006    1.000    1.000    1.000    0.00  0.0000E+00
  64    -75.600    -44.400    2    2   0.006    1.000    1.000    1.000    0.00  0.0000E+00
  65    -76.800    -43.200    2    2   0.006    1.000    1.000    1.000    0.00  0.0000E+00
  66    -78.000    -42.000    2    2   0.006    1.000    1.000    1.000    0.00  0.0000E+00
  67    -79.200    -40.800    2    2   0.006    1.000    1.000    1.000    0.00  0.0000E+00
  68    -80.400    -39.600    2    2   0.006    1.000    1.000    1.000    0.00  0.0000E+00
  69    -81.600    -38.400    2    2   0.005    1.000    1.000    1.000    0.00  0.0000E+00
  70    -82.800    -37.200    2    2   0.005    1.000    1.000    1.000    0.00  0.0000E+00
  71    -84.000    -36.000    2    2   0.005    1.000    1.000    1.000    0.00  0.0000E+00
  72    -85.200    -34.800    2    2   0.005    1.000    1.000    1.000    0.00  0.0000E+00
  73    -86.400    -33.600    2    2   0.005    1.000    1.000    1.000    0.00  0.0000E+00
  74    -87.600    -32.400    2    2   0.005    1.000    1.000    1.000    0.00  0.0000E+00
  75    -88.800    -31.200    2    2   0.004    1.000    1.000    1.000    0.00  0.0000E+00
  76    -90.000    -30.000    2    2   0.004    1.000    1.000    1.000    0.00  0.0000E+00
  77    -91.200    -28.800    2    2   0.004    1.000    1.000    1.000    0.00  0.0000E+00
  78    -92.400    -27.600    2    2   0.004    1.000    1.000    1.000    0.00  0.0000E+00
  79    -93.600    -26.400    2    2   0.004    1.000    1.000    1.000    0.00  0.0000E+00
  80    -94.800    -25.200    2    2   0.004    1.000    1.000    1.000    0.00  0.0000E+00
  81    -96.000    -24.000    2    2   0.003    1.000    1.000    1.000    0.00  0.0000E+00
  82    -97.200    -22.800    2    2   0.003    1.000    1.000    1.000    0.00  0.0000E+00
  83    -98.400    -21.600    2    2   0.003    1.000    1.000    1.000    0.00  0.0000E+00
  84    -99.600    -20.400    2    2   0.003    1.000    1.000    1.000    0.00  0.0000E+00
  85   -100.800    -19.200    2    2   0.003    1.000    1.000    1.000    0.00  0.0000E+00
  86   -102.000    -18.000    2    2   0.003    1.000    1.000    1.000    0.00  0.0000E+00
  87   -103.200    -16.800    2    2   0.002    1.000    1.000    1.000    0.00  0.0000E+00
  88   -104.400    -15.600    2    2   0.002    1.000    1.000    1.000    0.00  0.0000E+00
  89   -105.600    -14.400    2    2   0.002    1.000    1.000    1.000    0.00  0.0000E+00
  90   -106.800    -13.200    2    2   0.002    1.000    1.000    1.000    0.00  0.0000E+00
  91   -108.000    -12.000    2    2   0.002    1.000    1.000    1.000    0.00  0.0000E+00
  92   -109.200    -10.800    2    2   0.002    1.000    1.000    1.000    0.00  0.0000E+00
  93   -110.400     -9.600    2    2   0.001    1.000    1.000    1.000    0.00  0.0000E+00
  94   -111.600     -8.400    2    2   0.001    1.000    1.000    1.000    0.00  0.0000E+00
  95   -112.800     -7.200    2    2   0.001    1.000    1.000    1.000    0.00  0.0000E+00
  96   -114.000     -6.000    2    2   0.001    1.000    1.000    1.000    0.00  0.0000E+00
  97   -115.200     -4.800    2    2   0.001    1.000    1.000    1.000    0.00  0.0000E+00
  98   -116.400     -3.600    2    2   0.001    1.000    1.000    1.000    0.00  0.0000E+00
  99   -117.600     -2.400    2    2   0.000    1.000    1.000    1.000    0.00  0.0000E+00
 100   -118.800     -1.200    2    2   0.000    1.000    1.000    1.000    0.00  0.0000E+00
 101   -120.000      0.000    2    2   0.000    1.000    1.000    1.000    0.00  0.0000E+00
end

 Number of species in the chain :   1


MatNum, Param. array:

   Mat     Qr     Qs        Alfa         n          Ks      l

    1    0.063  0.401   0.138E-01   0.144E+01   0.104E+02  0.500
    2    0.074  0.412   0.169E-01   0.138E+01   0.700E+01  0.500

       Table of Hydraulic Properties which are interpolated in simulation
       =================================================================

  theta         h        log h        C             K        log K          S          Kv
 
  0.4010  -0.100E-05 -0.6000E+01  0.7142E-06  0.1043E+02  0.1018E+01    1.0000  0.0000E+00
  0.4010  -0.126E-05 -0.5899E+01  0.7911E-06  0.1043E+02  0.1018E+01    1.0000  0.0000E+00
  0.4010  -0.159E-05 -0.5798E+01  0.8764E-06  0.1043E+02  0.1018E+01    1.0000  0.0000E+00
  0.4010  -0.201E-05 -0.5697E+01  0.9708E-06  0.1043E+02  0.1018E+01    1.0000  0.0000E+00
  0.4010  -0.254E-05 -0.5596E+01  0.1075E-05  0.1043E+02  0.1018E+01    1.0000  0.0000E+00
  0.4010  -0.320E-05 -0.5495E+01  0.1191E-05  0.1043E+02  0.1018E+01    1.0000  0.0000E+00
  0.4010  -0.404E-05 -0.5394E+01  0.1320E-05  0.1043E+02  0.1018E+01    1.0000  0.0000E+00
  0.4010  -0.509E-05 -0.5293E+01  0.1462E-05  0.1043E+02  0.1018E+01    1.0000  0.0000E+00
  0.4010  -0.643E-05 -0.5192E+01  0.1619E-05  0.1042E+02  0.1018E+01    1.0000  0.0000E+00
  0.4010  -0.811E-05 -0.5091E+01  0.1794E-05  0.1042E+02  0.1018E+01    1.0000  0.0000E+00
  0.4010  -0.102E-04 -0.4990E+01  0.1987E-05  0.1042E+02  0.1018E+01    1.0000  0.0000E+00
  0.4010  -0.129E-04 -0.4889E+01  0.2201E-05  0.1042E+02  0.1018E+01    1.0000  0.0000E+00
  0.4010  -0.163E-04 -0.4788E+01  0.2439E-05  0.1042E+02  0.1018E+01    1.0000  0.0000E+00
  0.4010  -0.206E-04 -0.4687E+01  0.2701E-05  0.1041E+02  0.1018E+01    1.0000  0.0000E+00
  0.4010  -0.260E-04 -0.4586E+01  0.2992E-05  0.1041E+02  0.1017E+01    1.0000  0.0000E+00
  0.4010  -0.327E-04 -0.4485E+01  0.3315E-05  0.1041E+02  0.1017E+01    1.0000  0.0000E+00
  0.4010  -0.413E-04 -0.4384E+01  0.3672E-05  0.1040E+02  0.1017E+01    1.0000  0.0000E+00
  0.4010  -0.521E-04 -0.4283E+01  0.4068E-05  0.1040E+02  0.1017E+01    1.0000  0.0000E+00
  0.4010  -0.658E-04 -0.4182E+01  0.4506E-05  0.1039E+02  0.1017E+01    1.0000  0.0000E+00
  0.4010  -0.830E-04 -0.4081E+01  0.4992E-05  0.1039E+02  0.1017E+01    1.0000  0.0000E+00
  0.4010  -0.105E-03 -0.3980E+01  0.5529E-05  0.1038E+02  0.1016E+01    1.0000  0.0000E+00
  0.4010  -0.132E-03 -0.3879E+01  0.6125E-05  0.1038E+02  0.1016E+01    1.0000  0.0000E+00
  0.4010  -0.167E-03 -0.3778E+01  0.6785E-05  0.1037E+02  0.1016E+01    1.0000  0.0000E+00
  0.4010  -0.210E-03 -0.3677E+01  0.7517E-05  0.1036E+02  0.1016E+01    1.0000  0.0000E+00
  0.4010  -0.266E-03 -0.3576E+01  0.8326E-05  0.1036E+02  0.1015E+01    1.0000  0.0000E+00
  0.4010  -0.335E-03 -0.3475E+01  0.9224E-05  0.1035E+02  0.1015E+01    1.0000  0.0000E+00
  0.4010  -0.423E-03 -0.3374E+01  0.1022E-04  0.1034E+02  0.1014E+01    1.0000  0.0000E+00
  0.4010  -0.534E-03 -0.3273E+01  0.1132E-04  0.1033E+02  0.1014E+01    1.0000  0.0000E+00
  0.4010  -0.673E-03 -0.3172E+01  0.1254E-04  0.1031E+02  0.1013E+01    1.0000  0.0000E+00
  0.4010  -0.850E-03 -0.3071E+01  0.1389E-04  0.1030E+02  0.1013E+01    1.0000  0.0000E+00
  0.4010  -0.107E-02 -0.2970E+01  0.1539E-04  0.1028E+02  0.1012E+01    1.0000  0.0000E+00
  0.4010  -0.135E-02 -0.2869E+01  0.1704E-04  0.1027E+02  0.1011E+01    1.0000  0.1352E-30
  0.4010  -0.171E-02 -0.2768E+01  0.1888E-04  0.1025E+02  0.1011E+01    1.0000  0.1352E-30
  0.4010  -0.215E-02 -0.2667E+01  0.2092E-04  0.1023E+02  0.1010E+01    1.0000  0.1352E-30
  0.4010  -0.272E-02 -0.2566E+01  0.2317E-04  0.1021E+02  0.1009E+01    1.0000  0.1352E-30
  0.4010  -0.343E-02 -0.2465E+01  0.2567E-04  0.1018E+02  0.1008E+01    1.0000  0.1363E-29
  0.4010  -0.433E-02 -0.2364E+01  0.2843E-04  0.1015E+02  0.1007E+01    1.0000  0.5265E-29
  0.4010  -0.546E-02 -0.2263E+01  0.3149E-04  0.1012E+02  0.1005E+01    1.0000  0.1374E-28
  0.4010  -0.689E-02 -0.2162E+01  0.3489E-04  0.1009E+02  0.1004E+01    1.0000  0.5306E-28
  0.4010  -0.870E-02 -0.2061E+01  0.3865E-04  0.1005E+02  0.1002E+01    1.0000  0.1384E-27
  0.4010  -0.110E-01 -0.1960E+01  0.4281E-04  0.1001E+02  0.1000E+01    1.0000  0.4002E-27
  0.4010  -0.138E-01 -0.1859E+01  0.4743E-04  0.9963E+01  0.9984E+00    1.0000  0.1125E-26
  0.4010  -0.175E-01 -0.1758E+01  0.5254E-04  0.9912E+01  0.9962E+00    1.0000  0.3454E-26
  0.4010  -0.221E-01 -0.1657E+01  0.5820E-04  0.9856E+01  0.9937E+00    1.0000  0.1134E-25
  0.4010  -0.278E-01 -0.1556E+01  0.6447E-04  0.9794E+01  0.9910E+00    1.0000  0.3482E-25
  0.4010  -0.351E-01 -0.1455E+01  0.7141E-04  0.9726E+01  0.9879E+00    1.0000  0.1021E-24
  0.4010  -0.443E-01 -0.1354E+01  0.7911E-04  0.9651E+01  0.9846E+00    1.0000  0.3239E-24
  0.4010  -0.559E-01 -0.1253E+01  0.8763E-04  0.9567E+01  0.9808E+00    1.0000  0.9712E-24
  0.4010  -0.705E-01 -0.1152E+01  0.9707E-04  0.9476E+01  0.9766E+00    1.0000  0.3006E-23
  0.4010  -0.890E-01 -0.1051E+01  0.1075E-03  0.9374E+01  0.9719E+00    1.0000  0.9092E-23
  0.4010  -0.112E+00 -0.9495E+00  0.1191E-03  0.9263E+01  0.9668E+00    1.0000  0.2785E-22
  0.4010  -0.142E+00 -0.8485E+00  0.1319E-03  0.9140E+01  0.9610E+00    1.0000  0.8497E-22
  0.4010  -0.179E+00 -0.7475E+00  0.1462E-03  0.9006E+01  0.9545E+00    0.9999  0.2588E-21
  0.4010  -0.226E+00 -0.6465E+00  0.1619E-03  0.8857E+01  0.9473E+00    0.9999  0.7927E-21
  0.4010  -0.285E+00 -0.5455E+00  0.1793E-03  0.8694E+01  0.9392E+00    0.9999  0.2414E-20
  0.4010  -0.359E+00 -0.4444E+00  0.1986E-03  0.8516E+01  0.9302E+00    0.9999  0.7382E-20
  0.4009  -0.453E+00 -0.3434E+00  0.2199E-03  0.8320E+01  0.9201E+00    0.9998  0.2251E-19
  0.4009  -0.572E+00 -0.2424E+00  0.2436E-03  0.8106E+01  0.9088E+00    0.9997  0.6875E-19
  0.4009  -0.722E+00 -0.1414E+00  0.2697E-03  0.7872E+01  0.8961E+00    0.9996  0.2096E-18
  0.4008  -0.911E+00 -0.4040E-01  0.2985E-03  0.7617E+01  0.8818E+00    0.9994  0.6397E-18
  0.4007  -0.115E+01  0.6061E-01  0.3304E-03  0.7339E+01  0.8657E+00    0.9992  0.1950E-17
  0.4006  -0.145E+01  0.1616E+00  0.3655E-03  0.7038E+01  0.8474E+00    0.9989  0.5942E-17
  0.4005  -0.183E+01  0.2626E+00  0.4041E-03  0.6712E+01  0.8268E+00    0.9985  0.1809E-16
  0.4003  -0.231E+01  0.3636E+00  0.4465E-03  0.6360E+01  0.8034E+00    0.9979  0.5501E-16
  0.4000  -0.292E+01  0.4646E+00  0.4929E-03  0.5982E+01  0.7768E+00    0.9970  0.1670E-15
  0.3996  -0.368E+01  0.5657E+00  0.5432E-03  0.5578E+01  0.7465E+00    0.9959  0.5057E-15
  0.3990  -0.464E+01  0.6667E+00  0.5976E-03  0.5149E+01  0.7117E+00    0.9942  0.1526E-14
  0.3983  -0.586E+01  0.7677E+00  0.6556E-03  0.4696E+01  0.6717E+00    0.9920  0.4586E-14
  0.3972  -0.739E+01  0.8687E+00  0.7165E-03  0.4224E+01  0.6257E+00    0.9889  0.1369E-13
  0.3958  -0.933E+01  0.9697E+00  0.7791E-03  0.3736E+01  0.5724E+00    0.9846  0.4054E-13
  0.3938  -0.118E+02  0.1071E+01  0.8413E-03  0.3241E+01  0.5106E+00    0.9787  0.1186E-12
  0.3911  -0.148E+02  0.1172E+01  0.9001E-03  0.2746E+01  0.4387E+00    0.9708  0.3416E-12
  0.3875  -0.187E+02  0.1273E+01  0.9511E-03  0.2265E+01  0.3550E+00    0.9601  0.9632E-12
  0.3827  -0.236E+02  0.1374E+01  0.9889E-03  0.1809E+01  0.2574E+00    0.9460  0.2642E-11
  0.3765  -0.298E+02  0.1475E+01  0.1008E-02  0.1393E+01  0.1440E+00    0.9276  0.6995E-11
  0.3687  -0.376E+02  0.1576E+01  0.1001E-02  0.1029E+01  0.1259E-01    0.9044  0.1772E-10
  0.3590  -0.475E+02  0.1677E+01  0.9663E-03  0.7271E+00 -0.1384E+00    0.8756  0.4256E-10
  0.3473  -0.599E+02  0.1778E+01  0.9019E-03  0.4896E+00 -0.3101E+00    0.8412  0.9608E-10
  0.3339  -0.756E+02  0.1879E+01  0.8121E-03  0.3140E+00 -0.5030E+00    0.8014  0.2025E-09
  0.3189  -0.955E+02  0.1980E+01  0.7052E-03  0.1921E+00 -0.7165E+00    0.7570  0.3968E-09
  0.3027  -0.120E+03  0.2081E+01  0.5912E-03  0.1124E+00 -0.9491E+00    0.7092  0.7218E-09
  0.2859  -0.152E+03  0.2182E+01  0.4801E-03  0.6330E-01 -0.1199E+01    0.6595  0.1222E-08
  0.2689  -0.192E+03  0.2283E+01  0.3791E-03  0.3447E-01 -0.1463E+01    0.6093  0.1932E-08
  0.2522  -0.242E+03  0.2384E+01  0.2925E-03  0.1827E-01 -0.1738E+01    0.5598  0.2875E-08
  0.2361  -0.305E+03  0.2485E+01  0.2215E-03  0.9475E-02 -0.2023E+01    0.5121  0.4050E-08
  0.2208  -0.385E+03  0.2586E+01  0.1653E-03  0.4833E-02 -0.2316E+01    0.4669  0.5442E-08
  0.2065  -0.486E+03  0.2687E+01  0.1220E-03  0.2434E-02 -0.2614E+01    0.4246  0.7021E-08
  0.1932  -0.614E+03  0.2788E+01  0.8927E-04  0.1214E-02 -0.2916E+01    0.3853  0.8747E-08
  0.1810  -0.774E+03  0.2889E+01  0.6493E-04  0.6013E-03 -0.3221E+01    0.3492  0.1058E-07
  0.1698  -0.977E+03  0.2990E+01  0.4700E-04  0.2963E-03 -0.3528E+01    0.3161  0.1248E-07
  0.1596  -0.123E+04  0.3091E+01  0.3392E-04  0.1455E-03 -0.3837E+01    0.2859  0.1441E-07
  0.1504  -0.156E+04  0.3192E+01  0.2441E-04  0.7124E-04 -0.4147E+01    0.2585  0.1634E-07
  0.1419  -0.196E+04  0.3293E+01  0.1754E-04  0.3481E-04 -0.4458E+01    0.2336  0.1823E-07
  0.1343  -0.248E+04  0.3394E+01  0.1259E-04  0.1699E-04 -0.4770E+01    0.2110  0.2007E-07
  0.1274  -0.313E+04  0.3495E+01  0.9028E-05  0.8282E-05 -0.5082E+01    0.1906  0.2185E-07
  0.1212  -0.394E+04  0.3596E+01  0.6469E-05  0.4034E-05 -0.5394E+01    0.1721  0.2354E-07
  0.1155  -0.498E+04  0.3697E+01  0.4633E-05  0.1964E-05 -0.5707E+01    0.1554  0.2514E-07
  0.1104  -0.628E+04  0.3798E+01  0.3318E-05  0.9561E-06 -0.6020E+01    0.1403  0.2665E-07
  0.1058  -0.792E+04  0.3899E+01  0.2375E-05  0.4652E-06 -0.6332E+01    0.1267  0.2805E-07
  0.1017  -0.100E+05  0.4000E+01  0.1700E-05  0.2263E-06 -0.6645E+01    0.1144  0.2935E-07
end
 
  0.4120  -0.100E-05 -0.6000E+01  0.2491E-05  0.6984E+01  0.8441E+00    1.0000  0.0000E+00
  0.4120  -0.126E-05 -0.5899E+01  0.2720E-05  0.6982E+01  0.8440E+00    1.0000  0.0000E+00
  0.4120  -0.159E-05 -0.5798E+01  0.2970E-05  0.6981E+01  0.8439E+00    1.0000  0.0000E+00
  0.4120  -0.201E-05 -0.5697E+01  0.3243E-05  0.6979E+01  0.8438E+00    1.0000  0.0000E+00
  0.4120  -0.254E-05 -0.5596E+01  0.3541E-05  0.6977E+01  0.8437E+00    1.0000  0.0000E+00
  0.4120  -0.320E-05 -0.5495E+01  0.3867E-05  0.6975E+01  0.8435E+00    1.0000  0.0000E+00
  0.4120  -0.404E-05 -0.5394E+01  0.4222E-05  0.6973E+01  0.8434E+00    1.0000  0.0000E+00
  0.4120  -0.509E-05 -0.5293E+01  0.4610E-05  0.6970E+01  0.8432E+00    1.0000  0.0000E+00
  0.4120  -0.643E-05 -0.5192E+01  0.5034E-05  0.6967E+01  0.8431E+00    1.0000  0.0000E+00
  0.4120  -0.811E-05 -0.5091E+01  0.5496E-05  0.6964E+01  0.8429E+00    1.0000  0.0000E+00
  0.4120  -0.102E-04 -0.4990E+01  0.6001E-05  0.6961E+01  0.8427E+00    1.0000  0.0000E+00
  0.4120  -0.129E-04 -0.4889E+01  0.6553E-05  0.6958E+01  0.8425E+00    1.0000  0.0000E+00
  0.4120  -0.163E-04 -0.4788E+01  0.7155E-05  0.6954E+01  0.8422E+00    1.0000  0.0000E+00
  0.4120  -0.206E-04 -0.4687E+01  0.7813E-05  0.6949E+01  0.8419E+00    1.0000  0.0000E+00
  0.4120  -0.260E-04 -0.4586E+01  0.8531E-05  0.6945E+01  0.8417E+00    1.0000  0.0000E+00
  0.4120  -0.327E-04 -0.4485E+01  0.9315E-05  0.6940E+01  0.8413E+00    1.0000  0.0000E+00
  0.4120  -0.413E-04 -0.4384E+01  0.1017E-04  0.6934E+01  0.8410E+00    1.0000  0.0000E+00
  0.4120  -0.521E-04 -0.4283E+01  0.1111E-04  0.6928E+01  0.8406E+00    1.0000  0.0000E+00
  0.4120  -0.658E-04 -0.4182E+01  0.1213E-04  0.6922E+01  0.8402E+00    1.0000  0.0000E+00
  0.4120  -0.830E-04 -0.4081E+01  0.1324E-04  0.6914E+01  0.8398E+00    1.0000  0.0000E+00
  0.4120  -0.105E-03 -0.3980E+01  0.1446E-04  0.6907E+01  0.8393E+00    1.0000  0.0000E+00
  0.4120  -0.132E-03 -0.3879E+01  0.1579E-04  0.6898E+01  0.8387E+00    1.0000  0.0000E+00
  0.4120  -0.167E-03 -0.3778E+01  0.1724E-04  0.6889E+01  0.8381E+00    1.0000  0.0000E+00
  0.4120  -0.210E-03 -0.3677E+01  0.1882E-04  0.6879E+01  0.8375E+00    1.0000  0.0000E+00
  0.4120  -0.266E-03 -0.3576E+01  0.2055E-04  0.6867E+01  0.8368E+00    1.0000  0.0000E+00
  0.4120  -0.335E-03 -0.3475E+01  0.2244E-04  0.6855E+01  0.8360E+00    1.0000  0.0000E+00
  0.4120  -0.423E-03 -0.3374E+01  0.2450E-04  0.6842E+01  0.8352E+00    1.0000  0.0000E+00
  0.4120  -0.534E-03 -0.3273E+01  0.2675E-04  0.6828E+01  0.8343E+00    1.0000  0.0000E+00
  0.4120  -0.673E-03 -0.3172E+01  0.2921E-04  0.6812E+01  0.8333E+00    1.0000  0.0000E+00
  0.4120  -0.850E-03 -0.3071E+01  0.3189E-04  0.6795E+01  0.8322E+00    1.0000  0.1281E-30
  0.4120  -0.107E-02 -0.2970E+01  0.3482E-04  0.6776E+01  0.8310E+00    1.0000  0.1281E-30
  0.4120  -0.135E-02 -0.2869E+01  0.3803E-04  0.6756E+01  0.8297E+00    1.0000  0.1281E-30
  0.4120  -0.171E-02 -0.2768E+01  0.4152E-04  0.6733E+01  0.8282E+00    1.0000  0.1291E-29
  0.4120  -0.215E-02 -0.2667E+01  0.4534E-04  0.6709E+01  0.8267E+00    1.0000  0.1291E-29
  0.4120  -0.272E-02 -0.2566E+01  0.4950E-04  0.6683E+01  0.8250E+00    1.0000  0.4987E-29
  0.4120  -0.343E-02 -0.2465E+01  0.5405E-04  0.6654E+01  0.8231E+00    1.0000  0.2738E-28
  0.4120  -0.433E-02 -0.2364E+01  0.5902E-04  0.6623E+01  0.8210E+00    1.0000  0.5027E-28
  0.4120  -0.546E-02 -0.2263E+01  0.6444E-04  0.6588E+01  0.8188E+00    1.0000  0.1942E-27
  0.4120  -0.689E-02 -0.2162E+01  0.7036E-04  0.6551E+01  0.8163E+00    1.0000  0.5067E-27
  0.4120  -0.870E-02 -0.2061E+01  0.7683E-04  0.6511E+01  0.8136E+00    1.0000  0.1322E-26
  0.4120  -0.110E-01 -0.1960E+01  0.8389E-04  0.6467E+01  0.8107E+00    1.0000  0.3821E-26
  0.4120  -0.138E-01 -0.1859E+01  0.9160E-04  0.6419E+01  0.8074E+00    1.0000  0.1199E-25
  0.4120  -0.175E-01 -0.1758E+01  0.1000E-03  0.6367E+01  0.8039E+00    1.0000  0.3567E-25
  0.4120  -0.221E-01 -0.1657E+01  0.1092E-03  0.6310E+01  0.8000E+00    1.0000  0.1024E-24
  0.4120  -0.278E-01 -0.1556E+01  0.1192E-03  0.6248E+01  0.7958E+00    1.0000  0.2945E-24
  0.4120  -0.351E-01 -0.1455E+01  0.1302E-03  0.6181E+01  0.7911E+00    1.0000  0.8418E-24
  0.4120  -0.443E-01 -0.1354E+01  0.1422E-03  0.6109E+01  0.7859E+00    1.0000  0.2453E-23
  0.4120  -0.559E-01 -0.1253E+01  0.1552E-03  0.6030E+01  0.7803E+00    1.0000  0.7163E-23
  0.4120  -0.705E-01 -0.1152E+01  0.1695E-03  0.5944E+01  0.7741E+00    1.0000  0.2091E-22
  0.4120  -0.890E-01 -0.1051E+01  0.1850E-03  0.5851E+01  0.7673E+00    1.0000  0.6090E-22
  0.4120  -0.112E+00 -0.9495E+00  0.2020E-03  0.5751E+01  0.7597E+00    1.0000  0.1778E-21
  0.4120  -0.142E+00 -0.8485E+00  0.2206E-03  0.5642E+01  0.7515E+00    0.9999  0.5153E-21
  0.4120  -0.179E+00 -0.7475E+00  0.2408E-03  0.5525E+01  0.7423E+00    0.9999  0.1502E-20
  0.4120  -0.226E+00 -0.6465E+00  0.2629E-03  0.5398E+01  0.7322E+00    0.9999  0.4369E-20
  0.4119  -0.285E+00 -0.5455E+00  0.2870E-03  0.5261E+01  0.7211E+00    0.9998  0.1272E-19
  0.4119  -0.359E+00 -0.4444E+00  0.3133E-03  0.5114E+01  0.7088E+00    0.9998  0.3700E-19
  0.4119  -0.453E+00 -0.3434E+00  0.3419E-03  0.4955E+01  0.6951E+00    0.9997  0.1077E-18
  0.4118  -0.572E+00 -0.2424E+00  0.3731E-03  0.4785E+01  0.6799E+00    0.9995  0.3130E-18
  0.4118  -0.722E+00 -0.1414E+00  0.4071E-03  0.4603E+01  0.6630E+00    0.9994  0.9099E-18
  0.4117  -0.911E+00 -0.4040E-01  0.4440E-03  0.4408E+01  0.6442E+00    0.9991  0.2642E-17
  0.4116  -0.115E+01  0.6061E-01  0.4841E-03  0.4200E+01  0.6232E+00    0.9988  0.7673E-17
  0.4114  -0.145E+01  0.1616E+00  0.5275E-03  0.3979E+01  0.5998E+00    0.9984  0.2225E-16
  0.4112  -0.183E+01  0.2626E+00  0.5743E-03  0.3745E+01  0.5734E+00    0.9977  0.6446E-16
  0.4109  -0.231E+01  0.3636E+00  0.6246E-03  0.3498E+01  0.5438E+00    0.9969  0.1864E-15
  0.4106  -0.292E+01  0.4646E+00  0.6783E-03  0.3239E+01  0.5103E+00    0.9957  0.5375E-15
  0.4100  -0.368E+01  0.5657E+00  0.7351E-03  0.2968E+01  0.4725E+00    0.9941  0.1545E-14
  0.4093  -0.464E+01  0.6667E+00  0.7945E-03  0.2689E+01  0.4295E+00    0.9919  0.4421E-14
  0.4083  -0.586E+01  0.7677E+00  0.8555E-03  0.2402E+01  0.3806E+00    0.9890  0.1257E-13
  0.4069  -0.739E+01  0.8687E+00  0.9166E-03  0.2112E+01  0.3246E+00    0.9849  0.3544E-13
  0.4051  -0.933E+01  0.9697E+00  0.9755E-03  0.1822E+01  0.2605E+00    0.9795  0.9881E-13
  0.4026  -0.118E+02  0.1071E+01  0.1029E-02  0.1538E+01  0.1868E+00    0.9723  0.2713E-12
  0.3994  -0.148E+02  0.1172E+01  0.1073E-02  0.1265E+01  0.1021E+00    0.9627  0.7305E-12
  0.3951  -0.187E+02  0.1273E+01  0.1102E-02  0.1010E+01  0.4472E-02    0.9501  0.1917E-11
  0.3897  -0.236E+02  0.1374E+01  0.1112E-02  0.7805E+00 -0.1076E+00    0.9340  0.4871E-11
  0.3829  -0.298E+02  0.1475E+01  0.1096E-02  0.5808E+00 -0.2360E+00    0.9138  0.1189E-10
  0.3744  -0.376E+02  0.1576E+01  0.1053E-02  0.4150E+00 -0.3820E+00    0.8889  0.2768E-10
  0.3644  -0.475E+02  0.1677E+01  0.9819E-03  0.2841E+00 -0.5466E+00    0.8592  0.6098E-10
  0.3528  -0.599E+02  0.1778E+01  0.8868E-03  0.1862E+00 -0.7301E+00    0.8248  0.1263E-09
  0.3398  -0.756E+02  0.1879E+01  0.7753E-03  0.1169E+00 -0.9321E+00    0.7863  0.2451E-09
  0.3256  -0.955E+02  0.1980E+01  0.6567E-03  0.7056E-01 -0.1151E+01    0.7444  0.4447E-09
  0.3107  -0.120E+03  0.2081E+01  0.5401E-03  0.4108E-01 -0.1386E+01    0.7004  0.7555E-09
  0.2955  -0.152E+03  0.2182E+01  0.4329E-03  0.2319E-01 -0.1635E+01    0.6553  0.1206E-08
  0.2802  -0.192E+03  0.2283E+01  0.3393E-03  0.1276E-01 -0.1894E+01    0.6102  0.1816E-08
  0.2653  -0.242E+03  0.2384E+01  0.2613E-03  0.6874E-02 -0.2163E+01    0.5660  0.2598E-08
  0.2509  -0.305E+03  0.2485E+01  0.1983E-03  0.3643E-02 -0.2439E+01    0.5233  0.3551E-08
  0.2372  -0.385E+03  0.2586E+01  0.1488E-03  0.1907E-02 -0.2720E+01    0.4827  0.4662E-08
  0.2242  -0.486E+03  0.2687E+01  0.1107E-03  0.9881E-03 -0.3005E+01    0.4445  0.5914E-08
  0.2121  -0.614E+03  0.2788E+01  0.8184E-04  0.5083E-03 -0.3294E+01    0.4087  0.7282E-08
  0.2009  -0.774E+03  0.2889E+01  0.6020E-04  0.2601E-03 -0.3585E+01    0.3754  0.8740E-08
  0.1904  -0.977E+03  0.2990E+01  0.4413E-04  0.1326E-03 -0.3878E+01    0.3445  0.1026E-07
  0.1808  -0.123E+04  0.3091E+01  0.3226E-04  0.6737E-04 -0.4172E+01    0.3160  0.1183E-07
  0.1719  -0.156E+04  0.3192E+01  0.2354E-04  0.3416E-04 -0.4466E+01    0.2897  0.1340E-07
  0.1638  -0.196E+04  0.3293E+01  0.1715E-04  0.1729E-04 -0.4762E+01    0.2656  0.1498E-07
  0.1563  -0.248E+04  0.3394E+01  0.1248E-04  0.8745E-05 -0.5058E+01    0.2434  0.1654E-07
  0.1494  -0.313E+04  0.3495E+01  0.9076E-05  0.4418E-05 -0.5355E+01    0.2230  0.1806E-07
  0.1430  -0.394E+04  0.3596E+01  0.6597E-05  0.2231E-05 -0.5652E+01    0.2043  0.1954E-07
  0.1372  -0.498E+04  0.3697E+01  0.4793E-05  0.1126E-05 -0.5948E+01    0.1871  0.2097E-07
  0.1319  -0.628E+04  0.3798E+01  0.3481E-05  0.5681E-06 -0.6246E+01    0.1714  0.2233E-07
  0.1271  -0.792E+04  0.3899E+01  0.2528E-05  0.2866E-06 -0.6543E+01    0.1570  0.2362E-07
  0.1226  -0.100E+05  0.4000E+01  0.1836E-05  0.1445E-06 -0.6840E+01    0.1438  0.2484E-07
end


 Solute transport information
 ============================

 Upstream weighting finite-element method


 lTDep     lWDep     cTolA     cTolR   MaxItC
  F        0    0.000E+00    0.0000      1


 Mat.     Bulk.D.    DispL    Fraction  Immobile WC
  1       1.5000   11.9500    1.0000    0.0000
  2       1.5000   11.9500    1.0000    0.0000

    Dif.w.      Dif.g.   -------------------------------------------------- ( 1.solute)
  0.1000E+01  0.0000E+00
 Mat.     KS         Nu         Beta      Henry  SinkL1     SinkS1     SinkG1     SinkL1`    SinkS1`    SinkG1`  SinkL0     SinkS0     SinkG0      Alfa
   1 0.6700E+01 0.0000E+00 0.1000E+01 0.0000E+00 0.0000E+00 0.0000E+00 0.0000E+00 0.0000E+00 0.0000E+00 0.0000E+00 0.0000E+00 0.0000E+00 0.0000E+00 0.0000E+00

 No adsorption or linear adsorp. isotherm for material  1
   2 0.5760E+01 0.0000E+00 0.1000E+01 0.0000E+00 0.0000E+00 0.0000E+00 0.0000E+00 0.0000E+00 0.0000E+00 0.0000E+00 0.0000E+00 0.0000E+00 0.0000E+00 0.0000E+00

 No adsorption or linear adsorp. isotherm for material  2

 kTopCh      cTop(1...NS)
  -1        0.000E+00

 kBotCh      cBot(1...NS)
   1        0.000E+00

 tPulse =          7300.000
