 ******* Program HYDRUS
 ******* 
 Welcome to HYDRUS-1D                                                    
 Date:  26. 3.2026    Time:   3: 9:11
 Units: L = cm   , T = days , M = micro


    n      depth     THr       THs       hs       Ks        Ks/KsTop     Beta      Ah        AK        ATh

    1      0.00     0.063     0.401       0.0   0.104E+02     1.000     0.017     1.000     1.000     1.000
    2      1.20     0.063     0.401       0.0   0.104E+02     1.000     0.017     1.000     1.000     1.000
    3      2.40     0.063     0.401       0.0   0.104E+02     1.000     0.016     1.000     1.000     1.000
    4      3.60     0.063     0.401       0.0   0.104E+02     1.000     0.016     1.000     1.000     1.000
    5      4.80     0.063     0.401       0.0   0.104E+02     1.000     0.016     1.000     1.000     1.000
    6      6.00     0.063     0.401       0.0   0.104E+02     1.000     0.016     1.000     1.000     1.000
    7      7.20     0.063     0.401       0.0   0.104E+02     1.000     0.016     1.000     1.000     1.000
    8      8.40     0.063     0.401       0.0   0.104E+02     1.000     0.016     1.000     1.000     1.000
    9      9.60     0.063     0.401       0.0   0.104E+02     1.000     0.015     1.000     1.000     1.000
   10     10.80     0.063     0.401       0.0   0.104E+02     1.000     0.015     1.000     1.000     1.000
   11     12.00     0.063     0.401       0.0   0.104E+02     1.000     0.015     1.000     1.000     1.000
   12     13.20     0.063     0.401       0.0   0.104E+02     1.000     0.015     1.000     1.000     1.000
   13     14.40     0.063     0.401       0.0   0.104E+02     1.000     0.015     1.000     1.000     1.000
   14     15.60     0.063     0.401       0.0   0.104E+02     1.000     0.015     1.000     1.000     1.000
   15     16.80     0.063     0.401       0.0   0.104E+02     1.000     0.014     1.000     1.000     1.000
   16     18.00     0.063     0.401       0.0   0.104E+02     1.000     0.014     1.000     1.000     1.000
   17     19.20     0.063     0.401       0.0   0.104E+02     1.000     0.014     1.000     1.000     1.000
   18     20.40     0.063     0.401       0.0   0.104E+02     1.000     0.014     1.000     1.000     1.000
   19     21.60     0.063     0.401       0.0   0.104E+02     1.000     0.014     1.000     1.000     1.000
   20     22.80     0.063     0.401       0.0   0.104E+02     1.000     0.014     1.000     1.000     1.000
   21     24.00     0.063     0.401       0.0   0.104E+02     1.000     0.013     1.000     1.000     1.000
   22     25.20     0.063     0.401       0.0   0.104E+02     1.000     0.013     1.000     1.000     1.000
   23     26.40     0.063     0.401       0.0   0.104E+02     1.000     0.013     1.000     1.000     1.000
   24     27.60     0.063     0.401       0.0   0.104E+02     1.000     0.013     1.000     1.000     1.000
   25     28.80     0.063     0.401       0.0   0.104E+02     1.000     0.013     1.000     1.000     1.000
   26     30.00     0.063     0.401       0.0   0.104E+02     1.000     0.013     1.000     1.000     1.000
   27     31.20     0.063     0.401       0.0   0.104E+02     1.000     0.012     1.000     1.000     1.000
   28     32.40     0.063     0.401       0.0   0.104E+02     1.000     0.012     1.000     1.000     1.000
   29     33.60     0.063     0.401       0.0   0.104E+02     1.000     0.012     1.000     1.000     1.000
   30     34.80     0.063     0.401       0.0   0.104E+02     1.000     0.012     1.000     1.000     1.000
   31     36.00     0.074     0.412       0.0   0.700E+01     0.670     0.012     1.000     1.000     1.000
   32     37.20     0.074     0.412       0.0   0.700E+01     0.670     0.012     1.000     1.000     1.000
   33     38.40     0.074     0.412       0.0   0.700E+01     0.670     0.011     1.000     1.000     1.000
   34     39.60     0.074     0.412       0.0   0.700E+01     0.670     0.011     1.000     1.000     1.000
   35     40.80     0.074     0.412       0.0   0.700E+01     0.670     0.011     1.000     1.000     1.000
   36     42.00     0.074     0.412       0.0   0.700E+01     0.670     0.011     1.000     1.000     1.000
   37     43.20     0.074     0.412       0.0   0.700E+01     0.670     0.011     1.000     1.000     1.000
   38     44.40     0.074     0.412       0.0   0.700E+01     0.670     0.011     1.000     1.000     1.000
   39     45.60     0.074     0.412       0.0   0.700E+01     0.670     0.010     1.000     1.000     1.000
   40     46.80     0.074     0.412       0.0   0.700E+01     0.670     0.010     1.000     1.000     1.000
   41     48.00     0.074     0.412       0.0   0.700E+01     0.670     0.010     1.000     1.000     1.000
   42     49.20     0.074     0.412       0.0   0.700E+01     0.670     0.010     1.000     1.000     1.000
   43     50.40     0.074     0.412       0.0   0.700E+01     0.670     0.010     1.000     1.000     1.000
   44     51.60     0.074     0.412       0.0   0.700E+01     0.670     0.010     1.000     1.000     1.000
   45     52.80     0.074     0.412       0.0   0.700E+01     0.670     0.009     1.000     1.000     1.000
   46     54.00     0.074     0.412       0.0   0.700E+01     0.670     0.009     1.000     1.000     1.000
   47     55.20     0.074     0.412       0.0   0.700E+01     0.670     0.009     1.000     1.000     1.000
   48     56.40     0.074     0.412       0.0   0.700E+01     0.670     0.009     1.000     1.000     1.000
   49     57.60     0.074     0.412       0.0   0.700E+01     0.670     0.009     1.000     1.000     1.000
   50     58.80     0.074     0.412       0.0   0.700E+01     0.670     0.009     1.000     1.000     1.000
   51     60.00     0.074     0.412       0.0   0.700E+01     0.670     0.008     1.000     1.000     1.000
   52     61.20     0.074     0.412       0.0   0.700E+01     0.670     0.008     1.000     1.000     1.000
   53     62.40     0.074     0.412       0.0   0.700E+01     0.670     0.008     1.000     1.000     1.000
   54     63.60     0.074     0.412       0.0   0.700E+01     0.670     0.008     1.000     1.000     1.000
   55     64.80     0.074     0.412       0.0   0.700E+01     0.670     0.008     1.000     1.000     1.000
   56     66.00     0.074     0.412       0.0   0.700E+01     0.670     0.008     1.000     1.000     1.000
   57     67.20     0.074     0.412       0.0   0.700E+01     0.670     0.007     1.000     1.000     1.000
   58     68.40     0.074     0.412       0.0   0.700E+01     0.670     0.007     1.000     1.000     1.000
   59     69.60     0.074     0.412       0.0   0.700E+01     0.670     0.007     1.000     1.000     1.000
   60     70.80     0.074     0.412       0.0   0.700E+01     0.670     0.007     1.000     1.000     1.000
   61     72.00     0.074     0.412       0.0   0.700E+01     0.670     0.007     1.000     1.000     1.000
   62     73.20     0.074     0.412       0.0   0.700E+01     0.670     0.007     1.000     1.000     1.000
   63     74.40     0.074     0.412       0.0   0.700E+01     0.670     0.006     1.000     1.000     1.000
   64     75.60     0.074     0.412       0.0   0.700E+01     0.670     0.006     1.000     1.000     1.000
   65     76.80     0.074     0.412       0.0   0.700E+01     0.670     0.006     1.000     1.000     1.000
   66     78.00     0.074     0.412       0.0   0.700E+01     0.670     0.006     1.000     1.000     1.000
   67     79.20     0.074     0.412       0.0   0.700E+01     0.670     0.006     1.000     1.000     1.000
   68     80.40     0.074     0.412       0.0   0.700E+01     0.670     0.006     1.000     1.000     1.000
   69     81.60     0.074     0.412       0.0   0.700E+01     0.670     0.005     1.000     1.000     1.000
   70     82.80     0.074     0.412       0.0   0.700E+01     0.670     0.005     1.000     1.000     1.000
   71     84.00     0.074     0.412       0.0   0.700E+01     0.670     0.005     1.000     1.000     1.000
   72     85.20     0.074     0.412       0.0   0.700E+01     0.670     0.005     1.000     1.000     1.000
   73     86.40     0.074     0.412       0.0   0.700E+01     0.670     0.005     1.000     1.000     1.000
   74     87.60     0.074     0.412       0.0   0.700E+01     0.670     0.005     1.000     1.000     1.000
   75     88.80     0.074     0.412       0.0   0.700E+01     0.670     0.004     1.000     1.000     1.000
   76     90.00     0.074     0.412       0.0   0.700E+01     0.670     0.004     1.000     1.000     1.000
   77     91.20     0.074     0.412       0.0   0.700E+01     0.670     0.004     1.000     1.000     1.000
   78     92.40     0.074     0.412       0.0   0.700E+01     0.670     0.004     1.000     1.000     1.000
   79     93.60     0.074     0.412       0.0   0.700E+01     0.670     0.004     1.000     1.000     1.000
   80     94.80     0.074     0.412       0.0   0.700E+01     0.670     0.004     1.000     1.000     1.000
   81     96.00     0.074     0.412       0.0   0.700E+01     0.670     0.003     1.000     1.000     1.000
   82     97.20     0.074     0.412       0.0   0.700E+01     0.670     0.003     1.000     1.000     1.000
   83     98.40     0.074     0.412       0.0   0.700E+01     0.670     0.003     1.000     1.000     1.000
   84     99.60     0.074     0.412       0.0   0.700E+01     0.670     0.003     1.000     1.000     1.000
   85    100.80     0.074     0.412       0.0   0.700E+01     0.670     0.003     1.000     1.000     1.000
   86    102.00     0.074     0.412       0.0   0.700E+01     0.670     0.003     1.000     1.000     1.000
   87    103.20     0.074     0.412       0.0   0.700E+01     0.670     0.002     1.000     1.000     1.000
   88    104.40     0.074     0.412       0.0   0.700E+01     0.670     0.002     1.000     1.000     1.000
   89    105.60     0.074     0.412       0.0   0.700E+01     0.670     0.002     1.000     1.000     1.000
   90    106.80     0.074     0.412       0.0   0.700E+01     0.670     0.002     1.000     1.000     1.000
   91    108.00     0.074     0.412       0.0   0.700E+01     0.670     0.002     1.000     1.000     1.000
   92    109.20     0.074     0.412       0.0   0.700E+01     0.670     0.002     1.000     1.000     1.000
   93    110.40     0.074     0.412       0.0   0.700E+01     0.670     0.001     1.000     1.000     1.000
   94    111.60     0.074     0.412       0.0   0.700E+01     0.670     0.001     1.000     1.000     1.000
   95    112.80     0.074     0.412       0.0   0.700E+01     0.670     0.001     1.000     1.000     1.000
   96    114.00     0.074     0.412       0.0   0.700E+01     0.670     0.001     1.000     1.000     1.000
   97    115.20     0.074     0.412       0.0   0.700E+01     0.670     0.001     1.000     1.000     1.000
   98    116.40     0.074     0.412       0.0   0.700E+01     0.670     0.001     1.000     1.000     1.000
   99    117.60     0.074     0.412       0.0   0.700E+01     0.670     0.000     1.000     1.000     1.000
  100    118.80     0.074     0.412       0.0   0.700E+01     0.670     0.000     1.000     1.000     1.000
  101    120.00     0.074     0.412       0.0   0.700E+01     0.670     0.000     1.000     1.000     1.000
end
