 ******* Program HYDRUS
 ******* 
 Welcome to HYDRUS-1D                                                    
 Date:  26. 3.2026    Time:   3: 9:11
 Units: L = cm   , T = days , M = micro


    TLevel      Time           dt     ItrW ItrC    ItCum  KodT  KodB Converg  Peclet   Courant

        1  0.1000000E+00  0.10000E+00    4    1        4    -4     1     T     0.097     0.002
       11  0.1995230E+01  0.28561E+00    3    1       37    -4     1     T     0.097     0.007
       21  0.1029242E+02  0.10000E+01    2    1       64    -4     1     T     0.096     0.025
       31  0.2029242E+02  0.10000E+01    2    1       84    -4     1     T     0.096     0.025
       41  0.3029242E+02  0.10000E+01    2    1      104    -4     1     T     0.096     0.025
       51  0.4029242E+02  0.10000E+01    2    1      124    -4     1     T     0.096     0.025
       61  0.5029242E+02  0.10000E+01    2    1      144    -4     1     T     0.096     0.025
       71  0.6029242E+02  0.10000E+01    2    1      164    -4     1     T     0.096     0.025
       81  0.7029242E+02  0.10000E+01    2    1      184    -4     1     T     0.096     0.025
       91  0.8029242E+02  0.10000E+01    2    1      204    -4     1     T     0.096     0.025
      101  0.9029242E+02  0.10000E+01    2    1      224    -4     1     T     0.096     0.025
      111  0.1002924E+03  0.10000E+01    2    1      244    -4     1     T     0.096     0.025
      121  0.1102924E+03  0.10000E+01    2    1      264    -4     1     T     0.096     0.025
      131  0.1202924E+03  0.10000E+01    2    1      284    -4     1     T     0.096     0.025
      141  0.1302924E+03  0.10000E+01    2    1      304    -4     1     T     0.096     0.025
      151  0.1402924E+03  0.10000E+01    2    1      324    -4     1     T     0.096     0.025
      161  0.1502924E+03  0.10000E+01    2    1      344    -4     1     T     0.096     0.025
      171  0.1602924E+03  0.10000E+01    2    1      364    -4     1     T     0.096     0.025
      181  0.1702924E+03  0.10000E+01    2    1      384    -4     1     T     0.096     0.025
      191  0.1802924E+03  0.10000E+01    2    1      404    -4     1     T     0.096     0.025
      201  0.1902924E+03  0.10000E+01    2    1      424    -4     1     T     0.096     0.025
      211  0.2002924E+03  0.10000E+01    2    1      444    -4     1     T     0.096     0.025
      221  0.2102924E+03  0.10000E+01    2    1      464    -4     1     T     0.096     0.025
      231  0.2202924E+03  0.10000E+01    2    1      484    -4     1     T     0.096     0.025
      241  0.2302924E+03  0.10000E+01    2    1      504    -4     1     T     0.096     0.025
      251  0.2402924E+03  0.10000E+01    2    1      524    -4     1     T     0.096     0.025
      261  0.2502924E+03  0.10000E+01    2    1      544    -4     1     T     0.096     0.025
      271  0.2602924E+03  0.10000E+01    2    1      564    -4     1     T     0.096     0.025
      281  0.2702924E+03  0.10000E+01    2    1      584    -4     1     T     0.096     0.025
      291  0.2802924E+03  0.10000E+01    2    1      604    -4     1     T     0.096     0.025
      301  0.2902924E+03  0.10000E+01    2    1      624    -4     1     T     0.096     0.025
      311  0.3002924E+03  0.10000E+01    2    1      644    -4     1     T     0.096     0.025
      321  0.3102924E+03  0.10000E+01    2    1      664    -4     1     T     0.096     0.025
      331  0.3202924E+03  0.10000E+01    2    1      684    -4     1     T     0.096     0.025
      341  0.3302924E+03  0.10000E+01    2    1      704    -4     1     T     0.096     0.025
      351  0.3402924E+03  0.10000E+01    2    1      724    -4     1     T     0.096     0.025
      361  0.3502924E+03  0.10000E+01    2    1      744    -4     1     T     0.096     0.025
      371  0.3601462E+03  0.97076E+00    2    1      764    -4     1     T     0.096     0.024
      376  0.3650000E+03  0.97076E+00    2    1      774    -4     1     T     0.096     0.024
      381  0.3700000E+03  0.10000E+01    2    1      784    -4     1     T     0.096     0.025
      391  0.3800000E+03  0.10000E+01    2    1      804    -4     1     T     0.096     0.025
      401  0.3900000E+03  0.10000E+01    2    1      824    -4     1     T     0.096     0.025
      411  0.4000000E+03  0.10000E+01    2    1      844    -4     1     T     0.096     0.025
      421  0.4100000E+03  0.10000E+01    2    1      864    -4     1     T     0.096     0.025
      431  0.4200000E+03  0.10000E+01    2    1      884    -4     1     T     0.096     0.025
      441  0.4300000E+03  0.10000E+01    2    1      904    -4     1     T     0.096     0.025
      451  0.4400000E+03  0.10000E+01    2    1      924    -4     1     T     0.096     0.025
      461  0.4500000E+03  0.10000E+01    2    1      944    -4     1     T     0.096     0.025
      471  0.4600000E+03  0.10000E+01    2    1      964    -4     1     T     0.096     0.025
      481  0.4700000E+03  0.10000E+01    2    1      984    -4     1     T     0.096     0.025
      491  0.4800000E+03  0.10000E+01    2    1     1004    -4     1     T     0.096     0.025
      501  0.4900000E+03  0.10000E+01    2    1     1024    -4     1     T     0.096     0.025
      511  0.5000000E+03  0.10000E+01    2    1     1044    -4     1     T     0.096     0.025
      521  0.5100000E+03  0.10000E+01    2    1     1064    -4     1     T     0.096     0.025
      531  0.5200000E+03  0.10000E+01    2    1     1084    -4     1     T     0.096     0.025
      541  0.5300000E+03  0.10000E+01    2    1     1104    -4     1     T     0.096     0.025
      551  0.5400000E+03  0.10000E+01    2    1     1124    -4     1     T     0.096     0.025
      561  0.5500000E+03  0.10000E+01    2    1     1144    -4     1     T     0.096     0.025
      571  0.5600000E+03  0.10000E+01    2    1     1164    -4     1     T     0.096     0.025
      581  0.5700000E+03  0.10000E+01    2    1     1184    -4     1     T     0.096     0.025
      591  0.5800000E+03  0.10000E+01    2    1     1204    -4     1     T     0.096     0.025
      601  0.5900000E+03  0.10000E+01    2    1     1224    -4     1     T     0.096     0.025
      611  0.6000000E+03  0.10000E+01    2    1     1244    -4     1     T     0.096     0.025
      621  0.6100000E+03  0.10000E+01    2    1     1264    -4     1     T     0.096     0.025
      631  0.6200000E+03  0.10000E+01    2    1     1284    -4     1     T     0.096     0.025
      641  0.6300000E+03  0.10000E+01    2    1     1304    -4     1     T     0.096     0.025
      651  0.6400000E+03  0.10000E+01    2    1     1324    -4     1     T     0.096     0.025
      661  0.6500000E+03  0.10000E+01    2    1     1344    -4     1     T     0.096     0.025
      671  0.6600000E+03  0.10000E+01    2    1     1364    -4     1     T     0.096     0.025
      681  0.6700000E+03  0.10000E+01    2    1     1384    -4     1     T     0.096     0.025
      691  0.6800000E+03  0.10000E+01    2    1     1404    -4     1     T     0.096     0.025
      701  0.6900000E+03  0.10000E+01    2    1     1424    -4     1     T     0.096     0.025
      711  0.7000000E+03  0.10000E+01    2    1     1444    -4     1     T     0.096     0.025
      721  0.7100000E+03  0.10000E+01    2    1     1464    -4     1     T     0.096     0.025
      731  0.7200000E+03  0.10000E+01    2    1     1484    -4     1     T     0.096     0.025
      741  0.7300000E+03  0.10000E+01    2    1     1504    -4     1     T     0.096     0.025
      751  0.7400000E+03  0.10000E+01    2    1     1524    -4     1     T     0.096     0.025
      761  0.7500000E+03  0.10000E+01    2    1     1544    -4     1     T     0.096     0.025
      771  0.7600000E+03  0.10000E+01    2    1     1564    -4     1     T     0.096     0.025
      781  0.7700000E+03  0.10000E+01    2    1     1584    -4     1     T     0.096     0.025
      791  0.7800000E+03  0.10000E+01    2    1     1604    -4     1     T     0.096     0.025
      801  0.7900000E+03  0.10000E+01    2    1     1624    -4     1     T     0.096     0.025
      811  0.8000000E+03  0.10000E+01    2    1     1644    -4     1     T     0.096     0.025
      821  0.8100000E+03  0.10000E+01    2    1     1664    -4     1     T     0.096     0.025
      831  0.8200000E+03  0.10000E+01    2    1     1684    -4     1     T     0.096     0.025
      841  0.8300000E+03  0.10000E+01    2    1     1704    -4     1     T     0.096     0.025
      851  0.8400000E+03  0.10000E+01    2    1     1724    -4     1     T     0.096     0.025
      861  0.8500000E+03  0.10000E+01    2    1     1744    -4     1     T     0.096     0.025
      871  0.8600000E+03  0.10000E+01    2    1     1764    -4     1     T     0.096     0.025
      881  0.8700000E+03  0.10000E+01    2    1     1784    -4     1     T     0.096     0.025
      891  0.8800000E+03  0.10000E+01    2    1     1804    -4     1     T     0.096     0.025
      901  0.8900000E+03  0.10000E+01    2    1     1824    -4     1     T     0.096     0.025
      911  0.9000000E+03  0.10000E+01    2    1     1844    -4     1     T     0.096     0.025
      921  0.9100000E+03  0.10000E+01    2    1     1864    -4     1     T     0.096     0.025
      931  0.9200000E+03  0.10000E+01    2    1     1884    -4     1     T     0.096     0.025
      941  0.9300000E+03  0.10000E+01    2    1     1904    -4     1     T     0.096     0.025
      951  0.9400000E+03  0.10000E+01    2    1     1924    -4     1     T     0.096     0.025
      961  0.9500000E+03  0.10000E+01    2    1     1944    -4     1     T     0.096     0.025
      971  0.9600000E+03  0.10000E+01    2    1     1964    -4     1     T     0.096     0.025
      981  0.9700000E+03  0.10000E+01    2    1     1984    -4     1     T     0.096     0.025
      991  0.9800000E+03  0.10000E+01    2    1     2004    -4     1     T     0.096     0.025
     1001  0.9900000E+03  0.10000E+01    2    1     2024    -4     1     T     0.096     0.025
     1011  0.1000000E+04  0.10000E+01    2    1     2044    -4     1     T     0.096     0.025
     1021  0.1010000E+04  0.10000E+01    2    1     2064    -4     1     T     0.096     0.025
     1031  0.1020000E+04  0.10000E+01    2    1     2084    -4     1     T     0.096     0.025
     1041  0.1030000E+04  0.10000E+01    2    1     2104    -4     1     T     0.096     0.025
     1051  0.1040000E+04  0.10000E+01    2    1     2124    -4     1     T     0.096     0.025
     1061  0.1050000E+04  0.10000E+01    2    1     2144    -4     1     T     0.096     0.025
     1071  0.1060000E+04  0.10000E+01    2    1     2164    -4     1     T     0.096     0.025
     1081  0.1070000E+04  0.10000E+01    2    1     2184    -4     1     T     0.096     0.025
     1091  0.1080000E+04  0.10000E+01    2    1     2204    -4     1     T     0.096     0.025
     1101  0.1090000E+04  0.10000E+01    2    1     2224    -4     1     T     0.096     0.025
     1106  0.1095000E+04  0.10000E+01    2    1     2234    -4     1     T     0.096     0.025
     1111  0.1100000E+04  0.10000E+01    2    1     2244    -4     1     T     0.096     0.025
     1121  0.1110000E+04  0.10000E+01    2    1     2264    -4     1     T     0.096     0.025
     1131  0.1120000E+04  0.10000E+01    2    1     2284    -4     1     T     0.096     0.025
     1141  0.1130000E+04  0.10000E+01    2    1     2304    -4     1     T     0.096     0.025
     1151  0.1140000E+04  0.10000E+01    2    1     2324    -4     1     T     0.096     0.025
     1161  0.1150000E+04  0.10000E+01    2    1     2344    -4     1     T     0.096     0.025
     1171  0.1160000E+04  0.10000E+01    2    1     2364    -4     1     T     0.096     0.025
     1181  0.1170000E+04  0.10000E+01    2    1     2384    -4     1     T     0.096     0.025
     1191  0.1180000E+04  0.10000E+01    2    1     2404    -4     1     T     0.096     0.025
     1201  0.1190000E+04  0.10000E+01    2    1     2424    -4     1     T     0.096     0.025
     1211  0.1200000E+04  0.10000E+01    2    1     2444    -4     1     T     0.096     0.025
     1221  0.1210000E+04  0.10000E+01    2    1     2464    -4     1     T     0.096     0.025
     1231  0.1220000E+04  0.10000E+01    2    1     2484    -4     1     T     0.096     0.025
     1241  0.1230000E+04  0.10000E+01    2    1     2504    -4     1     T     0.096     0.025
     1251  0.1240000E+04  0.10000E+01    2    1     2524    -4     1     T     0.096     0.025
     1261  0.1250000E+04  0.10000E+01    2    1     2544    -4     1     T     0.096     0.025
     1271  0.1260000E+04  0.10000E+01    2    1     2564    -4     1     T     0.096     0.025
     1281  0.1270000E+04  0.10000E+01    2    1     2584    -4     1     T     0.096     0.025
     1291  0.1280000E+04  0.10000E+01    2    1     2604    -4     1     T     0.096     0.025
     1301  0.1290000E+04  0.10000E+01    2    1     2624    -4     1     T     0.096     0.025
     1311  0.1300000E+04  0.10000E+01    2    1     2644    -4     1     T     0.096     0.025
     1321  0.1310000E+04  0.10000E+01    2    1     2664    -4     1     T     0.096     0.025
     1331  0.1320000E+04  0.10000E+01    2    1     2684    -4     1     T     0.096     0.025
     1341  0.1330000E+04  0.10000E+01    2    1     2704    -4     1     T     0.096     0.025
     1351  0.1340000E+04  0.10000E+01    2    1     2724    -4     1     T     0.096     0.025
     1361  0.1350000E+04  0.10000E+01    2    1     2744    -4     1     T     0.096     0.025
     1371  0.1360000E+04  0.10000E+01    2    1     2764    -4     1     T     0.096     0.025
     1381  0.1370000E+04  0.10000E+01    2    1     2784    -4     1     T     0.096     0.025
     1391  0.1380000E+04  0.10000E+01    2    1     2804    -4     1     T     0.096     0.025
     1401  0.1390000E+04  0.10000E+01    2    1     2824    -4     1     T     0.096     0.025
     1411  0.1400000E+04  0.10000E+01    2    1     2844    -4     1     T     0.096     0.025
     1421  0.1410000E+04  0.10000E+01    2    1     2864    -4     1     T     0.096     0.025
     1431  0.1420000E+04  0.10000E+01    2    1     2884    -4     1     T     0.096     0.025
     1441  0.1430000E+04  0.10000E+01    2    1     2904    -4     1     T     0.096     0.025
     1451  0.1440000E+04  0.10000E+01    2    1     2924    -4     1     T     0.096     0.025
     1461  0.1450000E+04  0.10000E+01    2    1     2944    -4     1     T     0.096     0.025
     1471  0.1460000E+04  0.10000E+01    2    1     2964    -4     1     T     0.096     0.025
     1481  0.1470000E+04  0.10000E+01    2    1     2984    -4     1     T     0.096     0.025
     1491  0.1480000E+04  0.10000E+01    2    1     3004    -4     1     T     0.096     0.025
     1501  0.1490000E+04  0.10000E+01    2    1     3024    -4     1     T     0.096     0.025
     1511  0.1500000E+04  0.10000E+01    2    1     3044    -4     1     T     0.096     0.025
     1521  0.1510000E+04  0.10000E+01    2    1     3064    -4     1     T     0.096     0.025
     1531  0.1520000E+04  0.10000E+01    2    1     3084    -4     1     T     0.096     0.025
     1541  0.1530000E+04  0.10000E+01    2    1     3104    -4     1     T     0.096     0.025
     1551  0.1540000E+04  0.10000E+01    2    1     3124    -4     1     T     0.096     0.025
     1561  0.1550000E+04  0.10000E+01    2    1     3144    -4     1     T     0.096     0.025
     1571  0.1560000E+04  0.10000E+01    2    1     3164    -4     1     T     0.096     0.025
     1581  0.1570000E+04  0.10000E+01    2    1     3184    -4     1     T     0.096     0.025
     1591  0.1580000E+04  0.10000E+01    2    1     3204    -4     1     T     0.096     0.025
     1601  0.1590000E+04  0.10000E+01    2    1     3224    -4     1     T     0.096     0.025
     1611  0.1600000E+04  0.10000E+01    2    1     3244    -4     1     T     0.096     0.025
     1621  0.1610000E+04  0.10000E+01    2    1     3264    -4     1     T     0.096     0.025
     1631  0.1620000E+04  0.10000E+01    2    1     3284    -4     1     T     0.096     0.025
     1641  0.1630000E+04  0.10000E+01    2    1     3304    -4     1     T     0.096     0.025
     1651  0.1640000E+04  0.10000E+01    2    1     3324    -4     1     T     0.096     0.025
     1661  0.1650000E+04  0.10000E+01    2    1     3344    -4     1     T     0.096     0.025
     1671  0.1660000E+04  0.10000E+01    2    1     3364    -4     1     T     0.096     0.025
     1681  0.1670000E+04  0.10000E+01    2    1     3384    -4     1     T     0.096     0.025
     1691  0.1680000E+04  0.10000E+01    2    1     3404    -4     1     T     0.096     0.025
     1701  0.1690000E+04  0.10000E+01    2    1     3424    -4     1     T     0.096     0.025
     1711  0.1700000E+04  0.10000E+01    2    1     3444    -4     1     T     0.096     0.025
     1721  0.1710000E+04  0.10000E+01    2    1     3464    -4     1     T     0.096     0.025
     1731  0.1720000E+04  0.10000E+01    2    1     3484    -4     1     T     0.096     0.025
     1741  0.1730000E+04  0.10000E+01    2    1     3504    -4     1     T     0.096     0.025
     1751  0.1740000E+04  0.10000E+01    2    1     3524    -4     1     T     0.096     0.025
     1761  0.1750000E+04  0.10000E+01    2    1     3544    -4     1     T     0.096     0.025
     1771  0.1760000E+04  0.10000E+01    2    1     3564    -4     1     T     0.096     0.025
     1781  0.1770000E+04  0.10000E+01    2    1     3584    -4     1     T     0.096     0.025
     1791  0.1780000E+04  0.10000E+01    2    1     3604    -4     1     T     0.096     0.025
     1801  0.1790000E+04  0.10000E+01    2    1     3624    -4     1     T     0.096     0.025
     1811  0.1800000E+04  0.10000E+01    2    1     3644    -4     1     T     0.096     0.025
     1821  0.1810000E+04  0.10000E+01    2    1     3664    -4     1     T     0.096     0.025
     1831  0.1820000E+04  0.10000E+01    2    1     3684    -4     1     T     0.096     0.025
     1836  0.1825000E+04  0.10000E+01    2    1     3694    -4     1     T     0.096     0.025
     1841  0.1830000E+04  0.10000E+01    2    1     3704    -4     1     T     0.096     0.025
     1851  0.1840000E+04  0.10000E+01    2    1     3724    -4     1     T     0.096     0.025
     1861  0.1850000E+04  0.10000E+01    2    1     3744    -4     1     T     0.096     0.025
     1871  0.1860000E+04  0.10000E+01    2    1     3764    -4     1     T     0.096     0.025
     1881  0.1870000E+04  0.10000E+01    2    1     3784    -4     1     T     0.096     0.025
     1891  0.1880000E+04  0.10000E+01    2    1     3804    -4     1     T     0.096     0.025
     1901  0.1890000E+04  0.10000E+01    2    1     3824    -4     1     T     0.096     0.025
     1911  0.1900000E+04  0.10000E+01    2    1     3844    -4     1     T     0.096     0.025
     1921  0.1910000E+04  0.10000E+01    2    1     3864    -4     1     T     0.096     0.025
     1931  0.1920000E+04  0.10000E+01    2    1     3884    -4     1     T     0.096     0.025
     1941  0.1930000E+04  0.10000E+01    2    1     3904    -4     1     T     0.096     0.025
     1951  0.1940000E+04  0.10000E+01    2    1     3924    -4     1     T     0.096     0.025
     1961  0.1950000E+04  0.10000E+01    2    1     3944    -4     1     T     0.096     0.025
     1971  0.1960000E+04  0.10000E+01    2    1     3964    -4     1     T     0.096     0.025
     1981  0.1970000E+04  0.10000E+01    2    1     3984    -4     1     T     0.096     0.025
     1991  0.1980000E+04  0.10000E+01    2    1     4004    -4     1     T     0.096     0.025
     2001  0.1990000E+04  0.10000E+01    2    1     4024    -4     1     T     0.096     0.025
     2011  0.2000000E+04  0.10000E+01    2    1     4044    -4     1     T     0.096     0.025
     2021  0.2010000E+04  0.10000E+01    2    1     4064    -4     1     T     0.096     0.025
     2031  0.2020000E+04  0.10000E+01    2    1     4084    -4     1     T     0.096     0.025
     2041  0.2030000E+04  0.10000E+01    2    1     4104    -4     1     T     0.096     0.025
     2051  0.2040000E+04  0.10000E+01    2    1     4124    -4     1     T     0.096     0.025
     2061  0.2050000E+04  0.10000E+01    2    1     4144    -4     1     T     0.096     0.025
     2071  0.2060000E+04  0.10000E+01    2    1     4164    -4     1     T     0.096     0.025
     2081  0.2070000E+04  0.10000E+01    2    1     4184    -4     1     T     0.096     0.025
     2091  0.2080000E+04  0.10000E+01    2    1     4204    -4     1     T     0.096     0.025
     2101  0.2090000E+04  0.10000E+01    2    1     4224    -4     1     T     0.096     0.025
     2111  0.2100000E+04  0.10000E+01    2    1     4244    -4     1     T     0.096     0.025
     2121  0.2110000E+04  0.10000E+01    2    1     4264    -4     1     T     0.096     0.025
     2131  0.2120000E+04  0.10000E+01    2    1     4284    -4     1     T     0.096     0.025
     2141  0.2130000E+04  0.10000E+01    2    1     4304    -4     1     T     0.096     0.025
     2151  0.2140000E+04  0.10000E+01    2    1     4324    -4     1     T     0.096     0.025
     2161  0.2150000E+04  0.10000E+01    2    1     4344    -4     1     T     0.096     0.025
     2171  0.2160000E+04  0.10000E+01    2    1     4364    -4     1     T     0.096     0.025
     2181  0.2170000E+04  0.10000E+01    2    1     4384    -4     1     T     0.096     0.025
     2191  0.2180000E+04  0.10000E+01    2    1     4404    -4     1     T     0.096     0.025
     2201  0.2190000E+04  0.10000E+01    2    1     4424    -4     1     T     0.096     0.025
     2211  0.2200000E+04  0.10000E+01    2    1     4444    -4     1     T     0.096     0.025
     2221  0.2210000E+04  0.10000E+01    2    1     4464    -4     1     T     0.096     0.025
     2231  0.2220000E+04  0.10000E+01    2    1     4484    -4     1     T     0.096     0.025
     2241  0.2230000E+04  0.10000E+01    2    1     4504    -4     1     T     0.096     0.025
     2251  0.2240000E+04  0.10000E+01    2    1     4524    -4     1     T     0.096     0.025
     2261  0.2250000E+04  0.10000E+01    2    1     4544    -4     1     T     0.096     0.025
     2271  0.2260000E+04  0.10000E+01    2    1     4564    -4     1     T     0.096     0.025
     2281  0.2270000E+04  0.10000E+01    2    1     4584    -4     1     T     0.096     0.025
     2291  0.2280000E+04  0.10000E+01    2    1     4604    -4     1     T     0.096     0.025
     2301  0.2290000E+04  0.10000E+01    2    1     4624    -4     1     T     0.096     0.025
     2311  0.2300000E+04  0.10000E+01    2    1     4644    -4     1     T     0.096     0.025
     2321  0.2310000E+04  0.10000E+01    2    1     4664    -4     1     T     0.096     0.025
     2331  0.2320000E+04  0.10000E+01    2    1     4684    -4     1     T     0.096     0.025
     2341  0.2330000E+04  0.10000E+01    2    1     4704    -4     1     T     0.096     0.025
     2351  0.2340000E+04  0.10000E+01    2    1     4724    -4     1     T     0.096     0.025
     2361  0.2350000E+04  0.10000E+01    2    1     4744    -4     1     T     0.096     0.025
     2371  0.2360000E+04  0.10000E+01    2    1     4764    -4     1     T     0.096     0.025
     2381  0.2370000E+04  0.10000E+01    2    1     4784    -4     1     T     0.096     0.025
     2391  0.2380000E+04  0.10000E+01    2    1     4804    -4     1     T     0.096     0.025
     2401  0.2390000E+04  0.10000E+01    2    1     4824    -4     1     T     0.096     0.025
     2411  0.2400000E+04  0.10000E+01    2    1     4844    -4     1     T     0.096     0.025
     2421  0.2410000E+04  0.10000E+01    2    1     4864    -4     1     T     0.096     0.025
     2431  0.2420000E+04  0.10000E+01    2    1     4884    -4     1     T     0.096     0.025
     2441  0.2430000E+04  0.10000E+01    2    1     4904    -4     1     T     0.096     0.025
     2451  0.2440000E+04  0.10000E+01    2    1     4924    -4     1     T     0.096     0.025
     2461  0.2450000E+04  0.10000E+01    2    1     4944    -4     1     T     0.096     0.025
     2471  0.2460000E+04  0.10000E+01    2    1     4964    -4     1     T     0.096     0.025
     2481  0.2470000E+04  0.10000E+01    2    1     4984    -4     1     T     0.096     0.025
     2491  0.2480000E+04  0.10000E+01    2    1     5004    -4     1     T     0.096     0.025
     2501  0.2490000E+04  0.10000E+01    2    1     5024    -4     1     T     0.096     0.025
     2511  0.2500000E+04  0.10000E+01    2    1     5044    -4     1     T     0.096     0.025
     2521  0.2510000E+04  0.10000E+01    2    1     5064    -4     1     T     0.096     0.025
     2531  0.2520000E+04  0.10000E+01    2    1     5084    -4     1     T     0.096     0.025
     2541  0.2530000E+04  0.10000E+01    2    1     5104    -4     1     T     0.096     0.025
     2551  0.2540000E+04  0.10000E+01    2    1     5124    -4     1     T     0.096     0.025
     2561  0.2550000E+04  0.10000E+01    2    1     5144    -4     1     T     0.096     0.025
     2566  0.2555000E+04  0.10000E+01    2    1     5154    -4     1     T     0.096     0.025
     2571  0.2560000E+04  0.10000E+01    2    1     5164    -4     1     T     0.096     0.025
     2581  0.2570000E+04  0.10000E+01    2    1     5184    -4     1     T     0.096     0.025
     2591  0.2580000E+04  0.10000E+01    2    1     5204    -4     1     T     0.096     0.025
     2601  0.2590000E+04  0.10000E+01    2    1     5224    -4     1     T     0.096     0.025
     2611  0.2600000E+04  0.10000E+01    2    1     5244    -4     1     T     0.096     0.025
     2621  0.2610000E+04  0.10000E+01    2    1     5264    -4     1     T     0.096     0.025
     2631  0.2620000E+04  0.10000E+01    2    1     5284    -4     1     T     0.096     0.025
     2641  0.2630000E+04  0.10000E+01    2    1     5304    -4     1     T     0.096     0.025
     2651  0.2640000E+04  0.10000E+01    2    1     5324    -4     1     T     0.096     0.025
     2661  0.2650000E+04  0.10000E+01    2    1     5344    -4     1     T     0.096     0.025
     2671  0.2660000E+04  0.10000E+01    2    1     5364    -4     1     T     0.096     0.025
     2681  0.2670000E+04  0.10000E+01    2    1     5384    -4     1     T     0.096     0.025
     2691  0.2680000E+04  0.10000E+01    2    1     5404    -4     1     T     0.096     0.025
     2701  0.2690000E+04  0.10000E+01    2    1     5424    -4     1     T     0.096     0.025
     2711  0.2700000E+04  0.10000E+01    2    1     5444    -4     1     T     0.096     0.025
     2721  0.2710000E+04  0.10000E+01    2    1     5464    -4     1     T     0.096     0.025
     2731  0.2720000E+04  0.10000E+01    2    1     5484    -4     1     T     0.096     0.025
     2741  0.2730000E+04  0.10000E+01    2    1     5504    -4     1     T     0.096     0.025
     2751  0.2740000E+04  0.10000E+01    2    1     5524    -4     1     T     0.096     0.025
     2761  0.2750000E+04  0.10000E+01    2    1     5544    -4     1     T     0.096     0.025
     2771  0.2760000E+04  0.10000E+01    2    1     5564    -4     1     T     0.096     0.025
     2781  0.2770000E+04  0.10000E+01    2    1     5584    -4     1     T     0.096     0.025
     2791  0.2780000E+04  0.10000E+01    2    1     5604    -4     1     T     0.096     0.025
     2801  0.2790000E+04  0.10000E+01    2    1     5624    -4     1     T     0.096     0.025
     2811  0.2800000E+04  0.10000E+01    2    1     5644    -4     1     T     0.096     0.025
     2821  0.2810000E+04  0.10000E+01    2    1     5664    -4     1     T     0.096     0.025
     2831  0.2820000E+04  0.10000E+01    2    1     5684    -4     1     T     0.096     0.025
     2841  0.2830000E+04  0.10000E+01    2    1     5704    -4     1     T     0.096     0.025
     2851  0.2840000E+04  0.10000E+01    2    1     5724    -4     1     T     0.096     0.025
     2861  0.2850000E+04  0.10000E+01    2    1     5744    -4     1     T     0.096     0.025
     2871  0.2860000E+04  0.10000E+01    2    1     5764    -4     1     T     0.096     0.025
     2881  0.2870000E+04  0.10000E+01    2    1     5784    -4     1     T     0.096     0.025
     2891  0.2880000E+04  0.10000E+01    2    1     5804    -4     1     T     0.096     0.025
     2901  0.2890000E+04  0.10000E+01    2    1     5824    -4     1     T     0.096     0.025
     2911  0.2900000E+04  0.10000E+01    2    1     5844    -4     1     T     0.096     0.025
     2921  0.2910000E+04  0.10000E+01    2    1     5864    -4     1     T     0.096     0.025
     2931  0.2920000E+04  0.10000E+01    2    1     5884    -4     1     T     0.096     0.025
     2941  0.2930000E+04  0.10000E+01    2    1     5904    -4     1     T     0.096     0.025
     2951  0.2940000E+04  0.10000E+01    2    1     5924    -4     1     T     0.096     0.025
     2961  0.2950000E+04  0.10000E+01    2    1     5944    -4     1     T     0.096     0.025
     2971  0.2960000E+04  0.10000E+01    2    1     5964    -4     1     T     0.096     0.025
     2981  0.2970000E+04  0.10000E+01    2    1     5984    -4     1     T     0.096     0.025
     2991  0.2980000E+04  0.10000E+01    2    1     6004    -4     1     T     0.096     0.025
     3001  0.2990000E+04  0.10000E+01    2    1     6024    -4     1     T     0.096     0.025
     3011  0.3000000E+04  0.10000E+01    2    1     6044    -4     1     T     0.096     0.025
     3021  0.3010000E+04  0.10000E+01    2    1     6064    -4     1     T     0.096     0.025
     3031  0.3020000E+04  0.10000E+01    2    1     6084    -4     1     T     0.096     0.025
     3041  0.3030000E+04  0.10000E+01    2    1     6104    -4     1     T     0.096     0.025
     3051  0.3040000E+04  0.10000E+01    2    1     6124    -4     1     T     0.096     0.025
     3061  0.3050000E+04  0.10000E+01    2    1     6144    -4     1     T     0.096     0.025
     3071  0.3060000E+04  0.10000E+01    2    1     6164    -4     1     T     0.096     0.025
     3081  0.3070000E+04  0.10000E+01    2    1     6184    -4     1     T     0.096     0.025
     3091  0.3080000E+04  0.10000E+01    2    1     6204    -4     1     T     0.096     0.025
     3101  0.3090000E+04  0.10000E+01    2    1     6224    -4     1     T     0.096     0.025
     3111  0.3100000E+04  0.10000E+01    2    1     6244    -4     1     T     0.096     0.025
     3121  0.3110000E+04  0.10000E+01    2    1     6264    -4     1     T     0.096     0.025
     3131  0.3120000E+04  0.10000E+01    2    1     6284    -4     1     T     0.096     0.025
     3141  0.3130000E+04  0.10000E+01    2    1     6304    -4     1     T     0.096     0.025
     3151  0.3140000E+04  0.10000E+01    2    1     6324    -4     1     T     0.096     0.025
     3161  0.3150000E+04  0.10000E+01    2    1     6344    -4     1     T     0.096     0.025
     3171  0.3160000E+04  0.10000E+01    2    1     6364    -4     1     T     0.096     0.025
     3181  0.3170000E+04  0.10000E+01    2    1     6384    -4     1     T     0.096     0.025
     3191  0.3180000E+04  0.10000E+01    2    1     6404    -4     1     T     0.096     0.025
     3201  0.3190000E+04  0.10000E+01    2    1     6424    -4     1     T     0.096     0.025
     3211  0.3200000E+04  0.10000E+01    2    1     6444    -4     1     T     0.096     0.025
     3221  0.3210000E+04  0.10000E+01    2    1     6464    -4     1     T     0.096     0.025
     3231  0.3220000E+04  0.10000E+01    2    1     6484    -4     1     T     0.096     0.025
     3241  0.3230000E+04  0.10000E+01    2    1     6504    -4     1     T     0.096     0.025
     3251  0.3240000E+04  0.10000E+01    2    1     6524    -4     1     T     0.096     0.025
     3261  0.3250000E+04  0.10000E+01    2    1     6544    -4     1     T     0.096     0.025
     3271  0.3260000E+04  0.10000E+01    2    1     6564    -4     1     T     0.096     0.025
     3281  0.3270000E+04  0.10000E+01    2    1     6584    -4     1     T     0.096     0.025
     3291  0.3280000E+04  0.10000E+01    2    1     6604    -4     1     T     0.096     0.025
     3296  0.3285000E+04  0.10000E+01    2    1     6614    -4     1     T     0.096     0.025
     3301  0.3290000E+04  0.10000E+01    2    1     6624    -4     1     T     0.096     0.025
     3311  0.3300000E+04  0.10000E+01    2    1     6644    -4     1     T     0.096     0.025
     3321  0.3310000E+04  0.10000E+01    2    1     6664    -4     1     T     0.096     0.025
     3331  0.3320000E+04  0.10000E+01    2    1     6684    -4     1     T     0.096     0.025
     3341  0.3330000E+04  0.10000E+01    2    1     6704    -4     1     T     0.096     0.025
     3351  0.3340000E+04  0.10000E+01    2    1     6724    -4     1     T     0.096     0.025
     3361  0.3350000E+04  0.10000E+01    2    1     6744    -4     1     T     0.096     0.025
     3371  0.3360000E+04  0.10000E+01    2    1     6764    -4     1     T     0.096     0.025
     3381  0.3370000E+04  0.10000E+01    2    1     6784    -4     1     T     0.096     0.025
     3391  0.3380000E+04  0.10000E+01    2    1     6804    -4     1     T     0.096     0.025
     3401  0.3390000E+04  0.10000E+01    2    1     6824    -4     1     T     0.096     0.025
     3411  0.3400000E+04  0.10000E+01    2    1     6844    -4     1     T     0.096     0.025
     3421  0.3410000E+04  0.10000E+01    2    1     6864    -4     1     T     0.096     0.025
     3431  0.3420000E+04  0.10000E+01    2    1     6884    -4     1     T     0.096     0.025
     3441  0.3430000E+04  0.10000E+01    2    1     6904    -4     1     T     0.096     0.025
     3451  0.3440000E+04  0.10000E+01    2    1     6924    -4     1     T     0.096     0.025
     3461  0.3450000E+04  0.10000E+01    2    1     6944    -4     1     T     0.096     0.025
     3471  0.3460000E+04  0.10000E+01    2    1     6964    -4     1     T     0.096     0.025
     3481  0.3470000E+04  0.10000E+01    2    1     6984    -4     1     T     0.096     0.025
     3491  0.3480000E+04  0.10000E+01    2    1     7004    -4     1     T     0.096     0.025
     3501  0.3490000E+04  0.10000E+01    2    1     7024    -4     1     T     0.096     0.025
     3511  0.3500000E+04  0.10000E+01    2    1     7044    -4     1     T     0.096     0.025
     3521  0.3510000E+04  0.10000E+01    2    1     7064    -4     1     T     0.096     0.025
     3531  0.3520000E+04  0.10000E+01    2    1     7084    -4     1     T     0.096     0.025
     3541  0.3530000E+04  0.10000E+01    2    1     7104    -4     1     T     0.096     0.025
     3551  0.3540000E+04  0.10000E+01    2    1     7124    -4     1     T     0.096     0.025
     3561  0.3550000E+04  0.10000E+01    2    1     7144    -4     1     T     0.096     0.025
     3571  0.3560000E+04  0.10000E+01    2    1     7164    -4     1     T     0.096     0.025
     3581  0.3570000E+04  0.10000E+01    2    1     7184    -4     1     T     0.096     0.025
     3591  0.3580000E+04  0.10000E+01    2    1     7204    -4     1     T     0.096     0.025
     3601  0.3590000E+04  0.10000E+01    2    1     7224    -4     1     T     0.096     0.025
     3611  0.3600000E+04  0.10000E+01    2    1     7244    -4     1     T     0.096     0.025
     3621  0.3610000E+04  0.10000E+01    2    1     7264    -4     1     T     0.096     0.025
     3631  0.3620000E+04  0.10000E+01    2    1     7284    -4     1     T     0.096     0.025
     3641  0.3630000E+04  0.10000E+01    2    1     7304    -4     1     T     0.096     0.025
     3651  0.3640000E+04  0.10000E+01    2    1     7324    -4     1     T     0.096     0.025
     3661  0.3650000E+04  0.10000E+01    2    1     7344    -4     1     T     0.096     0.025
     3671  0.3660000E+04  0.10000E+01    2    1     7364    -4     1     T     0.096     0.025
     3681  0.3670000E+04  0.10000E+01    2    1     7384    -4     1     T     0.096     0.025
     3691  0.3680000E+04  0.10000E+01    2    1     7404    -4     1     T     0.096     0.025
     3701  0.3690000E+04  0.10000E+01    2    1     7424    -4     1     T     0.096     0.025
     3711  0.3700000E+04  0.10000E+01    2    1     7444    -4     1     T     0.096     0.025
     3721  0.3710000E+04  0.10000E+01    2    1     7464    -4     1     T     0.096     0.025
     3731  0.3720000E+04  0.10000E+01    2    1     7484    -4     1     T     0.096     0.025
     3741  0.3730000E+04  0.10000E+01    2    1     7504    -4     1     T     0.096     0.025
     3751  0.3740000E+04  0.10000E+01    2    1     7524    -4     1     T     0.096     0.025
     3761  0.3750000E+04  0.10000E+01    2    1     7544    -4     1     T     0.096     0.025
     3771  0.3760000E+04  0.10000E+01    2    1     7564    -4     1     T     0.096     0.025
     3781  0.3770000E+04  0.10000E+01    2    1     7584    -4     1     T     0.096     0.025
     3791  0.3780000E+04  0.10000E+01    2    1     7604    -4     1     T     0.096     0.025
     3801  0.3790000E+04  0.10000E+01    2    1     7624    -4     1     T     0.096     0.025
     3811  0.3800000E+04  0.10000E+01    2    1     7644    -4     1     T     0.096     0.025
     3821  0.3810000E+04  0.10000E+01    2    1     7664    -4     1     T     0.096     0.025
     3831  0.3820000E+04  0.10000E+01    2    1     7684    -4     1     T     0.096     0.025
     3841  0.3830000E+04  0.10000E+01    2    1     7704    -4     1     T     0.096     0.025
     3851  0.3840000E+04  0.10000E+01    2    1     7724    -4     1     T     0.096     0.025
     3861  0.3850000E+04  0.10000E+01    2    1     7744    -4     1     T     0.096     0.025
     3871  0.3860000E+04  0.10000E+01    2    1     7764    -4     1     T     0.096     0.025
     3881  0.3870000E+04  0.10000E+01    2    1     7784    -4     1     T     0.096     0.025
     3891  0.3880000E+04  0.10000E+01    2    1     7804    -4     1     T     0.096     0.025
     3901  0.3890000E+04  0.10000E+01    2    1     7824    -4     1     T     0.096     0.025
     3911  0.3900000E+04  0.10000E+01    2    1     7844    -4     1     T     0.096     0.025
     3921  0.3910000E+04  0.10000E+01    2    1     7864    -4     1     T     0.096     0.025
     3931  0.3920000E+04  0.10000E+01    2    1     7884    -4     1     T     0.096     0.025
     3941  0.3930000E+04  0.10000E+01    2    1     7904    -4     1     T     0.096     0.025
     3951  0.3940000E+04  0.10000E+01    2    1     7924    -4     1     T     0.096     0.025
     3961  0.3950000E+04  0.10000E+01    2    1     7944    -4     1     T     0.096     0.025
     3971  0.3960000E+04  0.10000E+01    2    1     7964    -4     1     T     0.096     0.025
     3981  0.3970000E+04  0.10000E+01    2    1     7984    -4     1     T     0.096     0.025
     3991  0.3980000E+04  0.10000E+01    2    1     8004    -4     1     T     0.096     0.025
     4001  0.3990000E+04  0.10000E+01    2    1     8024    -4     1     T     0.096     0.025
     4011  0.4000000E+04  0.10000E+01    2    1     8044    -4     1     T     0.096     0.025
     4021  0.4010000E+04  0.10000E+01    2    1     8064    -4     1     T     0.096     0.025
     4026  0.4015000E+04  0.10000E+01    2    1     8074    -4     1     T     0.096     0.025
     4031  0.4020000E+04  0.10000E+01    2    1     8084    -4     1     T     0.096     0.025
     4041  0.4030000E+04  0.10000E+01    2    1     8104    -4     1     T     0.096     0.025
     4051  0.4040000E+04  0.10000E+01    2    1     8124    -4     1     T     0.096     0.025
     4061  0.4050000E+04  0.10000E+01    2    1     8144    -4     1     T     0.096     0.025
     4071  0.4060000E+04  0.10000E+01    2    1     8164    -4     1     T     0.096     0.025
     4081  0.4070000E+04  0.10000E+01    2    1     8184    -4     1     T     0.096     0.025
     4091  0.4080000E+04  0.10000E+01    2    1     8204    -4     1     T     0.096     0.025
     4101  0.4090000E+04  0.10000E+01    2    1     8224    -4     1     T     0.096     0.025
     4111  0.4100000E+04  0.10000E+01    2    1     8244    -4     1     T     0.096     0.025
     4121  0.4110000E+04  0.10000E+01    2    1     8264    -4     1     T     0.096     0.025
     4131  0.4120000E+04  0.10000E+01    2    1     8284    -4     1     T     0.096     0.025
     4141  0.4130000E+04  0.10000E+01    2    1     8304    -4     1     T     0.096     0.025
     4151  0.4140000E+04  0.10000E+01    2    1     8324    -4     1     T     0.096     0.025
     4161  0.4150000E+04  0.10000E+01    2    1     8344    -4     1     T     0.096     0.025
     4171  0.4160000E+04  0.10000E+01    2    1     8364    -4     1     T     0.096     0.025
     4181  0.4170000E+04  0.10000E+01    2    1     8384    -4     1     T     0.096     0.025
     4191  0.4180000E+04  0.10000E+01    2    1     8404    -4     1     T     0.096     0.025
     4201  0.4190000E+04  0.10000E+01    2    1     8424    -4     1     T     0.096     0.025
     4211  0.4200000E+04  0.10000E+01    2    1     8444    -4     1     T     0.096     0.025
     4221  0.4210000E+04  0.10000E+01    2    1     8464    -4     1     T     0.096     0.025
     4231  0.4220000E+04  0.10000E+01    2    1     8484    -4     1     T     0.096     0.025
     4241  0.4230000E+04  0.10000E+01    2    1     8504    -4     1     T     0.096     0.025
     4251  0.4240000E+04  0.10000E+01    2    1     8524    -4     1     T     0.096     0.025
     4261  0.4250000E+04  0.10000E+01    2    1     8544    -4     1     T     0.096     0.025
     4271  0.4260000E+04  0.10000E+01    2    1     8564    -4     1     T     0.096     0.025
     4281  0.4270000E+04  0.10000E+01    2    1     8584    -4     1     T     0.096     0.025
     4291  0.4280000E+04  0.10000E+01    2    1     8604    -4     1     T     0.096     0.025
     4301  0.4290000E+04  0.10000E+01    2    1     8624    -4     1     T     0.096     0.025
     4311  0.4300000E+04  0.10000E+01    2    1     8644    -4     1     T     0.096     0.025
     4321  0.4310000E+04  0.10000E+01    2    1     8664    -4     1     T     0.096     0.025
     4331  0.4320000E+04  0.10000E+01    2    1     8684    -4     1     T     0.096     0.025
     4341  0.4330000E+04  0.10000E+01    2    1     8704    -4     1     T     0.096     0.025
     4351  0.4340000E+04  0.10000E+01    2    1     8724    -4     1     T     0.096     0.025
     4361  0.4350000E+04  0.10000E+01    2    1     8744    -4     1     T     0.096     0.025
     4371  0.4360000E+04  0.10000E+01    2    1     8764    -4     1     T     0.096     0.025
     4381  0.4370000E+04  0.10000E+01    2    1     8784    -4     1     T     0.096     0.025
     4391  0.4380000E+04  0.10000E+01    2    1     8804    -4     1     T     0.096     0.025
     4401  0.4390000E+04  0.10000E+01    2    1     8824    -4     1     T     0.096     0.025
     4411  0.4400000E+04  0.10000E+01    2    1     8844    -4     1     T     0.096     0.025
     4421  0.4410000E+04  0.10000E+01    2    1     8864    -4     1     T     0.096     0.025
     4431  0.4420000E+04  0.10000E+01    2    1     8884    -4     1     T     0.096     0.025
     4441  0.4430000E+04  0.10000E+01    2    1     8904    -4     1     T     0.096     0.025
     4451  0.4440000E+04  0.10000E+01    2    1     8924    -4     1     T     0.096     0.025
     4461  0.4450000E+04  0.10000E+01    2    1     8944    -4     1     T     0.096     0.025
     4471  0.4460000E+04  0.10000E+01    2    1     8964    -4     1     T     0.096     0.025
     4481  0.4470000E+04  0.10000E+01    2    1     8984    -4     1     T     0.096     0.025
     4491  0.4480000E+04  0.10000E+01    2    1     9004    -4     1     T     0.096     0.025
     4501  0.4490000E+04  0.10000E+01    2    1     9024    -4     1     T     0.096     0.025
     4511  0.4500000E+04  0.10000E+01    2    1     9044    -4     1     T     0.096     0.025
     4521  0.4510000E+04  0.10000E+01    2    1     9064    -4     1     T     0.096     0.025
     4531  0.4520000E+04  0.10000E+01    2    1     9084    -4     1     T     0.096     0.025
     4541  0.4530000E+04  0.10000E+01    2    1     9104    -4     1     T     0.096     0.025
     4551  0.4540000E+04  0.10000E+01    2    1     9124    -4     1     T     0.096     0.025
     4561  0.4550000E+04  0.10000E+01    2    1     9144    -4     1     T     0.096     0.025
     4571  0.4560000E+04  0.10000E+01    2    1     9164    -4     1     T     0.096     0.025
     4581  0.4570000E+04  0.10000E+01    2    1     9184    -4     1     T     0.096     0.025
     4591  0.4580000E+04  0.10000E+01    2    1     9204    -4     1     T     0.096     0.025
     4601  0.4590000E+04  0.10000E+01    2    1     9224    -4     1     T     0.096     0.025
     4611  0.4600000E+04  0.10000E+01    2    1     9244    -4     1     T     0.096     0.025
     4621  0.4610000E+04  0.10000E+01    2    1     9264    -4     1     T     0.096     0.025
     4631  0.4620000E+04  0.10000E+01    2    1     9284    -4     1     T     0.096     0.025
     4641  0.4630000E+04  0.10000E+01    2    1     9304    -4     1     T     0.096     0.025
     4651  0.4640000E+04  0.10000E+01    2    1     9324    -4     1     T     0.096     0.025
     4661  0.4650000E+04  0.10000E+01    2    1     9344    -4     1     T     0.096     0.025
     4671  0.4660000E+04  0.10000E+01    2    1     9364    -4     1     T     0.096     0.025
     4681  0.4670000E+04  0.10000E+01    2    1     9384    -4     1     T     0.096     0.025
     4691  0.4680000E+04  0.10000E+01    2    1     9404    -4     1     T     0.096     0.025
     4701  0.4690000E+04  0.10000E+01    2    1     9424    -4     1     T     0.096     0.025
     4711  0.4700000E+04  0.10000E+01    2    1     9444    -4     1     T     0.096     0.025
     4721  0.4710000E+04  0.10000E+01    2    1     9464    -4     1     T     0.096     0.025
     4731  0.4720000E+04  0.10000E+01    2    1     9484    -4     1     T     0.096     0.025
     4741  0.4730000E+04  0.10000E+01    2    1     9504    -4     1     T     0.096     0.025
     4751  0.4740000E+04  0.10000E+01    2    1     9524    -4     1     T     0.096     0.025
     4756  0.4745000E+04  0.10000E+01    2    1     9534    -4     1     T     0.096     0.025
     4761  0.4750000E+04  0.10000E+01    2    1     9544    -4     1     T     0.096     0.025
     4771  0.4760000E+04  0.10000E+01    2    1     9564    -4     1     T     0.096     0.025
     4781  0.4770000E+04  0.10000E+01    2    1     9584    -4     1     T     0.096     0.025
     4791  0.4780000E+04  0.10000E+01    2    1     9604    -4     1     T     0.096     0.025
     4801  0.4790000E+04  0.10000E+01    2    1     9624    -4     1     T     0.096     0.025
     4811  0.4800000E+04  0.10000E+01    2    1     9644    -4     1     T     0.096     0.025
     4821  0.4810000E+04  0.10000E+01    2    1     9664    -4     1     T     0.096     0.025
     4831  0.4820000E+04  0.10000E+01    2    1     9684    -4     1     T     0.096     0.025
     4841  0.4830000E+04  0.10000E+01    2    1     9704    -4     1     T     0.096     0.025
     4851  0.4840000E+04  0.10000E+01    2    1     9724    -4     1     T     0.096     0.025
     4861  0.4850000E+04  0.10000E+01    2    1     9744    -4     1     T     0.096     0.025
     4871  0.4860000E+04  0.10000E+01    2    1     9764    -4     1     T     0.096     0.025
     4881  0.4870000E+04  0.10000E+01    2    1     9784    -4     1     T     0.096     0.025
     4891  0.4880000E+04  0.10000E+01    2    1     9804    -4     1     T     0.096     0.025
     4901  0.4890000E+04  0.10000E+01    2    1     9824    -4     1     T     0.096     0.025
     4911  0.4900000E+04  0.10000E+01    2    1     9844    -4     1     T     0.096     0.025
     4921  0.4910000E+04  0.10000E+01    2    1     9864    -4     1     T     0.096     0.025
     4931  0.4920000E+04  0.10000E+01    2    1     9884    -4     1     T     0.096     0.025
     4941  0.4930000E+04  0.10000E+01    2    1     9904    -4     1     T     0.096     0.025
     4951  0.4940000E+04  0.10000E+01    2    1     9924    -4     1     T     0.096     0.025
     4961  0.4950000E+04  0.10000E+01    2    1     9944    -4     1     T     0.096     0.025
     4971  0.4960000E+04  0.10000E+01    2    1     9964    -4     1     T     0.096     0.025
     4981  0.4970000E+04  0.10000E+01    2    1     9984    -4     1     T     0.096     0.025
     4991  0.4980000E+04  0.10000E+01    2    1    10004    -4     1     T     0.096     0.025
     5001  0.4990000E+04  0.10000E+01    2    1    10024    -4     1     T     0.096     0.025
     5011  0.5000000E+04  0.10000E+01    2    1    10044    -4     1     T     0.096     0.025
     5021  0.5010000E+04  0.10000E+01    2    1    10064    -4     1     T     0.096     0.025
     5031  0.5020000E+04  0.10000E+01    2    1    10084    -4     1     T     0.096     0.025
     5041  0.5030000E+04  0.10000E+01    2    1    10104    -4     1     T     0.096     0.025
     5051  0.5040000E+04  0.10000E+01    2    1    10124    -4     1     T     0.096     0.025
     5061  0.5050000E+04  0.10000E+01    2    1    10144    -4     1     T     0.096     0.025
     5071  0.5060000E+04  0.10000E+01    2    1    10164    -4     1     T     0.096     0.025
     5081  0.5070000E+04  0.10000E+01    2    1    10184    -4     1     T     0.096     0.025
     5091  0.5080000E+04  0.10000E+01    2    1    10204    -4     1     T     0.096     0.025
     5101  0.5090000E+04  0.10000E+01    2    1    10224    -4     1     T     0.096     0.025
     5111  0.5100000E+04  0.10000E+01    2    1    10244    -4     1     T     0.096     0.025
     5121  0.5110000E+04  0.10000E+01    2    1    10264    -4     1     T     0.096     0.025
     5131  0.5120000E+04  0.10000E+01    2    1    10284    -4     1     T     0.096     0.025
     5141  0.5130000E+04  0.10000E+01    2    1    10304    -4     1     T     0.096     0.025
     5151  0.5140000E+04  0.10000E+01    2    1    10324    -4     1     T     0.096     0.025
     5161  0.5150000E+04  0.10000E+01    2    1    10344    -4     1     T     0.096     0.025
     5171  0.5160000E+04  0.10000E+01    2    1    10364    -4     1     T     0.096     0.025
     5181  0.5170000E+04  0.10000E+01    2    1    10384    -4     1     T     0.096     0.025
     5191  0.5180000E+04  0.10000E+01    2    1    10404    -4     1     T     0.096     0.025
     5201  0.5190000E+04  0.10000E+01    2    1    10424    -4     1     T     0.096     0.025
     5211  0.5200000E+04  0.10000E+01    2    1    10444    -4     1     T     0.096     0.025
     5221  0.5210000E+04  0.10000E+01    2    1    10464    -4     1     T     0.096     0.025
     5231  0.5220000E+04  0.10000E+01    2    1    10484    -4     1     T     0.096     0.025
     5241  0.5230000E+04  0.10000E+01    2    1    10504    -4     1     T     0.096     0.025
     5251  0.5240000E+04  0.10000E+01    2    1    10524    -4     1     T     0.096     0.025
     5261  0.5250000E+04  0.10000E+01    2    1    10544    -4     1     T     0.096     0.025
     5271  0.5260000E+04  0.10000E+01    2    1    10564    -4     1     T     0.096     0.025
     5281  0.5270000E+04  0.10000E+01    2    1    10584    -4     1     T     0.096     0.025
     5291  0.5280000E+04  0.10000E+01    2    1    10604    -4     1     T     0.096     0.025
     5301  0.5290000E+04  0.10000E+01    2    1    10624    -4     1     T     0.096     0.025
     5311  0.5300000E+04  0.10000E+01    2    1    10644    -4     1     T     0.096     0.025
     5321  0.5310000E+04  0.10000E+01    2    1    10664    -4     1     T     0.096     0.025
     5331  0.5320000E+04  0.10000E+01    2    1    10684    -4     1     T     0.096     0.025
     5341  0.5330000E+04  0.10000E+01    2    1    10704    -4     1     T     0.096     0.025
     5351  0.5340000E+04  0.10000E+01    2    1    10724    -4     1     T     0.096     0.025
     5361  0.5350000E+04  0.10000E+01    2    1    10744    -4     1     T     0.096     0.025
     5371  0.5360000E+04  0.10000E+01    2    1    10764    -4     1     T     0.096     0.025
     5381  0.5370000E+04  0.10000E+01    2    1    10784    -4     1     T     0.096     0.025
     5391  0.5380000E+04  0.10000E+01    2    1    10804    -4     1     T     0.096     0.025
     5401  0.5390000E+04  0.10000E+01    2    1    10824    -4     1     T     0.096     0.025
     5411  0.5400000E+04  0.10000E+01    2    1    10844    -4     1     T     0.096     0.025
     5421  0.5410000E+04  0.10000E+01    2    1    10864    -4     1     T     0.096     0.025
     5431  0.5420000E+04  0.10000E+01    2    1    10884    -4     1     T     0.096     0.025
     5441  0.5430000E+04  0.10000E+01    2    1    10904    -4     1     T     0.096     0.025
     5451  0.5440000E+04  0.10000E+01    2    1    10924    -4     1     T     0.096     0.025
     5461  0.5450000E+04  0.10000E+01    2    1    10944    -4     1     T     0.096     0.025
     5471  0.5460000E+04  0.10000E+01    2    1    10964    -4     1     T     0.096     0.025
     5481  0.5470000E+04  0.10000E+01    2    1    10984    -4     1     T     0.096     0.025
     5486  0.5475000E+04  0.10000E+01    2    1    10994    -4     1     T     0.096     0.025
     5491  0.5480000E+04  0.10000E+01    2    1    11004    -4     1     T     0.096     0.025
     5501  0.5490000E+04  0.10000E+01    2    1    11024    -4     1     T     0.096     0.025
     5511  0.5500000E+04  0.10000E+01    2    1    11044    -4     1     T     0.096     0.025
     5521  0.5510000E+04  0.10000E+01    2    1    11064    -4     1     T     0.096     0.025
     5531  0.5520000E+04  0.10000E+01    2    1    11084    -4     1     T     0.096     0.025
     5541  0.5530000E+04  0.10000E+01    2    1    11104    -4     1     T     0.096     0.025
     5551  0.5540000E+04  0.10000E+01    2    1    11124    -4     1     T     0.096     0.025
     5561  0.5550000E+04  0.10000E+01    2    1    11144    -4     1     T     0.096     0.025
     5571  0.5560000E+04  0.10000E+01    2    1    11164    -4     1     T     0.096     0.025
     5581  0.5570000E+04  0.10000E+01    2    1    11184    -4     1     T     0.096     0.025
     5591  0.5580000E+04  0.10000E+01    2    1    11204    -4     1     T     0.096     0.025
     5601  0.5590000E+04  0.10000E+01    2    1    11224    -4     1     T     0.096     0.025
     5611  0.5600000E+04  0.10000E+01    2    1    11244    -4     1     T     0.096     0.025
     5621  0.5610000E+04  0.10000E+01    2    1    11264    -4     1     T     0.096     0.025
     5631  0.5620000E+04  0.10000E+01    2    1    11284    -4     1     T     0.096     0.025
     5641  0.5630000E+04  0.10000E+01    2    1    11304    -4     1     T     0.096     0.025
     5651  0.5640000E+04  0.10000E+01    2    1    11324    -4     1     T     0.096     0.025
     5661  0.5650000E+04  0.10000E+01    2    1    11344    -4     1     T     0.096     0.025
     5671  0.5660000E+04  0.10000E+01    2    1    11364    -4     1     T     0.096     0.025
     5681  0.5670000E+04  0.10000E+01    2    1    11384    -4     1     T     0.096     0.025
     5691  0.5680000E+04  0.10000E+01    2    1    11404    -4     1     T     0.096     0.025
     5701  0.5690000E+04  0.10000E+01    2    1    11424    -4     1     T     0.096     0.025
     5711  0.5700000E+04  0.10000E+01    2    1    11444    -4     1     T     0.096     0.025
     5721  0.5710000E+04  0.10000E+01    2    1    11464    -4     1     T     0.096     0.025
     5731  0.5720000E+04  0.10000E+01    2    1    11484    -4     1     T     0.096     0.025
     5741  0.5730000E+04  0.10000E+01    2    1    11504    -4     1     T     0.096     0.025
     5751  0.5740000E+04  0.10000E+01    2    1    11524    -4     1     T     0.096     0.025
     5761  0.5750000E+04  0.10000E+01    2    1    11544    -4     1     T     0.096     0.025
     5771  0.5760000E+04  0.10000E+01    2    1    11564    -4     1     T     0.096     0.025
     5781  0.5770000E+04  0.10000E+01    2    1    11584    -4     1     T     0.096     0.025
     5791  0.5780000E+04  0.10000E+01    2    1    11604    -4     1     T     0.096     0.025
     5801  0.5790000E+04  0.10000E+01    2    1    11624    -4     1     T     0.096     0.025
     5811  0.5800000E+04  0.10000E+01    2    1    11644    -4     1     T     0.096     0.025
     5821  0.5810000E+04  0.10000E+01    2    1    11664    -4     1     T     0.096     0.025
     5831  0.5820000E+04  0.10000E+01    2    1    11684    -4     1     T     0.096     0.025
     5841  0.5830000E+04  0.10000E+01    2    1    11704    -4     1     T     0.096     0.025
     5851  0.5840000E+04  0.10000E+01    2    1    11724    -4     1     T     0.096     0.025
     5861  0.5850000E+04  0.10000E+01    2    1    11744    -4     1     T     0.096     0.025
     5871  0.5860000E+04  0.10000E+01    2    1    11764    -4     1     T     0.096     0.025
     5881  0.5870000E+04  0.10000E+01    2    1    11784    -4     1     T     0.096     0.025
     5891  0.5880000E+04  0.10000E+01    2    1    11804    -4     1     T     0.096     0.025
     5901  0.5890000E+04  0.10000E+01    2    1    11824    -4     1     T     0.096     0.025
     5911  0.5900000E+04  0.10000E+01    2    1    11844    -4     1     T     0.096     0.025
     5921  0.5910000E+04  0.10000E+01    2    1    11864    -4     1     T     0.096     0.025
     5931  0.5920000E+04  0.10000E+01    2    1    11884    -4     1     T     0.096     0.025
     5941  0.5930000E+04  0.10000E+01    2    1    11904    -4     1     T     0.096     0.025
     5951  0.5940000E+04  0.10000E+01    2    1    11924    -4     1     T     0.096     0.025
     5961  0.5950000E+04  0.10000E+01    2    1    11944    -4     1     T     0.096     0.025
     5971  0.5960000E+04  0.10000E+01    2    1    11964    -4     1     T     0.096     0.025
     5981  0.5970000E+04  0.10000E+01    2    1    11984    -4     1     T     0.096     0.025
     5991  0.5980000E+04  0.10000E+01    2    1    12004    -4     1     T     0.096     0.025
     6001  0.5990000E+04  0.10000E+01    2    1    12024    -4     1     T     0.096     0.025
     6011  0.6000000E+04  0.10000E+01    2    1    12044    -4     1     T     0.096     0.025
     6021  0.6010000E+04  0.10000E+01    2    1    12064    -4     1     T     0.096     0.025
     6031  0.6020000E+04  0.10000E+01    2    1    12084    -4     1     T     0.096     0.025
     6041  0.6030000E+04  0.10000E+01    2    1    12104    -4     1     T     0.096     0.025
     6051  0.6040000E+04  0.10000E+01    2    1    12124    -4     1     T     0.096     0.025
     6061  0.6050000E+04  0.10000E+01    2    1    12144    -4     1     T     0.096     0.025
     6071  0.6060000E+04  0.10000E+01    2    1    12164    -4     1     T     0.096     0.025
     6081  0.6070000E+04  0.10000E+01    2    1    12184    -4     1     T     0.096     0.025
     6091  0.6080000E+04  0.10000E+01    2    1    12204    -4     1     T     0.096     0.025
     6101  0.6090000E+04  0.10000E+01    2    1    12224    -4     1     T     0.096     0.025
     6111  0.6100000E+04  0.10000E+01    2    1    12244    -4     1     T     0.096     0.025
     6121  0.6110000E+04  0.10000E+01    2    1    12264    -4     1     T     0.096     0.025
     6131  0.6120000E+04  0.10000E+01    2    1    12284    -4     1     T     0.096     0.025
     6141  0.6130000E+04  0.10000E+01    2    1    12304    -4     1     T     0.096     0.025
     6151  0.6140000E+04  0.10000E+01    2    1    12324    -4     1     T     0.096     0.025
     6161  0.6150000E+04  0.10000E+01    2    1    12344    -4     1     T     0.096     0.025
     6171  0.6160000E+04  0.10000E+01    2    1    12364    -4     1     T     0.096     0.025
     6181  0.6170000E+04  0.10000E+01    2    1    12384    -4     1     T     0.096     0.025
     6191  0.6180000E+04  0.10000E+01    2    1    12404    -4     1     T     0.096     0.025
     6201  0.6190000E+04  0.10000E+01    2    1    12424    -4     1     T     0.096     0.025
     6211  0.6200000E+04  0.10000E+01    2    1    12444    -4     1     T     0.096     0.025
     6216  0.6205000E+04  0.10000E+01    2    1    12454    -4     1     T     0.096     0.025
     6221  0.6210000E+04  0.10000E+01    2    1    12464    -4     1     T     0.096     0.025
     6231  0.6220000E+04  0.10000E+01    2    1    12484    -4     1     T     0.096     0.025
     6241  0.6230000E+04  0.10000E+01    2    1    12504    -4     1     T     0.096     0.025
     6251  0.6240000E+04  0.10000E+01    2    1    12524    -4     1     T     0.096     0.025
     6261  0.6250000E+04  0.10000E+01    2    1    12544    -4     1     T     0.096     0.025
     6271  0.6260000E+04  0.10000E+01    2    1    12564    -4     1     T     0.096     0.025
     6281  0.6270000E+04  0.10000E+01    2    1    12584    -4     1     T     0.096     0.025
     6291  0.6280000E+04  0.10000E+01    2    1    12604    -4     1     T     0.096     0.025
     6301  0.6290000E+04  0.10000E+01    2    1    12624    -4     1     T     0.096     0.025
     6311  0.6300000E+04  0.10000E+01    2    1    12644    -4     1     T     0.096     0.025
     6321  0.6310000E+04  0.10000E+01    2    1    12664    -4     1     T     0.096     0.025
     6331  0.6320000E+04  0.10000E+01    2    1    12684    -4     1     T     0.096     0.025
     6341  0.6330000E+04  0.10000E+01    2    1    12704    -4     1     T     0.096     0.025
     6351  0.6340000E+04  0.10000E+01    2    1    12724    -4     1     T     0.096     0.025
     6361  0.6350000E+04  0.10000E+01    2    1    12744    -4     1     T     0.096     0.025
     6371  0.6360000E+04  0.10000E+01    2    1    12764    -4     1     T     0.096     0.025
     6381  0.6370000E+04  0.10000E+01    2    1    12784    -4     1     T     0.096     0.025
     6391  0.6380000E+04  0.10000E+01    2    1    12804    -4     1     T     0.096     0.025
     6401  0.6390000E+04  0.10000E+01    2    1    12824    -4     1     T     0.096     0.025
     6411  0.6400000E+04  0.10000E+01    2    1    12844    -4     1     T     0.096     0.025
     6421  0.6410000E+04  0.10000E+01    2    1    12864    -4     1     T     0.096     0.025
     6431  0.6420000E+04  0.10000E+01    2    1    12884    -4     1     T     0.096     0.025
     6441  0.6430000E+04  0.10000E+01    2    1    12904    -4     1     T     0.096     0.025
     6451  0.6440000E+04  0.10000E+01    2    1    12924    -4     1     T     0.096     0.025
     6461  0.6450000E+04  0.10000E+01    2    1    12944    -4     1     T     0.096     0.025
     6471  0.6460000E+04  0.10000E+01    2    1    12964    -4     1     T     0.096     0.025
     6481  0.6470000E+04  0.10000E+01    2    1    12984    -4     1     T     0.096     0.025
     6491  0.6480000E+04  0.10000E+01    2    1    13004    -4     1     T     0.096     0.025
     6501  0.6490000E+04  0.10000E+01    2    1    13024    -4     1     T     0.096     0.025
     6511  0.6500000E+04  0.10000E+01    2    1    13044    -4     1     T     0.096     0.025
     6521  0.6510000E+04  0.10000E+01    2    1    13064    -4     1     T     0.096     0.025
     6531  0.6520000E+04  0.10000E+01    2    1    13084    -4     1     T     0.096     0.025
     6541  0.6530000E+04  0.10000E+01    2    1    13104    -4     1     T     0.096     0.025
     6551  0.6540000E+04  0.10000E+01    2    1    13124    -4     1     T     0.096     0.025
     6561  0.6550000E+04  0.10000E+01    2    1    13144    -4     1     T     0.096     0.025
     6571  0.6560000E+04  0.10000E+01    2    1    13164    -4     1     T     0.096     0.025
     6581  0.6570000E+04  0.10000E+01    2    1    13184    -4     1     T     0.096     0.025
     6591  0.6580000E+04  0.10000E+01    2    1    13204    -4     1     T     0.096     0.025
     6601  0.6590000E+04  0.10000E+01    2    1    13224    -4     1     T     0.096     0.025
     6611  0.6600000E+04  0.10000E+01    2    1    13244    -4     1     T     0.096     0.025
     6621  0.6610000E+04  0.10000E+01    2    1    13264    -4     1     T     0.096     0.025
     6631  0.6620000E+04  0.10000E+01    2    1    13284    -4     1     T     0.096     0.025
     6641  0.6630000E+04  0.10000E+01    2    1    13304    -4     1     T     0.096     0.025
     6651  0.6640000E+04  0.10000E+01    2    1    13324    -4     1     T     0.096     0.025
     6661  0.6650000E+04  0.10000E+01    2    1    13344    -4     1     T     0.096     0.025
     6671  0.6660000E+04  0.10000E+01    2    1    13364    -4     1     T     0.096     0.025
     6681  0.6670000E+04  0.10000E+01    2    1    13384    -4     1     T     0.096     0.025
     6691  0.6680000E+04  0.10000E+01    2    1    13404    -4     1     T     0.096     0.025
     6701  0.6690000E+04  0.10000E+01    2    1    13424    -4     1     T     0.096     0.025
     6711  0.6700000E+04  0.10000E+01    2    1    13444    -4     1     T     0.096     0.025
     6721  0.6710000E+04  0.10000E+01    2    1    13464    -4     1     T     0.096     0.025
     6731  0.6720000E+04  0.10000E+01    2    1    13484    -4     1     T     0.096     0.025
     6741  0.6730000E+04  0.10000E+01    2    1    13504    -4     1     T     0.096     0.025
     6751  0.6740000E+04  0.10000E+01    2    1    13524    -4     1     T     0.096     0.025
     6761  0.6750000E+04  0.10000E+01    2    1    13544    -4     1     T     0.096     0.025
     6771  0.6760000E+04  0.10000E+01    2    1    13564    -4     1     T     0.096     0.025
     6781  0.6770000E+04  0.10000E+01    2    1    13584    -4     1     T     0.096     0.025
     6791  0.6780000E+04  0.10000E+01    2    1    13604    -4     1     T     0.096     0.025
     6801  0.6790000E+04  0.10000E+01    2    1    13624    -4     1     T     0.096     0.025
     6811  0.6800000E+04  0.10000E+01    2    1    13644    -4     1     T     0.096     0.025
     6821  0.6810000E+04  0.10000E+01    2    1    13664    -4     1     T     0.096     0.025
     6831  0.6820000E+04  0.10000E+01    2    1    13684    -4     1     T     0.096     0.025
     6841  0.6830000E+04  0.10000E+01    2    1    13704    -4     1     T     0.096     0.025
     6851  0.6840000E+04  0.10000E+01    2    1    13724    -4     1     T     0.096     0.025
     6861  0.6850000E+04  0.10000E+01    2    1    13744    -4     1     T     0.096     0.025
     6871  0.6860000E+04  0.10000E+01    2    1    13764    -4     1     T     0.096     0.025
     6881  0.6870000E+04  0.10000E+01    2    1    13784    -4     1     T     0.096     0.025
     6891  0.6880000E+04  0.10000E+01    2    1    13804    -4     1     T     0.096     0.025
     6901  0.6890000E+04  0.10000E+01    2    1    13824    -4     1     T     0.096     0.025
     6911  0.6900000E+04  0.10000E+01    2    1    13844    -4     1     T     0.096     0.025
     6921  0.6910000E+04  0.10000E+01    2    1    13864    -4     1     T     0.096     0.025
     6931  0.6920000E+04  0.10000E+01    2    1    13884    -4     1     T     0.096     0.025
     6941  0.6930000E+04  0.10000E+01    2    1    13904    -4     1     T     0.096     0.025
     6946  0.6935000E+04  0.10000E+01    2    1    13914    -4     1     T     0.096     0.025
     6951  0.6940000E+04  0.10000E+01    2    1    13924    -4     1     T     0.096     0.025
     6961  0.6950000E+04  0.10000E+01    2    1    13944    -4     1     T     0.096     0.025
     6971  0.6960000E+04  0.10000E+01    2    1    13964    -4     1     T     0.096     0.025
     6981  0.6970000E+04  0.10000E+01    2    1    13984    -4     1     T     0.096     0.025
     6991  0.6980000E+04  0.10000E+01    2    1    14004    -4     1     T     0.096     0.025
     7001  0.6990000E+04  0.10000E+01    2    1    14024    -4     1     T     0.096     0.025
     7011  0.7000000E+04  0.10000E+01    2    1    14044    -4     1     T     0.096     0.025
     7021  0.7010000E+04  0.10000E+01    2    1    14064    -4     1     T     0.096     0.025
     7031  0.7020000E+04  0.10000E+01    2    1    14084    -4     1     T     0.096     0.025
     7041  0.7030000E+04  0.10000E+01    2    1    14104    -4     1     T     0.096     0.025
     7051  0.7040000E+04  0.10000E+01    2    1    14124    -4     1     T     0.096     0.025
     7061  0.7050000E+04  0.10000E+01    2    1    14144    -4     1     T     0.096     0.025
     7071  0.7060000E+04  0.10000E+01    2    1    14164    -4     1     T     0.096     0.025
     7081  0.7070000E+04  0.10000E+01    2    1    14184    -4     1     T     0.096     0.025
     7091  0.7080000E+04  0.10000E+01    2    1    14204    -4     1     T     0.096     0.025
     7101  0.7090000E+04  0.10000E+01    2    1    14224    -4     1     T     0.096     0.025
     7111  0.7100000E+04  0.10000E+01    2    1    14244    -4     1     T     0.096     0.025
     7121  0.7110000E+04  0.10000E+01    2    1    14264    -4     1     T     0.096     0.025
     7131  0.7120000E+04  0.10000E+01    2    1    14284    -4     1     T     0.096     0.025
     7141  0.7130000E+04  0.10000E+01    2    1    14304    -4     1     T     0.096     0.025
     7151  0.7140000E+04  0.10000E+01    2    1    14324    -4     1     T     0.096     0.025
     7161  0.7150000E+04  0.10000E+01    2    1    14344    -4     1     T     0.096     0.025
     7171  0.7160000E+04  0.10000E+01    2    1    14364    -4     1     T     0.096     0.025
     7181  0.7170000E+04  0.10000E+01    2    1    14384    -4     1     T     0.096     0.025
     7191  0.7180000E+04  0.10000E+01    2    1    14404    -4     1     T     0.096     0.025
     7201  0.7190000E+04  0.10000E+01    2    1    14424    -4     1     T     0.096     0.025
     7211  0.7200000E+04  0.10000E+01    2    1    14444    -4     1     T     0.096     0.025
     7221  0.7210000E+04  0.10000E+01    2    1    14464    -4     1     T     0.096     0.025
     7231  0.7220000E+04  0.10000E+01    2    1    14484    -4     1     T     0.096     0.025
     7241  0.7230000E+04  0.10000E+01    2    1    14504    -4     1     T     0.096     0.025
     7251  0.7240000E+04  0.10000E+01    2    1    14524    -4     1     T     0.096     0.025
     7261  0.7250000E+04  0.10000E+01    2    1    14544    -4     1     T     0.096     0.025
     7271  0.7260000E+04  0.10000E+01    2    1    14564    -4     1     T     0.096     0.025
     7281  0.7270000E+04  0.10000E+01    2    1    14584    -4     1     T     0.096     0.025
     7291  0.7280000E+04  0.10000E+01    2    1    14604    -4     1     T     0.096     0.025
     7301  0.7290000E+04  0.10000E+01    2    1    14624    -4     1     T     0.096     0.025
     7311  0.7300000E+04  0.10000E+01    2    1    14644    -4     1     T     0.096     0.025
end
