 ******* Program HYDRUS
 ******* 
 Welcome to HYDRUS-1D                                                    
 Date:  26. 3.2026    Time:   6:18:19
 Units: L = cm   , T = days , M = micro

----------------------------------------------------------
 Time       [T]        0.0000
----------------------------------------------------------
 Sub-region num.                     1            2
----------------------------------------------------------
 Length   [L]        0.17200E+03  0.49880E+02  0.12212E+03
 W-volume [L]        0.55919E+02  0.15504E+02  0.40415E+02
 In-flow  [L/T]      0.00000E+00  0.00000E+00  0.00000E+00
 h Mean   [L]       -0.86000E+02 -0.14706E+03 -0.61060E+02
 ConcVol  [M/L2] 1   0.00000E+00  0.00000E+00  0.00000E+00
 cMean    [M/L3] 1   0.00000E+00  0.00000E+00  0.00000E+00
 Top Flux [L/T]      0.20364E-06
 Bot Flux [L/T]     -0.93958E-05
----------------------------------------------------------

----------------------------------------------------------
 Time       [T]      365.0000
----------------------------------------------------------
 Sub-region num.                     1            2
----------------------------------------------------------
 Length   [L]        0.17200E+03  0.49880E+02  0.12212E+03
 W-volume [L]        0.56460E+02  0.15921E+02  0.40539E+02
 In-flow  [L/T]      0.00000E+00  0.00000E+00  0.00000E+00
 h Mean   [L]       -0.80467E+02 -0.13166E+03 -0.59556E+02
 ConcVol  [M/L2] 1   0.14187E+04  0.00000E+00  0.14187E+04
 cMean    [M/L3] 1   0.70491E+00  0.00000E+00  0.99283E+00
 Top Flux [L/T]     -0.19591E+00
 Bot Flux [L/T]     -0.40990E-02
 WatBalT  [L]       -0.53883E-04
 WatBalR  [%]              0.000
 CncBalT  [M]    1  -0.11963E-01
 CncBalR  [%]    1         0.001
----------------------------------------------------------

----------------------------------------------------------
 Time       [T]      730.0000
----------------------------------------------------------
 Sub-region num.                     1            2
----------------------------------------------------------
 Length   [L]        0.17200E+03  0.49880E+02  0.12212E+03
 W-volume [L]        0.56460E+02  0.15921E+02  0.40539E+02
 In-flow  [L/T]      0.00000E+00  0.00000E+00  0.00000E+00
 h Mean   [L]       -0.80467E+02 -0.13166E+03 -0.59556E+02
 ConcVol  [M/L2] 1   0.19629E+04  0.00000E+00  0.19629E+04
 cMean    [M/L3] 1   0.97537E+00  0.00000E+00  0.13738E+01
 Top Flux [L/T]     -0.19591E+00
 Bot Flux [L/T]     -0.40990E-02
 WatBalT  [L]       -0.22793E-03
 WatBalR  [%]              0.000
 CncBalT  [M]    1  -0.31494E-01
 CncBalR  [%]    1         0.002
----------------------------------------------------------

----------------------------------------------------------
 Time       [T]     1095.0000
----------------------------------------------------------
 Sub-region num.                     1            2
----------------------------------------------------------
 Length   [L]        0.17200E+03  0.49880E+02  0.12212E+03
 W-volume [L]        0.56460E+02  0.15921E+02  0.40539E+02
 In-flow  [L/T]      0.00000E+00  0.00000E+00  0.00000E+00
 h Mean   [L]       -0.80467E+02 -0.13166E+03 -0.59556E+02
 ConcVol  [M/L2] 1   0.23772E+04  0.00000E+00  0.23772E+04
 cMean    [M/L3] 1   0.11814E+01  0.00000E+00  0.16639E+01
 Top Flux [L/T]     -0.19591E+00
 Bot Flux [L/T]     -0.40990E-02
 WatBalT  [L]       -0.40197E-03
 WatBalR  [%]              0.000
 CncBalT  [M]    1  -0.46631E-01
 CncBalR  [%]    1         0.002
----------------------------------------------------------

----------------------------------------------------------
 Time       [T]     1460.0000
----------------------------------------------------------
 Sub-region num.                     1            2
----------------------------------------------------------
 Length   [L]        0.17200E+03  0.49880E+02  0.12212E+03
 W-volume [L]        0.56460E+02  0.15921E+02  0.40539E+02
 In-flow  [L/T]      0.00000E+00  0.00000E+00  0.00000E+00
 h Mean   [L]       -0.80467E+02 -0.13166E+03 -0.59556E+02
 ConcVol  [M/L2] 1   0.27231E+04  0.13739E-27  0.27231E+04
 cMean    [M/L3] 1   0.13533E+01  0.19533E-30  0.19061E+01
 Top Flux [L/T]     -0.19591E+00
 Bot Flux [L/T]     -0.40990E-02
 WatBalT  [L]       -0.57602E-03
 WatBalR  [%]              0.000
 CncBalT  [M]    1  -0.61279E-01
 CncBalR  [%]    1         0.002
----------------------------------------------------------

----------------------------------------------------------
 Time       [T]     1825.0000
----------------------------------------------------------
 Sub-region num.                     1            2
----------------------------------------------------------
 Length   [L]        0.17200E+03  0.49880E+02  0.12212E+03
 W-volume [L]        0.56460E+02  0.15921E+02  0.40539E+02
 In-flow  [L/T]      0.00000E+00  0.00000E+00  0.00000E+00
 h Mean   [L]       -0.80467E+02 -0.13166E+03 -0.59556E+02
 ConcVol  [M/L2] 1   0.30250E+04  0.12266E-22  0.30250E+04
 cMean    [M/L3] 1   0.15034E+01  0.17440E-25  0.21175E+01
 Top Flux [L/T]     -0.19591E+00
 Bot Flux [L/T]     -0.40990E-02
 WatBalT  [L]       -0.75006E-03
 WatBalR  [%]              0.000
 CncBalT  [M]    1  -0.70312E-01
 CncBalR  [%]    1         0.002
----------------------------------------------------------

----------------------------------------------------------
 Time       [T]     2190.0000
----------------------------------------------------------
 Sub-region num.                     1            2
----------------------------------------------------------
 Length   [L]        0.17200E+03  0.49880E+02  0.12212E+03
 W-volume [L]        0.56460E+02  0.15921E+02  0.40539E+02
 In-flow  [L/T]      0.00000E+00  0.00000E+00  0.00000E+00
 h Mean   [L]       -0.80467E+02 -0.13166E+03 -0.59556E+02
 ConcVol  [M/L2] 1   0.32953E+04  0.19399E-19  0.32953E+04
 cMean    [M/L3] 1   0.16379E+01  0.27582E-22  0.23069E+01
 Top Flux [L/T]     -0.19591E+00
 Bot Flux [L/T]     -0.40990E-02
 WatBalT  [L]       -0.92411E-03
 WatBalR  [%]              0.000
 CncBalT  [M]    1  -0.83252E-01
 CncBalR  [%]    1         0.003
----------------------------------------------------------

----------------------------------------------------------
 Time       [T]     2555.0000
----------------------------------------------------------
 Sub-region num.                     1            2
----------------------------------------------------------
 Length   [L]        0.17200E+03  0.49880E+02  0.12212E+03
 W-volume [L]        0.56460E+02  0.15921E+02  0.40539E+02
 In-flow  [L/T]      0.00000E+00  0.00000E+00  0.00000E+00
 h Mean   [L]       -0.80467E+02 -0.13166E+03 -0.59556E+02
 ConcVol  [M/L2] 1   0.35417E+04  0.59428E-17  0.35417E+04
 cMean    [M/L3] 1   0.17604E+01  0.84500E-20  0.24795E+01
 Top Flux [L/T]     -0.19591E+00
 Bot Flux [L/T]     -0.40990E-02
 WatBalT  [L]       -0.10982E-02
 WatBalR  [%]              0.000
 CncBalT  [M]    1  -0.86670E-01
 CncBalR  [%]    1         0.002
----------------------------------------------------------

----------------------------------------------------------
 Time       [T]     2920.0000
----------------------------------------------------------
 Sub-region num.                     1            2
----------------------------------------------------------
 Length   [L]        0.17200E+03  0.49880E+02  0.12212E+03
 W-volume [L]        0.56460E+02  0.15921E+02  0.40539E+02
 In-flow  [L/T]      0.00000E+00  0.00000E+00  0.00000E+00
 h Mean   [L]       -0.80467E+02 -0.13166E+03 -0.59556E+02
 ConcVol  [M/L2] 1   0.37692E+04  0.57842E-15  0.37692E+04
 cMean    [M/L3] 1   0.18736E+01  0.82246E-18  0.26389E+01
 Top Flux [L/T]     -0.19591E+00
 Bot Flux [L/T]     -0.40990E-02
 WatBalT  [L]       -0.12722E-02
 WatBalR  [%]              0.000
 CncBalT  [M]    1  -0.93750E-01
 CncBalR  [%]    1         0.002
----------------------------------------------------------

----------------------------------------------------------
 Time       [T]     3285.0000
----------------------------------------------------------
 Sub-region num.                     1            2
----------------------------------------------------------
 Length   [L]        0.17200E+03  0.49880E+02  0.12212E+03
 W-volume [L]        0.56460E+02  0.15921E+02  0.40539E+02
 In-flow  [L/T]      0.00000E+00  0.00000E+00  0.00000E+00
 h Mean   [L]       -0.80467E+02 -0.13166E+03 -0.59556E+02
 ConcVol  [M/L2] 1   0.39811E+04  0.24434E-13  0.39811E+04
 cMean    [M/L3] 1   0.19790E+01  0.34743E-16  0.27873E+01
 Top Flux [L/T]     -0.19591E+00
 Bot Flux [L/T]     -0.40990E-02
 WatBalT  [L]       -0.14462E-02
 WatBalR  [%]              0.000
 CncBalT  [M]    1  -0.99854E-01
 CncBalR  [%]    1         0.003
----------------------------------------------------------

----------------------------------------------------------
 Time       [T]     3650.0000
----------------------------------------------------------
 Sub-region num.                     1            2
----------------------------------------------------------
 Length   [L]        0.17200E+03  0.49880E+02  0.12212E+03
 W-volume [L]        0.56460E+02  0.15921E+02  0.40539E+02
 In-flow  [L/T]      0.00000E+00  0.00000E+00  0.00000E+00
 h Mean   [L]       -0.80467E+02 -0.13166E+03 -0.59556E+02
 ConcVol  [M/L2] 1   0.41800E+04  0.55130E-12  0.41800E+04
 cMean    [M/L3] 1   0.20780E+01  0.78391E-15  0.29267E+01
 Top Flux [L/T]     -0.19591E+00
 Bot Flux [L/T]     -0.40990E-02
 WatBalT  [L]       -0.16203E-02
 WatBalR  [%]              0.000
 CncBalT  [M]    1  -0.10596E+00
 CncBalR  [%]    1         0.003
----------------------------------------------------------

----------------------------------------------------------
 Time       [T]     4015.0000
----------------------------------------------------------
 Sub-region num.                     1            2
----------------------------------------------------------
 Length   [L]        0.17200E+03  0.49880E+02  0.12212E+03
 W-volume [L]        0.56460E+02  0.15921E+02  0.40539E+02
 In-flow  [L/T]      0.00000E+00  0.00000E+00  0.00000E+00
 h Mean   [L]       -0.80467E+02 -0.13166E+03 -0.59556E+02
 ConcVol  [M/L2] 1   0.43678E+04  0.76731E-11  0.43678E+04
 cMean    [M/L3] 1   0.21714E+01  0.10911E-13  0.30583E+01
 Top Flux [L/T]     -0.19591E+00
 Bot Flux [L/T]     -0.40990E-02
 WatBalT  [L]       -0.17943E-02
 WatBalR  [%]              0.000
 CncBalT  [M]    1  -0.11133E+00
 CncBalR  [%]    1         0.003
----------------------------------------------------------

----------------------------------------------------------
 Time       [T]     4380.0000
----------------------------------------------------------
 Sub-region num.                     1            2
----------------------------------------------------------
 Length   [L]        0.17200E+03  0.49880E+02  0.12212E+03
 W-volume [L]        0.56460E+02  0.15921E+02  0.40539E+02
 In-flow  [L/T]      0.00000E+00  0.00000E+00  0.00000E+00
 h Mean   [L]       -0.80467E+02 -0.13166E+03 -0.59556E+02
 ConcVol  [M/L2] 1   0.45460E+04  0.73032E-10  0.45460E+04
 cMean    [M/L3] 1   0.22601E+01  0.10385E-12  0.31832E+01
 Top Flux [L/T]     -0.19591E+00
 Bot Flux [L/T]     -0.40990E-02
 WatBalT  [L]       -0.19684E-02
 WatBalR  [%]              0.000
 CncBalT  [M]    1  -0.11230E+00
 CncBalR  [%]    1         0.002
----------------------------------------------------------

----------------------------------------------------------
 Time       [T]     4745.0000
----------------------------------------------------------
 Sub-region num.                     1            2
----------------------------------------------------------
 Length   [L]        0.17200E+03  0.49880E+02  0.12212E+03
 W-volume [L]        0.56460E+02  0.15921E+02  0.40539E+02
 In-flow  [L/T]      0.00000E+00  0.00000E+00  0.00000E+00
 h Mean   [L]       -0.80467E+02 -0.13166E+03 -0.59556E+02
 ConcVol  [M/L2] 1   0.47157E+04  0.51281E-09  0.47157E+04
 cMean    [M/L3] 1   0.23445E+01  0.72919E-12  0.33021E+01
 Top Flux [L/T]     -0.19591E+00
 Bot Flux [L/T]     -0.40990E-02
 WatBalT  [L]       -0.21424E-02
 WatBalR  [%]              0.000
 CncBalT  [M]    1  -0.11279E+00
 CncBalR  [%]    1         0.002
----------------------------------------------------------

----------------------------------------------------------
 Time       [T]     5110.0000
----------------------------------------------------------
 Sub-region num.                     1            2
----------------------------------------------------------
 Length   [L]        0.17200E+03  0.49880E+02  0.12212E+03
 W-volume [L]        0.56460E+02  0.15921E+02  0.40539E+02
 In-flow  [L/T]      0.00000E+00  0.00000E+00  0.00000E+00
 h Mean   [L]       -0.80467E+02 -0.13166E+03 -0.59556E+02
 ConcVol  [M/L2] 1   0.48779E+04  0.28123E-08  0.48779E+04
 cMean    [M/L3] 1   0.24252E+01  0.39990E-11  0.34158E+01
 Top Flux [L/T]     -0.19591E+00
 Bot Flux [L/T]     -0.40990E-02
 WatBalT  [L]       -0.23165E-02
 WatBalR  [%]              0.000
 CncBalT  [M]    1  -0.10986E+00
 CncBalR  [%]    1         0.002
----------------------------------------------------------

----------------------------------------------------------
 Time       [T]     5475.0000
----------------------------------------------------------
 Sub-region num.                     1            2
----------------------------------------------------------
 Length   [L]        0.17200E+03  0.49880E+02  0.12212E+03
 W-volume [L]        0.56460E+02  0.15921E+02  0.40539E+02
 In-flow  [L/T]      0.00000E+00  0.00000E+00  0.00000E+00
 h Mean   [L]       -0.80467E+02 -0.13166E+03 -0.59556E+02
 ConcVol  [M/L2] 1   0.50334E+04  0.12583E-07  0.50334E+04
 cMean    [M/L3] 1   0.25026E+01  0.17894E-10  0.35248E+01
 Top Flux [L/T]     -0.19591E+00
 Bot Flux [L/T]     -0.40990E-02
 WatBalT  [L]       -0.24905E-02
 WatBalR  [%]              0.000
 CncBalT  [M]    1  -0.10449E+00
 CncBalR  [%]    1         0.002
----------------------------------------------------------

----------------------------------------------------------
 Time       [T]     5840.0000
----------------------------------------------------------
 Sub-region num.                     1            2
----------------------------------------------------------
 Length   [L]        0.17200E+03  0.49880E+02  0.12212E+03
 W-volume [L]        0.56460E+02  0.15921E+02  0.40539E+02
 In-flow  [L/T]      0.00000E+00  0.00000E+00  0.00000E+00
 h Mean   [L]       -0.80467E+02 -0.13166E+03 -0.59556E+02
 ConcVol  [M/L2] 1   0.51828E+04  0.47529E-07  0.51828E+04
 cMean    [M/L3] 1   0.25770E+01  0.67587E-10  0.36296E+01
 Top Flux [L/T]     -0.19591E+00
 Bot Flux [L/T]     -0.40990E-02
 WatBalT  [L]       -0.26646E-02
 WatBalR  [%]              0.000
 CncBalT  [M]    1  -0.10059E+00
 CncBalR  [%]    1         0.002
----------------------------------------------------------

----------------------------------------------------------
 Time       [T]     6205.0000
----------------------------------------------------------
 Sub-region num.                     1            2
----------------------------------------------------------
 Length   [L]        0.17200E+03  0.49880E+02  0.12212E+03
 W-volume [L]        0.56460E+02  0.15921E+02  0.40539E+02
 In-flow  [L/T]      0.00000E+00  0.00000E+00  0.00000E+00
 h Mean   [L]       -0.80467E+02 -0.13166E+03 -0.59556E+02
 ConcVol  [M/L2] 1   0.53268E+04  0.15568E-06  0.53268E+04
 cMean    [M/L3] 1   0.26486E+01  0.22138E-09  0.37305E+01
 Top Flux [L/T]     -0.19591E+00
 Bot Flux [L/T]     -0.40990E-02
 WatBalT  [L]       -0.28386E-02
 WatBalR  [%]              0.000
 CncBalT  [M]    1  -0.94727E-01
 CncBalR  [%]    1         0.002
----------------------------------------------------------

----------------------------------------------------------
 Time       [T]     6570.0000
----------------------------------------------------------
 Sub-region num.                     1            2
----------------------------------------------------------
 Length   [L]        0.17200E+03  0.49880E+02  0.12212E+03
 W-volume [L]        0.56460E+02  0.15921E+02  0.40539E+02
 In-flow  [L/T]      0.00000E+00  0.00000E+00  0.00000E+00
 h Mean   [L]       -0.80467E+02 -0.13166E+03 -0.59556E+02
 ConcVol  [M/L2] 1   0.54657E+04  0.45179E-06  0.54657E+04
 cMean    [M/L3] 1   0.27178E+01  0.64245E-09  0.38279E+01
 Top Flux [L/T]     -0.19591E+00
 Bot Flux [L/T]     -0.40990E-02
 WatBalT  [L]       -0.30127E-02
 WatBalR  [%]              0.000
 CncBalT  [M]    1  -0.90332E-01
 CncBalR  [%]    1         0.002
----------------------------------------------------------

----------------------------------------------------------
 Time       [T]     6935.0000
----------------------------------------------------------
 Sub-region num.                     1            2
----------------------------------------------------------
 Length   [L]        0.17200E+03  0.49880E+02  0.12212E+03
 W-volume [L]        0.56460E+02  0.15921E+02  0.40539E+02
 In-flow  [L/T]      0.00000E+00  0.00000E+00  0.00000E+00
 h Mean   [L]       -0.80467E+02 -0.13166E+03 -0.59556E+02
 ConcVol  [M/L2] 1   0.56000E+04  0.11821E-05  0.56000E+04
 cMean    [M/L3] 1   0.27847E+01  0.16810E-08  0.39221E+01
 Top Flux [L/T]     -0.19591E+00
 Bot Flux [L/T]     -0.40990E-02
 WatBalT  [L]       -0.31867E-02
 WatBalR  [%]              0.000
 CncBalT  [M]    1  -0.92285E-01
 CncBalR  [%]    1         0.002
----------------------------------------------------------

----------------------------------------------------------
 Time       [T]     7300.0000
----------------------------------------------------------
 Sub-region num.                     1            2
----------------------------------------------------------
 Length   [L]        0.17200E+03  0.49880E+02  0.12212E+03
 W-volume [L]        0.56460E+02  0.15921E+02  0.40539E+02
 In-flow  [L/T]      0.00000E+00  0.00000E+00  0.00000E+00
 h Mean   [L]       -0.80467E+02 -0.13166E+03 -0.59556E+02
 ConcVol  [M/L2] 1   0.57301E+04  0.28286E-05  0.57301E+04
 cMean    [M/L3] 1   0.28494E+01  0.40225E-08  0.40133E+01
 Top Flux [L/T]     -0.19591E+00
 Bot Flux [L/T]     -0.40990E-02
 WatBalT  [L]       -0.33607E-02
 WatBalR  [%]              0.000
 CncBalT  [M]    1  -0.91797E-01
 CncBalR  [%]    1         0.002
----------------------------------------------------------
 
 Calculation time [sec]   1.69999998807907     
