 ******* Program HYDRUS
 ******* 
 Welcome to HYDRUS-1D                                                    
 Date:  26. 3.2026    Time:   6:18:19
 Units: L = cm   , T = days , M = micro
 
 CosAlf,MaxIt,TolTh,  TolH
 1.000   20   0.000 0.50000
 
 TopInF,BotInF,AtmBC,SinkF,WLayer,qGWLF,FreeD,SeepF,lWat,lChem,lTemp,lRoot,lWDep
     T     F     T     T     T     F     F     F     T     T     F     F     F

Nodal point information

node      x         hOld    MatN LayN  Beta      Ah       AK      ATh     Temp    Conc(1...NS)         Sorb(1...NS)

   1      0.000   -172.000    1    1   0.017    1.000    1.000    1.000    0.00  0.0000E+00
   2     -1.720   -170.280    1    1   0.017    1.000    1.000    1.000    0.00  0.0000E+00
   3     -3.440   -168.560    1    1   0.017    1.000    1.000    1.000    0.00  0.0000E+00
   4     -5.160   -166.840    1    1   0.017    1.000    1.000    1.000    0.00  0.0000E+00
   5     -6.880   -165.120    1    1   0.016    1.000    1.000    1.000    0.00  0.0000E+00
   6     -8.600   -163.400    1    1   0.016    1.000    1.000    1.000    0.00  0.0000E+00
   7    -10.320   -161.680    1    1   0.016    1.000    1.000    1.000    0.00  0.0000E+00
   8    -12.040   -159.960    1    1   0.016    1.000    1.000    1.000    0.00  0.0000E+00
   9    -13.760   -158.240    1    1   0.015    1.000    1.000    1.000    0.00  0.0000E+00
  10    -15.480   -156.520    1    1   0.015    1.000    1.000    1.000    0.00  0.0000E+00
  11    -17.200   -154.800    1    1   0.015    1.000    1.000    1.000    0.00  0.0000E+00
  12    -18.920   -153.080    1    1   0.015    1.000    1.000    1.000    0.00  0.0000E+00
  13    -20.640   -151.360    1    1   0.014    1.000    1.000    1.000    0.00  0.0000E+00
  14    -22.360   -149.640    1    1   0.014    1.000    1.000    1.000    0.00  0.0000E+00
  15    -24.080   -147.920    1    1   0.014    1.000    1.000    1.000    0.00  0.0000E+00
  16    -25.800   -146.200    1    1   0.013    1.000    1.000    1.000    0.00  0.0000E+00
  17    -27.520   -144.480    1    1   0.013    1.000    1.000    1.000    0.00  0.0000E+00
  18    -29.240   -142.760    1    1   0.013    1.000    1.000    1.000    0.00  0.0000E+00
  19    -30.960   -141.040    1    1   0.013    1.000    1.000    1.000    0.00  0.0000E+00
  20    -32.680   -139.320    1    1   0.012    1.000    1.000    1.000    0.00  0.0000E+00
  21    -34.400   -137.600    1    1   0.012    1.000    1.000    1.000    0.00  0.0000E+00
  22    -36.120   -135.880    1    1   0.012    1.000    1.000    1.000    0.00  0.0000E+00
  23    -37.840   -134.160    1    1   0.012    1.000    1.000    1.000    0.00  0.0000E+00
  24    -39.560   -132.440    1    1   0.011    1.000    1.000    1.000    0.00  0.0000E+00
  25    -41.280   -130.720    1    1   0.011    1.000    1.000    1.000    0.00  0.0000E+00
  26    -43.000   -129.000    1    1   0.011    1.000    1.000    1.000    0.00  0.0000E+00
  27    -44.720   -127.280    1    1   0.011    1.000    1.000    1.000    0.00  0.0000E+00
  28    -46.440   -125.560    1    1   0.010    1.000    1.000    1.000    0.00  0.0000E+00
  29    -48.160   -123.840    1    1   0.010    1.000    1.000    1.000    0.00  0.0000E+00
  30    -49.880   -122.120    1    1   0.010    1.000    1.000    1.000    0.00  0.0000E+00
  31    -51.600   -120.400    2    2   0.010    1.000    1.000    1.000    0.00  0.0000E+00
  32    -53.320   -118.680    2    2   0.009    1.000    1.000    1.000    0.00  0.0000E+00
  33    -55.040   -116.960    2    2   0.009    1.000    1.000    1.000    0.00  0.0000E+00
  34    -56.760   -115.240    2    2   0.009    1.000    1.000    1.000    0.00  0.0000E+00
  35    -58.480   -113.520    2    2   0.009    1.000    1.000    1.000    0.00  0.0000E+00
  36    -60.200   -111.800    2    2   0.008    1.000    1.000    1.000    0.00  0.0000E+00
  37    -61.920   -110.080    2    2   0.008    1.000    1.000    1.000    0.00  0.0000E+00
  38    -63.640   -108.360    2    2   0.008    1.000    1.000    1.000    0.00  0.0000E+00
  39    -65.360   -106.640    2    2   0.008    1.000    1.000    1.000    0.00  0.0000E+00
  40    -67.080   -104.920    2    2   0.007    1.000    1.000    1.000    0.00  0.0000E+00
  41    -68.800   -103.200    2    2   0.007    1.000    1.000    1.000    0.00  0.0000E+00
  42    -70.520   -101.480    2    2   0.007    1.000    1.000    1.000    0.00  0.0000E+00
  43    -72.240    -99.760    2    2   0.006    1.000    1.000    1.000    0.00  0.0000E+00
  44    -73.960    -98.040    2    2   0.006    1.000    1.000    1.000    0.00  0.0000E+00
  45    -75.680    -96.320    2    2   0.006    1.000    1.000    1.000    0.00  0.0000E+00
  46    -77.400    -94.600    2    2   0.006    1.000    1.000    1.000    0.00  0.0000E+00
  47    -79.120    -92.880    2    2   0.005    1.000    1.000    1.000    0.00  0.0000E+00
  48    -80.840    -91.160    2    2   0.005    1.000    1.000    1.000    0.00  0.0000E+00
  49    -82.560    -89.440    2    2   0.005    1.000    1.000    1.000    0.00  0.0000E+00
  50    -84.280    -87.720    2    2   0.005    1.000    1.000    1.000    0.00  0.0000E+00
  51    -86.000    -86.000    2    2   0.004    1.000    1.000    1.000    0.00  0.0000E+00
  52    -87.720    -84.280    2    2   0.004    1.000    1.000    1.000    0.00  0.0000E+00
  53    -89.440    -82.560    2    2   0.004    1.000    1.000    1.000    0.00  0.0000E+00
  54    -91.160    -80.840    2    2   0.004    1.000    1.000    1.000    0.00  0.0000E+00
  55    -92.880    -79.120    2    2   0.003    1.000    1.000    1.000    0.00  0.0000E+00
  56    -94.600    -77.400    2    2   0.003    1.000    1.000    1.000    0.00  0.0000E+00
  57    -96.320    -75.680    2    2   0.003    1.000    1.000    1.000    0.00  0.0000E+00
  58    -98.040    -73.960    2    2   0.003    1.000    1.000    1.000    0.00  0.0000E+00
  59    -99.760    -72.240    2    2   0.002    1.000    1.000    1.000    0.00  0.0000E+00
  60   -101.480    -70.520    2    2   0.002    1.000    1.000    1.000    0.00  0.0000E+00
  61   -103.200    -68.800    2    2   0.002    1.000    1.000    1.000    0.00  0.0000E+00
  62   -104.920    -67.080    2    2   0.002    1.000    1.000    1.000    0.00  0.0000E+00
  63   -106.640    -65.360    2    2   0.001    1.000    1.000    1.000    0.00  0.0000E+00
  64   -108.360    -63.640    2    2   0.001    1.000    1.000    1.000    0.00  0.0000E+00
  65   -110.080    -61.920    2    2   0.001    1.000    1.000    1.000    0.00  0.0000E+00
  66   -111.800    -60.200    2    2   0.000    1.000    1.000    1.000    0.00  0.0000E+00
  67   -113.520    -58.480    2    2   0.000    1.000    1.000    1.000    0.00  0.0000E+00
  68   -115.240    -56.760    2    2   0.000    1.000    1.000    1.000    0.00  0.0000E+00
  69   -116.960    -55.040    2    2   0.000    1.000    1.000    1.000    0.00  0.0000E+00
  70   -118.680    -53.320    2    2   0.000    1.000    1.000    1.000    0.00  0.0000E+00
  71   -120.400    -51.600    2    2   0.000    1.000    1.000    1.000    0.00  0.0000E+00
  72   -122.120    -49.880    2    2   0.000    1.000    1.000    1.000    0.00  0.0000E+00
  73   -123.840    -48.160    2    2   0.000    1.000    1.000    1.000    0.00  0.0000E+00
  74   -125.560    -46.440    2    2   0.000    1.000    1.000    1.000    0.00  0.0000E+00
  75   -127.280    -44.720    2    2   0.000    1.000    1.000    1.000    0.00  0.0000E+00
  76   -129.000    -43.000    2    2   0.000    1.000    1.000    1.000    0.00  0.0000E+00
  77   -130.720    -41.280    2    2   0.000    1.000    1.000    1.000    0.00  0.0000E+00
  78   -132.440    -39.560    2    2   0.000    1.000    1.000    1.000    0.00  0.0000E+00
  79   -134.160    -37.840    2    2   0.000    1.000    1.000    1.000    0.00  0.0000E+00
  80   -135.880    -36.120    2    2   0.000    1.000    1.000    1.000    0.00  0.0000E+00
  81   -137.600    -34.400    2    2   0.000    1.000    1.000    1.000    0.00  0.0000E+00
  82   -139.320    -32.680    2    2   0.000    1.000    1.000    1.000    0.00  0.0000E+00
  83   -141.040    -30.960    2    2   0.000    1.000    1.000    1.000    0.00  0.0000E+00
  84   -142.760    -29.240    2    2   0.000    1.000    1.000    1.000    0.00  0.0000E+00
  85   -144.480    -27.520    2    2   0.000    1.000    1.000    1.000    0.00  0.0000E+00
  86   -146.200    -25.800    2    2   0.000    1.000    1.000    1.000    0.00  0.0000E+00
  87   -147.920    -24.080    2    2   0.000    1.000    1.000    1.000    0.00  0.0000E+00
  88   -149.640    -22.360    2    2   0.000    1.000    1.000    1.000    0.00  0.0000E+00
  89   -151.360    -20.640    2    2   0.000    1.000    1.000    1.000    0.00  0.0000E+00
  90   -153.080    -18.920    2    2   0.000    1.000    1.000    1.000    0.00  0.0000E+00
  91   -154.800    -17.200    2    2   0.000    1.000    1.000    1.000    0.00  0.0000E+00
  92   -156.520    -15.480    2    2   0.000    1.000    1.000    1.000    0.00  0.0000E+00
  93   -158.240    -13.760    2    2   0.000    1.000    1.000    1.000    0.00  0.0000E+00
  94   -159.960    -12.040    2    2   0.000    1.000    1.000    1.000    0.00  0.0000E+00
  95   -161.680    -10.320    2    2   0.000    1.000    1.000    1.000    0.00  0.0000E+00
  96   -163.400     -8.600    2    2   0.000    1.000    1.000    1.000    0.00  0.0000E+00
  97   -165.120     -6.880    2    2   0.000    1.000    1.000    1.000    0.00  0.0000E+00
  98   -166.840     -5.160    2    2   0.000    1.000    1.000    1.000    0.00  0.0000E+00
  99   -168.560     -3.440    2    2   0.000    1.000    1.000    1.000    0.00  0.0000E+00
 100   -170.280     -1.720    2    2   0.000    1.000    1.000    1.000    0.00  0.0000E+00
 101   -172.000      0.000    2    2   0.000    1.000    1.000    1.000    0.00  0.0000E+00
end

 Number of species in the chain :   1


MatNum, Param. array:

   Mat     Qr     Qs        Alfa         n          Ks      l

    1    0.055  0.400   0.840E-02   0.153E+01   0.152E+02  0.500
    2    0.057  0.393   0.181E-01   0.141E+01   0.166E+02  0.500

       Table of Hydraulic Properties which are interpolated in simulation
       =================================================================

  theta         h        log h        C             K        log K          S          Kv
 
  0.4000  -0.100E-05 -0.6000E+01  0.7925E-07  0.1524E+02  0.1183E+01    1.0000  0.0000E+00
  0.4000  -0.126E-05 -0.5899E+01  0.8966E-07  0.1524E+02  0.1183E+01    1.0000  0.0000E+00
  0.4000  -0.159E-05 -0.5798E+01  0.1015E-06  0.1524E+02  0.1183E+01    1.0000  0.0000E+00
  0.4000  -0.201E-05 -0.5697E+01  0.1148E-06  0.1524E+02  0.1183E+01    1.0000  0.0000E+00
  0.4000  -0.254E-05 -0.5596E+01  0.1299E-06  0.1524E+02  0.1183E+01    1.0000  0.0000E+00
  0.4000  -0.320E-05 -0.5495E+01  0.1469E-06  0.1524E+02  0.1183E+01    1.0000  0.0000E+00
  0.4000  -0.404E-05 -0.5394E+01  0.1663E-06  0.1524E+02  0.1183E+01    1.0000  0.0000E+00
  0.4000  -0.509E-05 -0.5293E+01  0.1881E-06  0.1524E+02  0.1183E+01    1.0000  0.0000E+00
  0.4000  -0.643E-05 -0.5192E+01  0.2129E-06  0.1524E+02  0.1183E+01    1.0000  0.0000E+00
  0.4000  -0.811E-05 -0.5091E+01  0.2408E-06  0.1524E+02  0.1183E+01    1.0000  0.0000E+00
  0.4000  -0.102E-04 -0.4990E+01  0.2725E-06  0.1523E+02  0.1183E+01    1.0000  0.0000E+00
  0.4000  -0.129E-04 -0.4889E+01  0.3083E-06  0.1523E+02  0.1183E+01    1.0000  0.0000E+00
  0.4000  -0.163E-04 -0.4788E+01  0.3488E-06  0.1523E+02  0.1183E+01    1.0000  0.0000E+00
  0.4000  -0.206E-04 -0.4687E+01  0.3947E-06  0.1523E+02  0.1183E+01    1.0000  0.0000E+00
  0.4000  -0.260E-04 -0.4586E+01  0.4466E-06  0.1523E+02  0.1183E+01    1.0000  0.0000E+00
  0.4000  -0.327E-04 -0.4485E+01  0.5053E-06  0.1523E+02  0.1183E+01    1.0000  0.0000E+00
  0.4000  -0.413E-04 -0.4384E+01  0.5717E-06  0.1523E+02  0.1183E+01    1.0000  0.0000E+00
  0.4000  -0.521E-04 -0.4283E+01  0.6468E-06  0.1523E+02  0.1183E+01    1.0000  0.0000E+00
  0.4000  -0.658E-04 -0.4182E+01  0.7319E-06  0.1523E+02  0.1183E+01    1.0000  0.0000E+00
  0.4000  -0.830E-04 -0.4081E+01  0.8281E-06  0.1522E+02  0.1183E+01    1.0000  0.0000E+00
  0.4000  -0.105E-03 -0.3980E+01  0.9369E-06  0.1522E+02  0.1182E+01    1.0000  0.0000E+00
  0.4000  -0.132E-03 -0.3879E+01  0.1060E-05  0.1522E+02  0.1182E+01    1.0000  0.0000E+00
  0.4000  -0.167E-03 -0.3778E+01  0.1199E-05  0.1522E+02  0.1182E+01    1.0000  0.0000E+00
  0.4000  -0.210E-03 -0.3677E+01  0.1357E-05  0.1521E+02  0.1182E+01    1.0000  0.0000E+00
  0.4000  -0.266E-03 -0.3576E+01  0.1536E-05  0.1521E+02  0.1182E+01    1.0000  0.0000E+00
  0.4000  -0.335E-03 -0.3475E+01  0.1737E-05  0.1521E+02  0.1182E+01    1.0000  0.0000E+00
  0.4000  -0.423E-03 -0.3374E+01  0.1966E-05  0.1520E+02  0.1182E+01    1.0000  0.0000E+00
  0.4000  -0.534E-03 -0.3273E+01  0.2224E-05  0.1520E+02  0.1182E+01    1.0000  0.0000E+00
  0.4000  -0.673E-03 -0.3172E+01  0.2517E-05  0.1519E+02  0.1182E+01    1.0000  0.0000E+00
  0.4000  -0.850E-03 -0.3071E+01  0.2847E-05  0.1518E+02  0.1181E+01    1.0000  0.0000E+00
  0.4000  -0.107E-02 -0.2970E+01  0.3222E-05  0.1518E+02  0.1181E+01    1.0000  0.0000E+00
  0.4000  -0.135E-02 -0.2869E+01  0.3645E-05  0.1517E+02  0.1181E+01    1.0000  0.0000E+00
  0.4000  -0.171E-02 -0.2768E+01  0.4124E-05  0.1516E+02  0.1181E+01    1.0000  0.0000E+00
  0.4000  -0.215E-02 -0.2667E+01  0.4666E-05  0.1515E+02  0.1180E+01    1.0000  0.0000E+00
  0.4000  -0.272E-02 -0.2566E+01  0.5280E-05  0.1514E+02  0.1180E+01    1.0000  0.0000E+00
  0.4000  -0.343E-02 -0.2465E+01  0.5974E-05  0.1512E+02  0.1180E+01    1.0000  0.0000E+00
  0.4000  -0.433E-02 -0.2364E+01  0.6759E-05  0.1511E+02  0.1179E+01    1.0000  0.1359E-30
  0.4000  -0.546E-02 -0.2263E+01  0.7648E-05  0.1509E+02  0.1179E+01    1.0000  0.1359E-30
  0.4000  -0.689E-02 -0.2162E+01  0.8653E-05  0.1507E+02  0.1178E+01    1.0000  0.1359E-30
  0.4000  -0.870E-02 -0.2061E+01  0.9790E-05  0.1505E+02  0.1177E+01    1.0000  0.1370E-29
  0.4000  -0.110E-01 -0.1960E+01  0.1108E-04  0.1502E+02  0.1177E+01    1.0000  0.5291E-29
  0.4000  -0.138E-01 -0.1859E+01  0.1253E-04  0.1499E+02  0.1176E+01    1.0000  0.1380E-28
  0.4000  -0.175E-01 -0.1758E+01  0.1418E-04  0.1496E+02  0.1175E+01    1.0000  0.2904E-28
  0.4000  -0.221E-01 -0.1657E+01  0.1605E-04  0.1492E+02  0.1174E+01    1.0000  0.1391E-27
  0.4000  -0.278E-01 -0.1556E+01  0.1815E-04  0.1488E+02  0.1173E+01    1.0000  0.4022E-27
  0.4000  -0.351E-01 -0.1455E+01  0.2054E-04  0.1484E+02  0.1171E+01    1.0000  0.1402E-26
  0.4000  -0.443E-01 -0.1354E+01  0.2324E-04  0.1478E+02  0.1170E+01    1.0000  0.4701E-26
  0.4000  -0.559E-01 -0.1253E+01  0.2630E-04  0.1472E+02  0.1168E+01    1.0000  0.1414E-25
  0.4000  -0.705E-01 -0.1152E+01  0.2975E-04  0.1466E+02  0.1166E+01    1.0000  0.4739E-25
  0.4000  -0.890E-01 -0.1051E+01  0.3366E-04  0.1458E+02  0.1164E+01    1.0000  0.1579E-24
  0.4000  -0.112E+00 -0.9495E+00  0.3809E-04  0.1449E+02  0.1161E+01    1.0000  0.5131E-24
  0.4000  -0.142E+00 -0.8485E+00  0.4309E-04  0.1440E+02  0.1158E+01    1.0000  0.1673E-23
  0.4000  -0.179E+00 -0.7475E+00  0.4876E-04  0.1429E+02  0.1155E+01    1.0000  0.5452E-23
  0.4000  -0.226E+00 -0.6465E+00  0.5517E-04  0.1417E+02  0.1151E+01    1.0000  0.1793E-22
  0.4000  -0.285E+00 -0.5455E+00  0.6242E-04  0.1403E+02  0.1147E+01    1.0000  0.5889E-22
  0.4000  -0.359E+00 -0.4444E+00  0.7062E-04  0.1387E+02  0.1142E+01    1.0000  0.1920E-21
  0.4000  -0.453E+00 -0.3434E+00  0.7989E-04  0.1370E+02  0.1137E+01    0.9999  0.6298E-21
  0.4000  -0.572E+00 -0.2424E+00  0.9038E-04  0.1350E+02  0.1130E+01    0.9999  0.2066E-20
  0.4000  -0.722E+00 -0.1414E+00  0.1022E-03  0.1328E+02  0.1123E+01    0.9999  0.6771E-20
  0.3999  -0.911E+00 -0.4040E-01  0.1157E-03  0.1303E+02  0.1115E+01    0.9998  0.2217E-19
  0.3999  -0.115E+01  0.6061E-01  0.1308E-03  0.1276E+02  0.1106E+01    0.9997  0.7255E-19
  0.3999  -0.145E+01  0.1616E+00  0.1480E-03  0.1244E+02  0.1095E+01    0.9996  0.2376E-18
  0.3998  -0.183E+01  0.2626E+00  0.1673E-03  0.1210E+02  0.1083E+01    0.9994  0.7781E-18
  0.3997  -0.231E+01  0.3636E+00  0.1891E-03  0.1171E+02  0.1069E+01    0.9992  0.2545E-17
  0.3996  -0.292E+01  0.4646E+00  0.2137E-03  0.1128E+02  0.1052E+01    0.9988  0.8323E-17
  0.3994  -0.368E+01  0.5657E+00  0.2413E-03  0.1081E+02  0.1034E+01    0.9983  0.2718E-16
  0.3992  -0.464E+01  0.6667E+00  0.2722E-03  0.1028E+02  0.1012E+01    0.9976  0.8868E-16
  0.3988  -0.586E+01  0.7677E+00  0.3068E-03  0.9704E+01  0.9870E+00    0.9966  0.2887E-15
  0.3983  -0.739E+01  0.8687E+00  0.3452E-03  0.9073E+01  0.9577E+00    0.9951  0.9371E-15
  0.3976  -0.933E+01  0.9697E+00  0.3874E-03  0.8387E+01  0.9236E+00    0.9931  0.3030E-14
  0.3966  -0.118E+02  0.1071E+01  0.4334E-03  0.7650E+01  0.8836E+00    0.9902  0.9742E-14
  0.3952  -0.148E+02  0.1172E+01  0.4825E-03  0.6865E+01  0.8366E+00    0.9861  0.3108E-13
  0.3932  -0.187E+02  0.1273E+01  0.5337E-03  0.6041E+01  0.7811E+00    0.9803  0.9805E-13
  0.3905  -0.236E+02  0.1374E+01  0.5850E-03  0.5193E+01  0.7154E+00    0.9724  0.3047E-12
  0.3867  -0.298E+02  0.1475E+01  0.6334E-03  0.4340E+01  0.6375E+00    0.9614  0.9271E-12
  0.3816  -0.376E+02  0.1576E+01  0.6746E-03  0.3507E+01  0.5450E+00    0.9465  0.2743E-11
  0.3747  -0.475E+02  0.1677E+01  0.7033E-03  0.2725E+01  0.4353E+00    0.9268  0.7820E-11
  0.3659  -0.599E+02  0.1778E+01  0.7137E-03  0.2023E+01  0.3060E+00    0.9012  0.2127E-10
  0.3548  -0.756E+02  0.1879E+01  0.7009E-03  0.1428E+01  0.1546E+00    0.8689  0.5455E-10
  0.3412  -0.955E+02  0.1980E+01  0.6628E-03  0.9538E+00 -0.2054E-01    0.8297  0.1305E-09
  0.3254  -0.120E+03  0.2081E+01  0.6014E-03  0.6022E+00 -0.2203E+00    0.7839  0.2889E-09
  0.3077  -0.152E+03  0.2182E+01  0.5230E-03  0.3596E+00 -0.4442E+00    0.7325  0.5881E-09
  0.2887  -0.192E+03  0.2283E+01  0.4366E-03  0.2039E+00 -0.6905E+00    0.6773  0.1099E-08
  0.2690  -0.242E+03  0.2384E+01  0.3510E-03  0.1105E+00 -0.9567E+00    0.6203  0.1890E-08
  0.2494  -0.305E+03  0.2485E+01  0.2733E-03  0.5759E-01 -0.1240E+01    0.5634  0.3011E-08
  0.2303  -0.385E+03  0.2586E+01  0.2073E-03  0.2910E-01 -0.1536E+01    0.5082  0.4476E-08
  0.2123  -0.486E+03  0.2687E+01  0.1539E-03  0.1435E-01 -0.1843E+01    0.4560  0.6265E-08
  0.1956  -0.614E+03  0.2788E+01  0.1125E-03  0.6946E-02 -0.2158E+01    0.4075  0.8329E-08
  0.1802  -0.774E+03  0.2889E+01  0.8126E-04  0.3317E-02 -0.2479E+01    0.3630  0.1060E-07
  0.1663  -0.977E+03  0.2990E+01  0.5817E-04  0.1568E-02 -0.2805E+01    0.3226  0.1301E-07
  0.1538  -0.123E+04  0.3091E+01  0.4138E-04  0.7362E-03 -0.3133E+01    0.2863  0.1548E-07
  0.1425  -0.156E+04  0.3192E+01  0.2931E-04  0.3438E-03 -0.3464E+01    0.2537  0.1795E-07
  0.1325  -0.196E+04  0.3293E+01  0.2069E-04  0.1599E-03 -0.3796E+01    0.2247  0.2038E-07
  0.1236  -0.248E+04  0.3394E+01  0.1457E-04  0.7422E-04 -0.4129E+01    0.1989  0.2273E-07
  0.1157  -0.313E+04  0.3495E+01  0.1024E-04  0.3438E-04 -0.4464E+01    0.1759  0.2496E-07
  0.1087  -0.394E+04  0.3596E+01  0.7194E-05  0.1590E-04 -0.4798E+01    0.1556  0.2706E-07
  0.1025  -0.498E+04  0.3697E+01  0.5048E-05  0.7351E-05 -0.5134E+01    0.1376  0.2901E-07
  0.0970  -0.628E+04  0.3798E+01  0.3541E-05  0.3395E-05 -0.5469E+01    0.1217  0.3080E-07
  0.0921  -0.792E+04  0.3899E+01  0.2482E-05  0.1568E-05 -0.5805E+01    0.1075  0.3245E-07
  0.0878  -0.100E+05  0.4000E+01  0.1740E-05  0.7235E-06 -0.6141E+01    0.0951  0.3393E-07
end
 
  0.3930  -0.100E-05 -0.6000E+01  0.1643E-05  0.1663E+02  0.1221E+01    1.0000  0.0000E+00
  0.3930  -0.126E-05 -0.5899E+01  0.1808E-05  0.1663E+02  0.1221E+01    1.0000  0.0000E+00
  0.3930  -0.159E-05 -0.5798E+01  0.1990E-05  0.1662E+02  0.1221E+01    1.0000  0.0000E+00
  0.3930  -0.201E-05 -0.5697E+01  0.2189E-05  0.1662E+02  0.1221E+01    1.0000  0.0000E+00
  0.3930  -0.254E-05 -0.5596E+01  0.2409E-05  0.1662E+02  0.1221E+01    1.0000  0.0000E+00
  0.3930  -0.320E-05 -0.5495E+01  0.2651E-05  0.1661E+02  0.1220E+01    1.0000  0.0000E+00
  0.3930  -0.404E-05 -0.5394E+01  0.2916E-05  0.1661E+02  0.1220E+01    1.0000  0.0000E+00
  0.3930  -0.509E-05 -0.5293E+01  0.3209E-05  0.1661E+02  0.1220E+01    1.0000  0.0000E+00
  0.3930  -0.643E-05 -0.5192E+01  0.3531E-05  0.1660E+02  0.1220E+01    1.0000  0.0000E+00
  0.3930  -0.811E-05 -0.5091E+01  0.3885E-05  0.1660E+02  0.1220E+01    1.0000  0.0000E+00
  0.3930  -0.102E-04 -0.4990E+01  0.4275E-05  0.1659E+02  0.1220E+01    1.0000  0.0000E+00
  0.3930  -0.129E-04 -0.4889E+01  0.4704E-05  0.1659E+02  0.1220E+01    1.0000  0.0000E+00
  0.3930  -0.163E-04 -0.4788E+01  0.5175E-05  0.1658E+02  0.1220E+01    1.0000  0.0000E+00
  0.3930  -0.206E-04 -0.4687E+01  0.5695E-05  0.1657E+02  0.1219E+01    1.0000  0.0000E+00
  0.3930  -0.260E-04 -0.4586E+01  0.6266E-05  0.1657E+02  0.1219E+01    1.0000  0.0000E+00
  0.3930  -0.327E-04 -0.4485E+01  0.6894E-05  0.1656E+02  0.1219E+01    1.0000  0.0000E+00
  0.3930  -0.413E-04 -0.4384E+01  0.7586E-05  0.1655E+02  0.1219E+01    1.0000  0.0000E+00
  0.3930  -0.521E-04 -0.4283E+01  0.8347E-05  0.1654E+02  0.1219E+01    1.0000  0.0000E+00
  0.3930  -0.658E-04 -0.4182E+01  0.9184E-05  0.1653E+02  0.1218E+01    1.0000  0.0000E+00
  0.3930  -0.830E-04 -0.4081E+01  0.1011E-04  0.1652E+02  0.1218E+01    1.0000  0.0000E+00
  0.3930  -0.105E-03 -0.3980E+01  0.1112E-04  0.1650E+02  0.1218E+01    1.0000  0.0000E+00
  0.3930  -0.132E-03 -0.3879E+01  0.1223E-04  0.1649E+02  0.1217E+01    1.0000  0.0000E+00
  0.3930  -0.167E-03 -0.3778E+01  0.1346E-04  0.1647E+02  0.1217E+01    1.0000  0.0000E+00
  0.3930  -0.210E-03 -0.3677E+01  0.1481E-04  0.1645E+02  0.1216E+01    1.0000  0.0000E+00
  0.3930  -0.266E-03 -0.3576E+01  0.1630E-04  0.1643E+02  0.1216E+01    1.0000  0.0000E+00
  0.3930  -0.335E-03 -0.3475E+01  0.1793E-04  0.1641E+02  0.1215E+01    1.0000  0.0000E+00
  0.3930  -0.423E-03 -0.3374E+01  0.1973E-04  0.1639E+02  0.1215E+01    1.0000  0.0000E+00
  0.3930  -0.534E-03 -0.3273E+01  0.2171E-04  0.1636E+02  0.1214E+01    1.0000  0.0000E+00
  0.3930  -0.673E-03 -0.3172E+01  0.2389E-04  0.1633E+02  0.1213E+01    1.0000  0.0000E+00
  0.3930  -0.850E-03 -0.3071E+01  0.2628E-04  0.1630E+02  0.1212E+01    1.0000  0.1408E-30
  0.3930  -0.107E-02 -0.2970E+01  0.2892E-04  0.1627E+02  0.1211E+01    1.0000  0.1408E-30
  0.3930  -0.135E-02 -0.2869E+01  0.3182E-04  0.1623E+02  0.1210E+01    1.0000  0.1408E-30
  0.3930  -0.171E-02 -0.2768E+01  0.3501E-04  0.1619E+02  0.1209E+01    1.0000  0.1408E-30
  0.3930  -0.215E-02 -0.2667E+01  0.3853E-04  0.1614E+02  0.1208E+01    1.0000  0.1419E-29
  0.3930  -0.272E-02 -0.2566E+01  0.4239E-04  0.1609E+02  0.1207E+01    1.0000  0.5481E-29
  0.3930  -0.343E-02 -0.2465E+01  0.4664E-04  0.1603E+02  0.1205E+01    1.0000  0.1430E-28
  0.3930  -0.433E-02 -0.2364E+01  0.5132E-04  0.1597E+02  0.1203E+01    1.0000  0.3009E-28
  0.3930  -0.546E-02 -0.2263E+01  0.5647E-04  0.1591E+02  0.1202E+01    1.0000  0.9236E-28
  0.3930  -0.689E-02 -0.2162E+01  0.6214E-04  0.1583E+02  0.1200E+01    1.0000  0.3033E-27
  0.3930  -0.870E-02 -0.2061E+01  0.6837E-04  0.1575E+02  0.1197E+01    1.0000  0.9309E-27
  0.3930  -0.110E-01 -0.1960E+01  0.7523E-04  0.1566E+02  0.1195E+01    1.0000  0.3057E-26
  0.3930  -0.138E-01 -0.1859E+01  0.8277E-04  0.1557E+02  0.1192E+01    1.0000  0.8312E-26
  0.3930  -0.175E-01 -0.1758E+01  0.9107E-04  0.1546E+02  0.1189E+01    1.0000  0.2597E-25
  0.3930  -0.221E-01 -0.1657E+01  0.1002E-03  0.1534E+02  0.1186E+01    1.0000  0.7872E-25
  0.3930  -0.278E-01 -0.1556E+01  0.1103E-03  0.1521E+02  0.1182E+01    1.0000  0.2288E-24
  0.3930  -0.351E-01 -0.1455E+01  0.1213E-03  0.1507E+02  0.1178E+01    1.0000  0.6754E-24
  0.3930  -0.443E-01 -0.1354E+01  0.1335E-03  0.1492E+02  0.1174E+01    1.0000  0.2054E-23
  0.3930  -0.559E-01 -0.1253E+01  0.1469E-03  0.1475E+02  0.1169E+01    1.0000  0.6052E-23
  0.3930  -0.705E-01 -0.1152E+01  0.1616E-03  0.1457E+02  0.1163E+01    1.0000  0.1813E-22
  0.3930  -0.890E-01 -0.1051E+01  0.1778E-03  0.1436E+02  0.1157E+01    1.0000  0.5400E-22
  0.3930  -0.112E+00 -0.9495E+00  0.1956E-03  0.1415E+02  0.1151E+01    1.0000  0.1622E-21
  0.3930  -0.142E+00 -0.8485E+00  0.2152E-03  0.1390E+02  0.1143E+01    0.9999  0.4841E-21
  0.3930  -0.179E+00 -0.7475E+00  0.2368E-03  0.1364E+02  0.1135E+01    0.9999  0.1441E-20
  0.3930  -0.226E+00 -0.6465E+00  0.2605E-03  0.1336E+02  0.1126E+01    0.9999  0.4311E-20
  0.3929  -0.285E+00 -0.5455E+00  0.2866E-03  0.1305E+02  0.1116E+01    0.9998  0.1286E-19
  0.3929  -0.359E+00 -0.4444E+00  0.3152E-03  0.1271E+02  0.1104E+01    0.9998  0.3839E-19
  0.3929  -0.453E+00 -0.3434E+00  0.3467E-03  0.1234E+02  0.1091E+01    0.9997  0.1145E-18
  0.3928  -0.572E+00 -0.2424E+00  0.3813E-03  0.1195E+02  0.1077E+01    0.9995  0.3416E-18
  0.3928  -0.722E+00 -0.1414E+00  0.4192E-03  0.1152E+02  0.1061E+01    0.9994  0.1018E-17
  0.3927  -0.911E+00 -0.4040E-01  0.4607E-03  0.1106E+02  0.1044E+01    0.9991  0.3036E-17
  0.3926  -0.115E+01  0.6061E-01  0.5062E-03  0.1056E+02  0.1024E+01    0.9988  0.9041E-17
  0.3924  -0.145E+01  0.1616E+00  0.5558E-03  0.1003E+02  0.1001E+01    0.9983  0.2690E-16
  0.3922  -0.183E+01  0.2626E+00  0.6097E-03  0.9456E+01  0.9757E+00    0.9976  0.7993E-16
  0.3919  -0.231E+01  0.3636E+00  0.6682E-03  0.8850E+01  0.9469E+00    0.9967  0.2371E-15
  0.3915  -0.292E+01  0.4646E+00  0.7311E-03  0.8208E+01  0.9142E+00    0.9955  0.7012E-15
  0.3909  -0.368E+01  0.5657E+00  0.7982E-03  0.7533E+01  0.8769E+00    0.9937  0.2067E-14
  0.3901  -0.464E+01  0.6667E+00  0.8690E-03  0.6828E+01  0.8343E+00    0.9913  0.6063E-14
  0.3890  -0.586E+01  0.7677E+00  0.9422E-03  0.6101E+01  0.7854E+00    0.9880  0.1766E-13
  0.3875  -0.739E+01  0.8687E+00  0.1016E-02  0.5360E+01  0.7292E+00    0.9836  0.5099E-13
  0.3854  -0.933E+01  0.9697E+00  0.1088E-02  0.4615E+01  0.6642E+00    0.9775  0.1454E-12
  0.3827  -0.118E+02  0.1071E+01  0.1153E-02  0.3882E+01  0.5890E+00    0.9693  0.4078E-12
  0.3791  -0.148E+02  0.1172E+01  0.1207E-02  0.3176E+01  0.5019E+00    0.9585  0.1119E-11
  0.3743  -0.187E+02  0.1273E+01  0.1243E-02  0.2518E+01  0.4011E+00    0.9443  0.2986E-11
  0.3681  -0.236E+02  0.1374E+01  0.1254E-02  0.1926E+01  0.2846E+00    0.9260  0.7687E-11
  0.3604  -0.298E+02  0.1475E+01  0.1235E-02  0.1414E+01  0.1505E+00    0.9030  0.1894E-10
  0.3510  -0.376E+02  0.1576E+01  0.1181E-02  0.9943E+00 -0.2485E-02    0.8749  0.4426E-10
  0.3398  -0.475E+02  0.1677E+01  0.1093E-02  0.6677E+00 -0.1754E+00    0.8415  0.9740E-10
  0.3269  -0.599E+02  0.1778E+01  0.9783E-03  0.4282E+00 -0.3683E+00    0.8032  0.2006E-09
  0.3126  -0.756E+02  0.1879E+01  0.8458E-03  0.2626E+00 -0.5807E+00    0.7607  0.3850E-09
  0.2973  -0.955E+02  0.1980E+01  0.7074E-03  0.1546E+00 -0.8108E+00    0.7150  0.6888E-09
  0.2813  -0.120E+03  0.2081E+01  0.5742E-03  0.8774E-01 -0.1057E+01    0.6676  0.1150E-08
  0.2652  -0.152E+03  0.2182E+01  0.4541E-03  0.4828E-01 -0.1316E+01    0.6197  0.1802E-08
  0.2493  -0.192E+03  0.2283E+01  0.3514E-03  0.2591E-01 -0.1587E+01    0.5724  0.2664E-08
  0.2339  -0.242E+03  0.2384E+01  0.2673E-03  0.1362E-01 -0.1866E+01    0.5266  0.3739E-08
  0.2193  -0.305E+03  0.2485E+01  0.2005E-03  0.7051E-02 -0.2152E+01    0.4830  0.5015E-08
  0.2055  -0.385E+03  0.2586E+01  0.1488E-03  0.3606E-02 -0.2443E+01    0.4420  0.6469E-08
  0.1926  -0.486E+03  0.2687E+01  0.1096E-03  0.1828E-02 -0.2738E+01    0.4037  0.8070E-08
  0.1807  -0.614E+03  0.2788E+01  0.8019E-04  0.9205E-03 -0.3036E+01    0.3682  0.9783E-08
  0.1697  -0.774E+03  0.2889E+01  0.5844E-04  0.4612E-03 -0.3336E+01    0.3355  0.1157E-07
  0.1597  -0.977E+03  0.2990E+01  0.4245E-04  0.2303E-03 -0.3638E+01    0.3055  0.1341E-07
  0.1504  -0.123E+04  0.3091E+01  0.3076E-04  0.1147E-03 -0.3941E+01    0.2781  0.1525E-07
  0.1420  -0.156E+04  0.3192E+01  0.2226E-04  0.5699E-04 -0.4244E+01    0.2530  0.1709E-07
  0.1343  -0.196E+04  0.3293E+01  0.1608E-04  0.2828E-04 -0.4548E+01    0.2301  0.1889E-07
  0.1273  -0.248E+04  0.3394E+01  0.1161E-04  0.1402E-04 -0.4853E+01    0.2092  0.2065E-07
  0.1209  -0.313E+04  0.3495E+01  0.8376E-05  0.6948E-05 -0.5158E+01    0.1902  0.2234E-07
  0.1151  -0.394E+04  0.3596E+01  0.6040E-05  0.3441E-05 -0.5463E+01    0.1729  0.2395E-07
  0.1098  -0.498E+04  0.3697E+01  0.4354E-05  0.1703E-05 -0.5769E+01    0.1572  0.2549E-07
  0.1050  -0.628E+04  0.3798E+01  0.3138E-05  0.8429E-06 -0.6074E+01    0.1429  0.2693E-07
  0.1006  -0.792E+04  0.3899E+01  0.2261E-05  0.4170E-06 -0.6380E+01    0.1299  0.2829E-07
  0.0967  -0.100E+05  0.4000E+01  0.1629E-05  0.2063E-06 -0.6685E+01    0.1180  0.2954E-07
end


 Solute transport information
 ============================

 Upstream weighting finite-element method


 lTDep     lWDep     cTolA     cTolR   MaxItC
  F        0    0.000E+00    0.0000      1


 Mat.     Bulk.D.    DispL    Fraction  Immobile WC
  1       1.5000   17.2100    1.0000    0.0000
  2       1.5000   17.2100    1.0000    0.0000

    Dif.w.      Dif.g.   -------------------------------------------------- ( 1.solute)
  0.1000E+01  0.0000E+00
 Mat.     KS         Nu         Beta      Henry  SinkL1     SinkS1     SinkG1     SinkL1`    SinkS1`    SinkG1`  SinkL0     SinkS0     SinkG0      Alfa
   1 0.9180E+01 0.0000E+00 0.1000E+01 0.0000E+00 0.0000E+00 0.0000E+00 0.0000E+00 0.0000E+00 0.0000E+00 0.0000E+00 0.0000E+00 0.0000E+00 0.0000E+00 0.0000E+00

 No adsorption or linear adsorp. isotherm for material  1
   2 0.7540E+01 0.0000E+00 0.1000E+01 0.0000E+00 0.0000E+00 0.0000E+00 0.0000E+00 0.0000E+00 0.0000E+00 0.0000E+00 0.0000E+00 0.0000E+00 0.0000E+00 0.0000E+00

 No adsorption or linear adsorp. isotherm for material  2

 kTopCh      cTop(1...NS)
  -1        0.000E+00

 kBotCh      cBot(1...NS)
   1        0.000E+00

 tPulse =          7300.000
