 ******* Program HYDRUS
 ******* 
 Welcome to HYDRUS-1D                                                    
 Date:  26. 3.2026    Time:   6:18:19
 Units: L = cm   , T = days , M = micro


    TLevel      Time           dt     ItrW ItrC    ItCum  KodT  KodB Converg  Peclet   Courant

        1  0.1000000E+00  0.10000E+00    4    1        4    -4     1     T     0.096     0.001
       11  0.4301499E+01  0.10000E+01    2    1       25    -4     1     T     0.096     0.008
       21  0.1430150E+02  0.10000E+01    2    1       45    -4     1     T     0.096     0.008
       31  0.2430150E+02  0.10000E+01    2    1       65    -4     1     T     0.096     0.008
       41  0.3430150E+02  0.10000E+01    2    1       85    -4     1     T     0.096     0.008
       51  0.4430150E+02  0.10000E+01    2    1      105    -4     1     T     0.096     0.008
       61  0.5430150E+02  0.10000E+01    2    1      125    -4     1     T     0.096     0.008
       71  0.6430150E+02  0.10000E+01    2    1      145    -4     1     T     0.096     0.008
       81  0.7430150E+02  0.10000E+01    2    1      165    -4     1     T     0.096     0.008
       91  0.8430150E+02  0.10000E+01    2    1      185    -4     1     T     0.096     0.008
      101  0.9430150E+02  0.10000E+01    2    1      205    -4     1     T     0.096     0.008
      111  0.1043015E+03  0.10000E+01    2    1      225    -4     1     T     0.096     0.008
      121  0.1143015E+03  0.10000E+01    2    1      245    -4     1     T     0.096     0.008
      131  0.1243015E+03  0.10000E+01    2    1      265    -4     1     T     0.096     0.008
      141  0.1343015E+03  0.10000E+01    2    1      285    -4     1     T     0.096     0.008
      151  0.1443015E+03  0.10000E+01    2    1      305    -4     1     T     0.096     0.008
      161  0.1543015E+03  0.10000E+01    2    1      325    -4     1     T     0.096     0.008
      171  0.1643015E+03  0.10000E+01    2    1      345    -4     1     T     0.096     0.008
      181  0.1743015E+03  0.10000E+01    2    1      365    -4     1     T     0.096     0.008
      191  0.1843015E+03  0.10000E+01    2    1      385    -4     1     T     0.096     0.008
      201  0.1943015E+03  0.10000E+01    2    1      405    -4     1     T     0.096     0.008
      211  0.2043015E+03  0.10000E+01    2    1      425    -4     1     T     0.096     0.008
      221  0.2143015E+03  0.10000E+01    2    1      445    -4     1     T     0.096     0.008
      231  0.2243015E+03  0.10000E+01    2    1      465    -4     1     T     0.096     0.008
      241  0.2343015E+03  0.10000E+01    2    1      485    -4     1     T     0.096     0.008
      251  0.2443015E+03  0.10000E+01    2    1      505    -4     1     T     0.096     0.008
      261  0.2543015E+03  0.10000E+01    2    1      525    -4     1     T     0.096     0.008
      271  0.2643015E+03  0.10000E+01    2    1      545    -4     1     T     0.096     0.008
      281  0.2743015E+03  0.10000E+01    2    1      565    -4     1     T     0.096     0.008
      291  0.2843015E+03  0.10000E+01    2    1      585    -4     1     T     0.096     0.008
      301  0.2943015E+03  0.10000E+01    2    1      605    -4     1     T     0.096     0.008
      311  0.3043015E+03  0.10000E+01    2    1      625    -4     1     T     0.096     0.008
      321  0.3143015E+03  0.10000E+01    2    1      645    -4     1     T     0.096     0.008
      331  0.3243015E+03  0.10000E+01    2    1      665    -4     1     T     0.096     0.008
      341  0.3343015E+03  0.10000E+01    2    1      685    -4     1     T     0.096     0.008
      351  0.3443015E+03  0.10000E+01    2    1      705    -4     1     T     0.096     0.008
      361  0.3543015E+03  0.10000E+01    2    1      725    -4     1     T     0.096     0.008
      371  0.3640301E+03  0.96985E+00    2    1      745    -4     1     T     0.096     0.008
      372  0.3650000E+03  0.96985E+00    2    1      747    -4     1     T     0.096     0.008
      381  0.3740000E+03  0.10000E+01    2    1      765    -4     1     T     0.096     0.008
      391  0.3840000E+03  0.10000E+01    2    1      785    -4     1     T     0.096     0.008
      401  0.3940000E+03  0.10000E+01    2    1      805    -4     1     T     0.096     0.008
      411  0.4040000E+03  0.10000E+01    2    1      825    -4     1     T     0.096     0.008
      421  0.4140000E+03  0.10000E+01    2    1      845    -4     1     T     0.096     0.008
      431  0.4240000E+03  0.10000E+01    2    1      865    -4     1     T     0.096     0.008
      441  0.4340000E+03  0.10000E+01    2    1      885    -4     1     T     0.096     0.008
      451  0.4440000E+03  0.10000E+01    2    1      905    -4     1     T     0.096     0.008
      461  0.4540000E+03  0.10000E+01    2    1      925    -4     1     T     0.096     0.008
      471  0.4640000E+03  0.10000E+01    2    1      945    -4     1     T     0.096     0.008
      481  0.4740000E+03  0.10000E+01    2    1      965    -4     1     T     0.096     0.008
      491  0.4840000E+03  0.10000E+01    2    1      985    -4     1     T     0.096     0.008
      501  0.4940000E+03  0.10000E+01    2    1     1005    -4     1     T     0.096     0.008
      511  0.5040000E+03  0.10000E+01    2    1     1025    -4     1     T     0.096     0.008
      521  0.5140000E+03  0.10000E+01    2    1     1045    -4     1     T     0.096     0.008
      531  0.5240000E+03  0.10000E+01    2    1     1065    -4     1     T     0.096     0.008
      541  0.5340000E+03  0.10000E+01    2    1     1085    -4     1     T     0.096     0.008
      551  0.5440000E+03  0.10000E+01    2    1     1105    -4     1     T     0.096     0.008
      561  0.5540000E+03  0.10000E+01    2    1     1125    -4     1     T     0.096     0.008
      571  0.5640000E+03  0.10000E+01    2    1     1145    -4     1     T     0.096     0.008
      581  0.5740000E+03  0.10000E+01    2    1     1165    -4     1     T     0.096     0.008
      591  0.5840000E+03  0.10000E+01    2    1     1185    -4     1     T     0.096     0.008
      601  0.5940000E+03  0.10000E+01    2    1     1205    -4     1     T     0.096     0.008
      611  0.6040000E+03  0.10000E+01    2    1     1225    -4     1     T     0.096     0.008
      621  0.6140000E+03  0.10000E+01    2    1     1245    -4     1     T     0.096     0.008
      631  0.6240000E+03  0.10000E+01    2    1     1265    -4     1     T     0.096     0.008
      641  0.6340000E+03  0.10000E+01    2    1     1285    -4     1     T     0.096     0.008
      651  0.6440000E+03  0.10000E+01    2    1     1305    -4     1     T     0.096     0.008
      661  0.6540000E+03  0.10000E+01    2    1     1325    -4     1     T     0.096     0.008
      671  0.6640000E+03  0.10000E+01    2    1     1345    -4     1     T     0.096     0.008
      681  0.6740000E+03  0.10000E+01    2    1     1365    -4     1     T     0.096     0.008
      691  0.6840000E+03  0.10000E+01    2    1     1385    -4     1     T     0.096     0.008
      701  0.6940000E+03  0.10000E+01    2    1     1405    -4     1     T     0.096     0.008
      711  0.7040000E+03  0.10000E+01    2    1     1425    -4     1     T     0.096     0.008
      721  0.7140000E+03  0.10000E+01    2    1     1445    -4     1     T     0.096     0.008
      731  0.7240000E+03  0.10000E+01    2    1     1465    -4     1     T     0.096     0.008
      737  0.7300000E+03  0.10000E+01    2    1     1477    -4     1     T     0.096     0.008
      741  0.7340000E+03  0.10000E+01    2    1     1485    -4     1     T     0.096     0.008
      751  0.7440000E+03  0.10000E+01    2    1     1505    -4     1     T     0.096     0.008
      761  0.7540000E+03  0.10000E+01    2    1     1525    -4     1     T     0.096     0.008
      771  0.7640000E+03  0.10000E+01    2    1     1545    -4     1     T     0.096     0.008
      781  0.7740000E+03  0.10000E+01    2    1     1565    -4     1     T     0.096     0.008
      791  0.7840000E+03  0.10000E+01    2    1     1585    -4     1     T     0.096     0.008
      801  0.7940000E+03  0.10000E+01    2    1     1605    -4     1     T     0.096     0.008
      811  0.8040000E+03  0.10000E+01    2    1     1625    -4     1     T     0.096     0.008
      821  0.8140000E+03  0.10000E+01    2    1     1645    -4     1     T     0.096     0.008
      831  0.8240000E+03  0.10000E+01    2    1     1665    -4     1     T     0.096     0.008
      841  0.8340000E+03  0.10000E+01    2    1     1685    -4     1     T     0.096     0.008
      851  0.8440000E+03  0.10000E+01    2    1     1705    -4     1     T     0.096     0.008
      861  0.8540000E+03  0.10000E+01    2    1     1725    -4     1     T     0.096     0.008
      871  0.8640000E+03  0.10000E+01    2    1     1745    -4     1     T     0.096     0.008
      881  0.8740000E+03  0.10000E+01    2    1     1765    -4     1     T     0.096     0.008
      891  0.8840000E+03  0.10000E+01    2    1     1785    -4     1     T     0.096     0.008
      901  0.8940000E+03  0.10000E+01    2    1     1805    -4     1     T     0.096     0.008
      911  0.9040000E+03  0.10000E+01    2    1     1825    -4     1     T     0.096     0.008
      921  0.9140000E+03  0.10000E+01    2    1     1845    -4     1     T     0.096     0.008
      931  0.9240000E+03  0.10000E+01    2    1     1865    -4     1     T     0.096     0.008
      941  0.9340000E+03  0.10000E+01    2    1     1885    -4     1     T     0.096     0.008
      951  0.9440000E+03  0.10000E+01    2    1     1905    -4     1     T     0.096     0.008
      961  0.9540000E+03  0.10000E+01    2    1     1925    -4     1     T     0.096     0.008
      971  0.9640000E+03  0.10000E+01    2    1     1945    -4     1     T     0.096     0.008
      981  0.9740000E+03  0.10000E+01    2    1     1965    -4     1     T     0.096     0.008
      991  0.9840000E+03  0.10000E+01    2    1     1985    -4     1     T     0.096     0.008
     1001  0.9940000E+03  0.10000E+01    2    1     2005    -4     1     T     0.096     0.008
     1011  0.1004000E+04  0.10000E+01    2    1     2025    -4     1     T     0.096     0.008
     1021  0.1014000E+04  0.10000E+01    2    1     2045    -4     1     T     0.096     0.008
     1031  0.1024000E+04  0.10000E+01    2    1     2065    -4     1     T     0.096     0.008
     1041  0.1034000E+04  0.10000E+01    2    1     2085    -4     1     T     0.096     0.008
     1051  0.1044000E+04  0.10000E+01    2    1     2105    -4     1     T     0.096     0.008
     1061  0.1054000E+04  0.10000E+01    2    1     2125    -4     1     T     0.096     0.008
     1071  0.1064000E+04  0.10000E+01    2    1     2145    -4     1     T     0.096     0.008
     1081  0.1074000E+04  0.10000E+01    2    1     2165    -4     1     T     0.096     0.008
     1091  0.1084000E+04  0.10000E+01    2    1     2185    -4     1     T     0.096     0.008
     1101  0.1094000E+04  0.10000E+01    2    1     2205    -4     1     T     0.096     0.008
     1102  0.1095000E+04  0.10000E+01    2    1     2207    -4     1     T     0.096     0.008
     1111  0.1104000E+04  0.10000E+01    2    1     2225    -4     1     T     0.096     0.008
     1121  0.1114000E+04  0.10000E+01    2    1     2245    -4     1     T     0.096     0.008
     1131  0.1124000E+04  0.10000E+01    2    1     2265    -4     1     T     0.096     0.008
     1141  0.1134000E+04  0.10000E+01    2    1     2285    -4     1     T     0.096     0.008
     1151  0.1144000E+04  0.10000E+01    2    1     2305    -4     1     T     0.096     0.008
     1161  0.1154000E+04  0.10000E+01    2    1     2325    -4     1     T     0.096     0.008
     1171  0.1164000E+04  0.10000E+01    2    1     2345    -4     1     T     0.096     0.008
     1181  0.1174000E+04  0.10000E+01    2    1     2365    -4     1     T     0.096     0.008
     1191  0.1184000E+04  0.10000E+01    2    1     2385    -4     1     T     0.096     0.008
     1201  0.1194000E+04  0.10000E+01    2    1     2405    -4     1     T     0.096     0.008
     1211  0.1204000E+04  0.10000E+01    2    1     2425    -4     1     T     0.096     0.008
     1221  0.1214000E+04  0.10000E+01    2    1     2445    -4     1     T     0.096     0.008
     1231  0.1224000E+04  0.10000E+01    2    1     2465    -4     1     T     0.096     0.008
     1241  0.1234000E+04  0.10000E+01    2    1     2485    -4     1     T     0.096     0.008
     1251  0.1244000E+04  0.10000E+01    2    1     2505    -4     1     T     0.096     0.008
     1261  0.1254000E+04  0.10000E+01    2    1     2525    -4     1     T     0.096     0.008
     1271  0.1264000E+04  0.10000E+01    2    1     2545    -4     1     T     0.096     0.008
     1281  0.1274000E+04  0.10000E+01    2    1     2565    -4     1     T     0.096     0.008
     1291  0.1284000E+04  0.10000E+01    2    1     2585    -4     1     T     0.096     0.008
     1301  0.1294000E+04  0.10000E+01    2    1     2605    -4     1     T     0.096     0.008
     1311  0.1304000E+04  0.10000E+01    2    1     2625    -4     1     T     0.096     0.008
     1321  0.1314000E+04  0.10000E+01    2    1     2645    -4     1     T     0.096     0.008
     1331  0.1324000E+04  0.10000E+01    2    1     2665    -4     1     T     0.096     0.008
     1341  0.1334000E+04  0.10000E+01    2    1     2685    -4     1     T     0.096     0.008
     1351  0.1344000E+04  0.10000E+01    2    1     2705    -4     1     T     0.096     0.008
     1361  0.1354000E+04  0.10000E+01    2    1     2725    -4     1     T     0.096     0.008
     1371  0.1364000E+04  0.10000E+01    2    1     2745    -4     1     T     0.096     0.008
     1381  0.1374000E+04  0.10000E+01    2    1     2765    -4     1     T     0.096     0.008
     1391  0.1384000E+04  0.10000E+01    2    1     2785    -4     1     T     0.096     0.008
     1401  0.1394000E+04  0.10000E+01    2    1     2805    -4     1     T     0.096     0.008
     1411  0.1404000E+04  0.10000E+01    2    1     2825    -4     1     T     0.096     0.008
     1421  0.1414000E+04  0.10000E+01    2    1     2845    -4     1     T     0.096     0.008
     1431  0.1424000E+04  0.10000E+01    2    1     2865    -4     1     T     0.096     0.008
     1441  0.1434000E+04  0.10000E+01    2    1     2885    -4     1     T     0.096     0.008
     1451  0.1444000E+04  0.10000E+01    2    1     2905    -4     1     T     0.096     0.008
     1461  0.1454000E+04  0.10000E+01    2    1     2925    -4     1     T     0.096     0.008
     1467  0.1460000E+04  0.10000E+01    2    1     2937    -4     1     T     0.096     0.008
     1471  0.1464000E+04  0.10000E+01    2    1     2945    -4     1     T     0.096     0.008
     1481  0.1474000E+04  0.10000E+01    2    1     2965    -4     1     T     0.096     0.008
     1491  0.1484000E+04  0.10000E+01    2    1     2985    -4     1     T     0.096     0.008
     1501  0.1494000E+04  0.10000E+01    2    1     3005    -4     1     T     0.096     0.008
     1511  0.1504000E+04  0.10000E+01    2    1     3025    -4     1     T     0.096     0.008
     1521  0.1514000E+04  0.10000E+01    2    1     3045    -4     1     T     0.096     0.008
     1531  0.1524000E+04  0.10000E+01    2    1     3065    -4     1     T     0.096     0.008
     1541  0.1534000E+04  0.10000E+01    2    1     3085    -4     1     T     0.096     0.008
     1551  0.1544000E+04  0.10000E+01    2    1     3105    -4     1     T     0.096     0.008
     1561  0.1554000E+04  0.10000E+01    2    1     3125    -4     1     T     0.096     0.008
     1571  0.1564000E+04  0.10000E+01    2    1     3145    -4     1     T     0.096     0.008
     1581  0.1574000E+04  0.10000E+01    2    1     3165    -4     1     T     0.096     0.008
     1591  0.1584000E+04  0.10000E+01    2    1     3185    -4     1     T     0.096     0.008
     1601  0.1594000E+04  0.10000E+01    2    1     3205    -4     1     T     0.096     0.008
     1611  0.1604000E+04  0.10000E+01    2    1     3225    -4     1     T     0.096     0.008
     1621  0.1614000E+04  0.10000E+01    2    1     3245    -4     1     T     0.096     0.008
     1631  0.1624000E+04  0.10000E+01    2    1     3265    -4     1     T     0.096     0.008
     1641  0.1634000E+04  0.10000E+01    2    1     3285    -4     1     T     0.096     0.008
     1651  0.1644000E+04  0.10000E+01    2    1     3305    -4     1     T     0.096     0.008
     1661  0.1654000E+04  0.10000E+01    2    1     3325    -4     1     T     0.096     0.008
     1671  0.1664000E+04  0.10000E+01    2    1     3345    -4     1     T     0.096     0.008
     1681  0.1674000E+04  0.10000E+01    2    1     3365    -4     1     T     0.096     0.008
     1691  0.1684000E+04  0.10000E+01    2    1     3385    -4     1     T     0.096     0.008
     1701  0.1694000E+04  0.10000E+01    2    1     3405    -4     1     T     0.096     0.008
     1711  0.1704000E+04  0.10000E+01    2    1     3425    -4     1     T     0.096     0.008
     1721  0.1714000E+04  0.10000E+01    2    1     3445    -4     1     T     0.096     0.008
     1731  0.1724000E+04  0.10000E+01    2    1     3465    -4     1     T     0.096     0.008
     1741  0.1734000E+04  0.10000E+01    2    1     3485    -4     1     T     0.096     0.008
     1751  0.1744000E+04  0.10000E+01    2    1     3505    -4     1     T     0.096     0.008
     1761  0.1754000E+04  0.10000E+01    2    1     3525    -4     1     T     0.096     0.008
     1771  0.1764000E+04  0.10000E+01    2    1     3545    -4     1     T     0.096     0.008
     1781  0.1774000E+04  0.10000E+01    2    1     3565    -4     1     T     0.096     0.008
     1791  0.1784000E+04  0.10000E+01    2    1     3585    -4     1     T     0.096     0.008
     1801  0.1794000E+04  0.10000E+01    2    1     3605    -4     1     T     0.096     0.008
     1811  0.1804000E+04  0.10000E+01    2    1     3625    -4     1     T     0.096     0.008
     1821  0.1814000E+04  0.10000E+01    2    1     3645    -4     1     T     0.096     0.008
     1831  0.1824000E+04  0.10000E+01    2    1     3665    -4     1     T     0.096     0.008
     1832  0.1825000E+04  0.10000E+01    2    1     3667    -4     1     T     0.096     0.008
     1841  0.1834000E+04  0.10000E+01    2    1     3685    -4     1     T     0.096     0.008
     1851  0.1844000E+04  0.10000E+01    2    1     3705    -4     1     T     0.096     0.008
     1861  0.1854000E+04  0.10000E+01    2    1     3725    -4     1     T     0.096     0.008
     1871  0.1864000E+04  0.10000E+01    2    1     3745    -4     1     T     0.096     0.008
     1881  0.1874000E+04  0.10000E+01    2    1     3765    -4     1     T     0.096     0.008
     1891  0.1884000E+04  0.10000E+01    2    1     3785    -4     1     T     0.096     0.008
     1901  0.1894000E+04  0.10000E+01    2    1     3805    -4     1     T     0.096     0.008
     1911  0.1904000E+04  0.10000E+01    2    1     3825    -4     1     T     0.096     0.008
     1921  0.1914000E+04  0.10000E+01    2    1     3845    -4     1     T     0.096     0.008
     1931  0.1924000E+04  0.10000E+01    2    1     3865    -4     1     T     0.096     0.008
     1941  0.1934000E+04  0.10000E+01    2    1     3885    -4     1     T     0.096     0.008
     1951  0.1944000E+04  0.10000E+01    2    1     3905    -4     1     T     0.096     0.008
     1961  0.1954000E+04  0.10000E+01    2    1     3925    -4     1     T     0.096     0.008
     1971  0.1964000E+04  0.10000E+01    2    1     3945    -4     1     T     0.096     0.008
     1981  0.1974000E+04  0.10000E+01    2    1     3965    -4     1     T     0.096     0.008
     1991  0.1984000E+04  0.10000E+01    2    1     3985    -4     1     T     0.096     0.008
     2001  0.1994000E+04  0.10000E+01    2    1     4005    -4     1     T     0.096     0.008
     2011  0.2004000E+04  0.10000E+01    2    1     4025    -4     1     T     0.096     0.008
     2021  0.2014000E+04  0.10000E+01    2    1     4045    -4     1     T     0.096     0.008
     2031  0.2024000E+04  0.10000E+01    2    1     4065    -4     1     T     0.096     0.008
     2041  0.2034000E+04  0.10000E+01    2    1     4085    -4     1     T     0.096     0.008
     2051  0.2044000E+04  0.10000E+01    2    1     4105    -4     1     T     0.096     0.008
     2061  0.2054000E+04  0.10000E+01    2    1     4125    -4     1     T     0.096     0.008
     2071  0.2064000E+04  0.10000E+01    2    1     4145    -4     1     T     0.096     0.008
     2081  0.2074000E+04  0.10000E+01    2    1     4165    -4     1     T     0.096     0.008
     2091  0.2084000E+04  0.10000E+01    2    1     4185    -4     1     T     0.096     0.008
     2101  0.2094000E+04  0.10000E+01    2    1     4205    -4     1     T     0.096     0.008
     2111  0.2104000E+04  0.10000E+01    2    1     4225    -4     1     T     0.096     0.008
     2121  0.2114000E+04  0.10000E+01    2    1     4245    -4     1     T     0.096     0.008
     2131  0.2124000E+04  0.10000E+01    2    1     4265    -4     1     T     0.096     0.008
     2141  0.2134000E+04  0.10000E+01    2    1     4285    -4     1     T     0.096     0.008
     2151  0.2144000E+04  0.10000E+01    2    1     4305    -4     1     T     0.096     0.008
     2161  0.2154000E+04  0.10000E+01    2    1     4325    -4     1     T     0.096     0.008
     2171  0.2164000E+04  0.10000E+01    2    1     4345    -4     1     T     0.096     0.008
     2181  0.2174000E+04  0.10000E+01    2    1     4365    -4     1     T     0.096     0.008
     2191  0.2184000E+04  0.10000E+01    2    1     4385    -4     1     T     0.096     0.008
     2197  0.2190000E+04  0.10000E+01    2    1     4397    -4     1     T     0.096     0.008
     2201  0.2194000E+04  0.10000E+01    2    1     4405    -4     1     T     0.096     0.008
     2211  0.2204000E+04  0.10000E+01    2    1     4425    -4     1     T     0.096     0.008
     2221  0.2214000E+04  0.10000E+01    2    1     4445    -4     1     T     0.096     0.008
     2231  0.2224000E+04  0.10000E+01    2    1     4465    -4     1     T     0.096     0.008
     2241  0.2234000E+04  0.10000E+01    2    1     4485    -4     1     T     0.096     0.008
     2251  0.2244000E+04  0.10000E+01    2    1     4505    -4     1     T     0.096     0.008
     2261  0.2254000E+04  0.10000E+01    2    1     4525    -4     1     T     0.096     0.008
     2271  0.2264000E+04  0.10000E+01    2    1     4545    -4     1     T     0.096     0.008
     2281  0.2274000E+04  0.10000E+01    2    1     4565    -4     1     T     0.096     0.008
     2291  0.2284000E+04  0.10000E+01    2    1     4585    -4     1     T     0.096     0.008
     2301  0.2294000E+04  0.10000E+01    2    1     4605    -4     1     T     0.096     0.008
     2311  0.2304000E+04  0.10000E+01    2    1     4625    -4     1     T     0.096     0.008
     2321  0.2314000E+04  0.10000E+01    2    1     4645    -4     1     T     0.096     0.008
     2331  0.2324000E+04  0.10000E+01    2    1     4665    -4     1     T     0.096     0.008
     2341  0.2334000E+04  0.10000E+01    2    1     4685    -4     1     T     0.096     0.008
     2351  0.2344000E+04  0.10000E+01    2    1     4705    -4     1     T     0.096     0.008
     2361  0.2354000E+04  0.10000E+01    2    1     4725    -4     1     T     0.096     0.008
     2371  0.2364000E+04  0.10000E+01    2    1     4745    -4     1     T     0.096     0.008
     2381  0.2374000E+04  0.10000E+01    2    1     4765    -4     1     T     0.096     0.008
     2391  0.2384000E+04  0.10000E+01    2    1     4785    -4     1     T     0.096     0.008
     2401  0.2394000E+04  0.10000E+01    2    1     4805    -4     1     T     0.096     0.008
     2411  0.2404000E+04  0.10000E+01    2    1     4825    -4     1     T     0.096     0.008
     2421  0.2414000E+04  0.10000E+01    2    1     4845    -4     1     T     0.096     0.008
     2431  0.2424000E+04  0.10000E+01    2    1     4865    -4     1     T     0.096     0.008
     2441  0.2434000E+04  0.10000E+01    2    1     4885    -4     1     T     0.096     0.008
     2451  0.2444000E+04  0.10000E+01    2    1     4905    -4     1     T     0.096     0.008
     2461  0.2454000E+04  0.10000E+01    2    1     4925    -4     1     T     0.096     0.008
     2471  0.2464000E+04  0.10000E+01    2    1     4945    -4     1     T     0.096     0.008
     2481  0.2474000E+04  0.10000E+01    2    1     4965    -4     1     T     0.096     0.008
     2491  0.2484000E+04  0.10000E+01    2    1     4985    -4     1     T     0.096     0.008
     2501  0.2494000E+04  0.10000E+01    2    1     5005    -4     1     T     0.096     0.008
     2511  0.2504000E+04  0.10000E+01    2    1     5025    -4     1     T     0.096     0.008
     2521  0.2514000E+04  0.10000E+01    2    1     5045    -4     1     T     0.096     0.008
     2531  0.2524000E+04  0.10000E+01    2    1     5065    -4     1     T     0.096     0.008
     2541  0.2534000E+04  0.10000E+01    2    1     5085    -4     1     T     0.096     0.008
     2551  0.2544000E+04  0.10000E+01    2    1     5105    -4     1     T     0.096     0.008
     2561  0.2554000E+04  0.10000E+01    2    1     5125    -4     1     T     0.096     0.008
     2562  0.2555000E+04  0.10000E+01    2    1     5127    -4     1     T     0.096     0.008
     2571  0.2564000E+04  0.10000E+01    2    1     5145    -4     1     T     0.096     0.008
     2581  0.2574000E+04  0.10000E+01    2    1     5165    -4     1     T     0.096     0.008
     2591  0.2584000E+04  0.10000E+01    2    1     5185    -4     1     T     0.096     0.008
     2601  0.2594000E+04  0.10000E+01    2    1     5205    -4     1     T     0.096     0.008
     2611  0.2604000E+04  0.10000E+01    2    1     5225    -4     1     T     0.096     0.008
     2621  0.2614000E+04  0.10000E+01    2    1     5245    -4     1     T     0.096     0.008
     2631  0.2624000E+04  0.10000E+01    2    1     5265    -4     1     T     0.096     0.008
     2641  0.2634000E+04  0.10000E+01    2    1     5285    -4     1     T     0.096     0.008
     2651  0.2644000E+04  0.10000E+01    2    1     5305    -4     1     T     0.096     0.008
     2661  0.2654000E+04  0.10000E+01    2    1     5325    -4     1     T     0.096     0.008
     2671  0.2664000E+04  0.10000E+01    2    1     5345    -4     1     T     0.096     0.008
     2681  0.2674000E+04  0.10000E+01    2    1     5365    -4     1     T     0.096     0.008
     2691  0.2684000E+04  0.10000E+01    2    1     5385    -4     1     T     0.096     0.008
     2701  0.2694000E+04  0.10000E+01    2    1     5405    -4     1     T     0.096     0.008
     2711  0.2704000E+04  0.10000E+01    2    1     5425    -4     1     T     0.096     0.008
     2721  0.2714000E+04  0.10000E+01    2    1     5445    -4     1     T     0.096     0.008
     2731  0.2724000E+04  0.10000E+01    2    1     5465    -4     1     T     0.096     0.008
     2741  0.2734000E+04  0.10000E+01    2    1     5485    -4     1     T     0.096     0.008
     2751  0.2744000E+04  0.10000E+01    2    1     5505    -4     1     T     0.096     0.008
     2761  0.2754000E+04  0.10000E+01    2    1     5525    -4     1     T     0.096     0.008
     2771  0.2764000E+04  0.10000E+01    2    1     5545    -4     1     T     0.096     0.008
     2781  0.2774000E+04  0.10000E+01    2    1     5565    -4     1     T     0.096     0.008
     2791  0.2784000E+04  0.10000E+01    2    1     5585    -4     1     T     0.096     0.008
     2801  0.2794000E+04  0.10000E+01    2    1     5605    -4     1     T     0.096     0.008
     2811  0.2804000E+04  0.10000E+01    2    1     5625    -4     1     T     0.096     0.008
     2821  0.2814000E+04  0.10000E+01    2    1     5645    -4     1     T     0.096     0.008
     2831  0.2824000E+04  0.10000E+01    2    1     5665    -4     1     T     0.096     0.008
     2841  0.2834000E+04  0.10000E+01    2    1     5685    -4     1     T     0.096     0.008
     2851  0.2844000E+04  0.10000E+01    2    1     5705    -4     1     T     0.096     0.008
     2861  0.2854000E+04  0.10000E+01    2    1     5725    -4     1     T     0.096     0.008
     2871  0.2864000E+04  0.10000E+01    2    1     5745    -4     1     T     0.096     0.008
     2881  0.2874000E+04  0.10000E+01    2    1     5765    -4     1     T     0.096     0.008
     2891  0.2884000E+04  0.10000E+01    2    1     5785    -4     1     T     0.096     0.008
     2901  0.2894000E+04  0.10000E+01    2    1     5805    -4     1     T     0.096     0.008
     2911  0.2904000E+04  0.10000E+01    2    1     5825    -4     1     T     0.096     0.008
     2921  0.2914000E+04  0.10000E+01    2    1     5845    -4     1     T     0.096     0.008
     2927  0.2920000E+04  0.10000E+01    2    1     5857    -4     1     T     0.096     0.008
     2931  0.2924000E+04  0.10000E+01    2    1     5865    -4     1     T     0.096     0.008
     2941  0.2934000E+04  0.10000E+01    2    1     5885    -4     1     T     0.096     0.008
     2951  0.2944000E+04  0.10000E+01    2    1     5905    -4     1     T     0.096     0.008
     2961  0.2954000E+04  0.10000E+01    2    1     5925    -4     1     T     0.096     0.008
     2971  0.2964000E+04  0.10000E+01    2    1     5945    -4     1     T     0.096     0.008
     2981  0.2974000E+04  0.10000E+01    2    1     5965    -4     1     T     0.096     0.008
     2991  0.2984000E+04  0.10000E+01    2    1     5985    -4     1     T     0.096     0.008
     3001  0.2994000E+04  0.10000E+01    2    1     6005    -4     1     T     0.096     0.008
     3011  0.3004000E+04  0.10000E+01    2    1     6025    -4     1     T     0.096     0.008
     3021  0.3014000E+04  0.10000E+01    2    1     6045    -4     1     T     0.096     0.008
     3031  0.3024000E+04  0.10000E+01    2    1     6065    -4     1     T     0.096     0.008
     3041  0.3034000E+04  0.10000E+01    2    1     6085    -4     1     T     0.096     0.008
     3051  0.3044000E+04  0.10000E+01    2    1     6105    -4     1     T     0.096     0.008
     3061  0.3054000E+04  0.10000E+01    2    1     6125    -4     1     T     0.096     0.008
     3071  0.3064000E+04  0.10000E+01    2    1     6145    -4     1     T     0.096     0.008
     3081  0.3074000E+04  0.10000E+01    2    1     6165    -4     1     T     0.096     0.008
     3091  0.3084000E+04  0.10000E+01    2    1     6185    -4     1     T     0.096     0.008
     3101  0.3094000E+04  0.10000E+01    2    1     6205    -4     1     T     0.096     0.008
     3111  0.3104000E+04  0.10000E+01    2    1     6225    -4     1     T     0.096     0.008
     3121  0.3114000E+04  0.10000E+01    2    1     6245    -4     1     T     0.096     0.008
     3131  0.3124000E+04  0.10000E+01    2    1     6265    -4     1     T     0.096     0.008
     3141  0.3134000E+04  0.10000E+01    2    1     6285    -4     1     T     0.096     0.008
     3151  0.3144000E+04  0.10000E+01    2    1     6305    -4     1     T     0.096     0.008
     3161  0.3154000E+04  0.10000E+01    2    1     6325    -4     1     T     0.096     0.008
     3171  0.3164000E+04  0.10000E+01    2    1     6345    -4     1     T     0.096     0.008
     3181  0.3174000E+04  0.10000E+01    2    1     6365    -4     1     T     0.096     0.008
     3191  0.3184000E+04  0.10000E+01    2    1     6385    -4     1     T     0.096     0.008
     3201  0.3194000E+04  0.10000E+01    2    1     6405    -4     1     T     0.096     0.008
     3211  0.3204000E+04  0.10000E+01    2    1     6425    -4     1     T     0.096     0.008
     3221  0.3214000E+04  0.10000E+01    2    1     6445    -4     1     T     0.096     0.008
     3231  0.3224000E+04  0.10000E+01    2    1     6465    -4     1     T     0.096     0.008
     3241  0.3234000E+04  0.10000E+01    2    1     6485    -4     1     T     0.096     0.008
     3251  0.3244000E+04  0.10000E+01    2    1     6505    -4     1     T     0.096     0.008
     3261  0.3254000E+04  0.10000E+01    2    1     6525    -4     1     T     0.096     0.008
     3271  0.3264000E+04  0.10000E+01    2    1     6545    -4     1     T     0.096     0.008
     3281  0.3274000E+04  0.10000E+01    2    1     6565    -4     1     T     0.096     0.008
     3291  0.3284000E+04  0.10000E+01    2    1     6585    -4     1     T     0.096     0.008
     3292  0.3285000E+04  0.10000E+01    2    1     6587    -4     1     T     0.096     0.008
     3301  0.3294000E+04  0.10000E+01    2    1     6605    -4     1     T     0.096     0.008
     3311  0.3304000E+04  0.10000E+01    2    1     6625    -4     1     T     0.096     0.008
     3321  0.3314000E+04  0.10000E+01    2    1     6645    -4     1     T     0.096     0.008
     3331  0.3324000E+04  0.10000E+01    2    1     6665    -4     1     T     0.096     0.008
     3341  0.3334000E+04  0.10000E+01    2    1     6685    -4     1     T     0.096     0.008
     3351  0.3344000E+04  0.10000E+01    2    1     6705    -4     1     T     0.096     0.008
     3361  0.3354000E+04  0.10000E+01    2    1     6725    -4     1     T     0.096     0.008
     3371  0.3364000E+04  0.10000E+01    2    1     6745    -4     1     T     0.096     0.008
     3381  0.3374000E+04  0.10000E+01    2    1     6765    -4     1     T     0.096     0.008
     3391  0.3384000E+04  0.10000E+01    2    1     6785    -4     1     T     0.096     0.008
     3401  0.3394000E+04  0.10000E+01    2    1     6805    -4     1     T     0.096     0.008
     3411  0.3404000E+04  0.10000E+01    2    1     6825    -4     1     T     0.096     0.008
     3421  0.3414000E+04  0.10000E+01    2    1     6845    -4     1     T     0.096     0.008
     3431  0.3424000E+04  0.10000E+01    2    1     6865    -4     1     T     0.096     0.008
     3441  0.3434000E+04  0.10000E+01    2    1     6885    -4     1     T     0.096     0.008
     3451  0.3444000E+04  0.10000E+01    2    1     6905    -4     1     T     0.096     0.008
     3461  0.3454000E+04  0.10000E+01    2    1     6925    -4     1     T     0.096     0.008
     3471  0.3464000E+04  0.10000E+01    2    1     6945    -4     1     T     0.096     0.008
     3481  0.3474000E+04  0.10000E+01    2    1     6965    -4     1     T     0.096     0.008
     3491  0.3484000E+04  0.10000E+01    2    1     6985    -4     1     T     0.096     0.008
     3501  0.3494000E+04  0.10000E+01    2    1     7005    -4     1     T     0.096     0.008
     3511  0.3504000E+04  0.10000E+01    2    1     7025    -4     1     T     0.096     0.008
     3521  0.3514000E+04  0.10000E+01    2    1     7045    -4     1     T     0.096     0.008
     3531  0.3524000E+04  0.10000E+01    2    1     7065    -4     1     T     0.096     0.008
     3541  0.3534000E+04  0.10000E+01    2    1     7085    -4     1     T     0.096     0.008
     3551  0.3544000E+04  0.10000E+01    2    1     7105    -4     1     T     0.096     0.008
     3561  0.3554000E+04  0.10000E+01    2    1     7125    -4     1     T     0.096     0.008
     3571  0.3564000E+04  0.10000E+01    2    1     7145    -4     1     T     0.096     0.008
     3581  0.3574000E+04  0.10000E+01    2    1     7165    -4     1     T     0.096     0.008
     3591  0.3584000E+04  0.10000E+01    2    1     7185    -4     1     T     0.096     0.008
     3601  0.3594000E+04  0.10000E+01    2    1     7205    -4     1     T     0.096     0.008
     3611  0.3604000E+04  0.10000E+01    2    1     7225    -4     1     T     0.096     0.008
     3621  0.3614000E+04  0.10000E+01    2    1     7245    -4     1     T     0.096     0.008
     3631  0.3624000E+04  0.10000E+01    2    1     7265    -4     1     T     0.096     0.008
     3641  0.3634000E+04  0.10000E+01    2    1     7285    -4     1     T     0.096     0.008
     3651  0.3644000E+04  0.10000E+01    2    1     7305    -4     1     T     0.096     0.008
     3657  0.3650000E+04  0.10000E+01    2    1     7317    -4     1     T     0.096     0.008
     3661  0.3654000E+04  0.10000E+01    2    1     7325    -4     1     T     0.096     0.008
     3671  0.3664000E+04  0.10000E+01    2    1     7345    -4     1     T     0.096     0.008
     3681  0.3674000E+04  0.10000E+01    2    1     7365    -4     1     T     0.096     0.008
     3691  0.3684000E+04  0.10000E+01    2    1     7385    -4     1     T     0.096     0.008
     3701  0.3694000E+04  0.10000E+01    2    1     7405    -4     1     T     0.096     0.008
     3711  0.3704000E+04  0.10000E+01    2    1     7425    -4     1     T     0.096     0.008
     3721  0.3714000E+04  0.10000E+01    2    1     7445    -4     1     T     0.096     0.008
     3731  0.3724000E+04  0.10000E+01    2    1     7465    -4     1     T     0.096     0.008
     3741  0.3734000E+04  0.10000E+01    2    1     7485    -4     1     T     0.096     0.008
     3751  0.3744000E+04  0.10000E+01    2    1     7505    -4     1     T     0.096     0.008
     3761  0.3754000E+04  0.10000E+01    2    1     7525    -4     1     T     0.096     0.008
     3771  0.3764000E+04  0.10000E+01    2    1     7545    -4     1     T     0.096     0.008
     3781  0.3774000E+04  0.10000E+01    2    1     7565    -4     1     T     0.096     0.008
     3791  0.3784000E+04  0.10000E+01    2    1     7585    -4     1     T     0.096     0.008
     3801  0.3794000E+04  0.10000E+01    2    1     7605    -4     1     T     0.096     0.008
     3811  0.3804000E+04  0.10000E+01    2    1     7625    -4     1     T     0.096     0.008
     3821  0.3814000E+04  0.10000E+01    2    1     7645    -4     1     T     0.096     0.008
     3831  0.3824000E+04  0.10000E+01    2    1     7665    -4     1     T     0.096     0.008
     3841  0.3834000E+04  0.10000E+01    2    1     7685    -4     1     T     0.096     0.008
     3851  0.3844000E+04  0.10000E+01    2    1     7705    -4     1     T     0.096     0.008
     3861  0.3854000E+04  0.10000E+01    2    1     7725    -4     1     T     0.096     0.008
     3871  0.3864000E+04  0.10000E+01    2    1     7745    -4     1     T     0.096     0.008
     3881  0.3874000E+04  0.10000E+01    2    1     7765    -4     1     T     0.096     0.008
     3891  0.3884000E+04  0.10000E+01    2    1     7785    -4     1     T     0.096     0.008
     3901  0.3894000E+04  0.10000E+01    2    1     7805    -4     1     T     0.096     0.008
     3911  0.3904000E+04  0.10000E+01    2    1     7825    -4     1     T     0.096     0.008
     3921  0.3914000E+04  0.10000E+01    2    1     7845    -4     1     T     0.096     0.008
     3931  0.3924000E+04  0.10000E+01    2    1     7865    -4     1     T     0.096     0.008
     3941  0.3934000E+04  0.10000E+01    2    1     7885    -4     1     T     0.096     0.008
     3951  0.3944000E+04  0.10000E+01    2    1     7905    -4     1     T     0.096     0.008
     3961  0.3954000E+04  0.10000E+01    2    1     7925    -4     1     T     0.096     0.008
     3971  0.3964000E+04  0.10000E+01    2    1     7945    -4     1     T     0.096     0.008
     3981  0.3974000E+04  0.10000E+01    2    1     7965    -4     1     T     0.096     0.008
     3991  0.3984000E+04  0.10000E+01    2    1     7985    -4     1     T     0.096     0.008
     4001  0.3994000E+04  0.10000E+01    2    1     8005    -4     1     T     0.096     0.008
     4011  0.4004000E+04  0.10000E+01    2    1     8025    -4     1     T     0.096     0.008
     4021  0.4014000E+04  0.10000E+01    2    1     8045    -4     1     T     0.096     0.008
     4022  0.4015000E+04  0.10000E+01    2    1     8047    -4     1     T     0.096     0.008
     4031  0.4024000E+04  0.10000E+01    2    1     8065    -4     1     T     0.096     0.008
     4041  0.4034000E+04  0.10000E+01    2    1     8085    -4     1     T     0.096     0.008
     4051  0.4044000E+04  0.10000E+01    2    1     8105    -4     1     T     0.096     0.008
     4061  0.4054000E+04  0.10000E+01    2    1     8125    -4     1     T     0.096     0.008
     4071  0.4064000E+04  0.10000E+01    2    1     8145    -4     1     T     0.096     0.008
     4081  0.4074000E+04  0.10000E+01    2    1     8165    -4     1     T     0.096     0.008
     4091  0.4084000E+04  0.10000E+01    2    1     8185    -4     1     T     0.096     0.008
     4101  0.4094000E+04  0.10000E+01    2    1     8205    -4     1     T     0.096     0.008
     4111  0.4104000E+04  0.10000E+01    2    1     8225    -4     1     T     0.096     0.008
     4121  0.4114000E+04  0.10000E+01    2    1     8245    -4     1     T     0.096     0.008
     4131  0.4124000E+04  0.10000E+01    2    1     8265    -4     1     T     0.096     0.008
     4141  0.4134000E+04  0.10000E+01    2    1     8285    -4     1     T     0.096     0.008
     4151  0.4144000E+04  0.10000E+01    2    1     8305    -4     1     T     0.096     0.008
     4161  0.4154000E+04  0.10000E+01    2    1     8325    -4     1     T     0.096     0.008
     4171  0.4164000E+04  0.10000E+01    2    1     8345    -4     1     T     0.096     0.008
     4181  0.4174000E+04  0.10000E+01    2    1     8365    -4     1     T     0.096     0.008
     4191  0.4184000E+04  0.10000E+01    2    1     8385    -4     1     T     0.096     0.008
     4201  0.4194000E+04  0.10000E+01    2    1     8405    -4     1     T     0.096     0.008
     4211  0.4204000E+04  0.10000E+01    2    1     8425    -4     1     T     0.096     0.008
     4221  0.4214000E+04  0.10000E+01    2    1     8445    -4     1     T     0.096     0.008
     4231  0.4224000E+04  0.10000E+01    2    1     8465    -4     1     T     0.096     0.008
     4241  0.4234000E+04  0.10000E+01    2    1     8485    -4     1     T     0.096     0.008
     4251  0.4244000E+04  0.10000E+01    2    1     8505    -4     1     T     0.096     0.008
     4261  0.4254000E+04  0.10000E+01    2    1     8525    -4     1     T     0.096     0.008
     4271  0.4264000E+04  0.10000E+01    2    1     8545    -4     1     T     0.096     0.008
     4281  0.4274000E+04  0.10000E+01    2    1     8565    -4     1     T     0.096     0.008
     4291  0.4284000E+04  0.10000E+01    2    1     8585    -4     1     T     0.096     0.008
     4301  0.4294000E+04  0.10000E+01    2    1     8605    -4     1     T     0.096     0.008
     4311  0.4304000E+04  0.10000E+01    2    1     8625    -4     1     T     0.096     0.008
     4321  0.4314000E+04  0.10000E+01    2    1     8645    -4     1     T     0.096     0.008
     4331  0.4324000E+04  0.10000E+01    2    1     8665    -4     1     T     0.096     0.008
     4341  0.4334000E+04  0.10000E+01    2    1     8685    -4     1     T     0.096     0.008
     4351  0.4344000E+04  0.10000E+01    2    1     8705    -4     1     T     0.096     0.008
     4361  0.4354000E+04  0.10000E+01    2    1     8725    -4     1     T     0.096     0.008
     4371  0.4364000E+04  0.10000E+01    2    1     8745    -4     1     T     0.096     0.008
     4381  0.4374000E+04  0.10000E+01    2    1     8765    -4     1     T     0.096     0.008
     4387  0.4380000E+04  0.10000E+01    2    1     8777    -4     1     T     0.096     0.008
     4391  0.4384000E+04  0.10000E+01    2    1     8785    -4     1     T     0.096     0.008
     4401  0.4394000E+04  0.10000E+01    2    1     8805    -4     1     T     0.096     0.008
     4411  0.4404000E+04  0.10000E+01    2    1     8825    -4     1     T     0.096     0.008
     4421  0.4414000E+04  0.10000E+01    2    1     8845    -4     1     T     0.096     0.008
     4431  0.4424000E+04  0.10000E+01    2    1     8865    -4     1     T     0.096     0.008
     4441  0.4434000E+04  0.10000E+01    2    1     8885    -4     1     T     0.096     0.008
     4451  0.4444000E+04  0.10000E+01    2    1     8905    -4     1     T     0.096     0.008
     4461  0.4454000E+04  0.10000E+01    2    1     8925    -4     1     T     0.096     0.008
     4471  0.4464000E+04  0.10000E+01    2    1     8945    -4     1     T     0.096     0.008
     4481  0.4474000E+04  0.10000E+01    2    1     8965    -4     1     T     0.096     0.008
     4491  0.4484000E+04  0.10000E+01    2    1     8985    -4     1     T     0.096     0.008
     4501  0.4494000E+04  0.10000E+01    2    1     9005    -4     1     T     0.096     0.008
     4511  0.4504000E+04  0.10000E+01    2    1     9025    -4     1     T     0.096     0.008
     4521  0.4514000E+04  0.10000E+01    2    1     9045    -4     1     T     0.096     0.008
     4531  0.4524000E+04  0.10000E+01    2    1     9065    -4     1     T     0.096     0.008
     4541  0.4534000E+04  0.10000E+01    2    1     9085    -4     1     T     0.096     0.008
     4551  0.4544000E+04  0.10000E+01    2    1     9105    -4     1     T     0.096     0.008
     4561  0.4554000E+04  0.10000E+01    2    1     9125    -4     1     T     0.096     0.008
     4571  0.4564000E+04  0.10000E+01    2    1     9145    -4     1     T     0.096     0.008
     4581  0.4574000E+04  0.10000E+01    2    1     9165    -4     1     T     0.096     0.008
     4591  0.4584000E+04  0.10000E+01    2    1     9185    -4     1     T     0.096     0.008
     4601  0.4594000E+04  0.10000E+01    2    1     9205    -4     1     T     0.096     0.008
     4611  0.4604000E+04  0.10000E+01    2    1     9225    -4     1     T     0.096     0.008
     4621  0.4614000E+04  0.10000E+01    2    1     9245    -4     1     T     0.096     0.008
     4631  0.4624000E+04  0.10000E+01    2    1     9265    -4     1     T     0.096     0.008
     4641  0.4634000E+04  0.10000E+01    2    1     9285    -4     1     T     0.096     0.008
     4651  0.4644000E+04  0.10000E+01    2    1     9305    -4     1     T     0.096     0.008
     4661  0.4654000E+04  0.10000E+01    2    1     9325    -4     1     T     0.096     0.008
     4671  0.4664000E+04  0.10000E+01    2    1     9345    -4     1     T     0.096     0.008
     4681  0.4674000E+04  0.10000E+01    2    1     9365    -4     1     T     0.096     0.008
     4691  0.4684000E+04  0.10000E+01    2    1     9385    -4     1     T     0.096     0.008
     4701  0.4694000E+04  0.10000E+01    2    1     9405    -4     1     T     0.096     0.008
     4711  0.4704000E+04  0.10000E+01    2    1     9425    -4     1     T     0.096     0.008
     4721  0.4714000E+04  0.10000E+01    2    1     9445    -4     1     T     0.096     0.008
     4731  0.4724000E+04  0.10000E+01    2    1     9465    -4     1     T     0.096     0.008
     4741  0.4734000E+04  0.10000E+01    2    1     9485    -4     1     T     0.096     0.008
     4751  0.4744000E+04  0.10000E+01    2    1     9505    -4     1     T     0.096     0.008
     4752  0.4745000E+04  0.10000E+01    2    1     9507    -4     1     T     0.096     0.008
     4761  0.4754000E+04  0.10000E+01    2    1     9525    -4     1     T     0.096     0.008
     4771  0.4764000E+04  0.10000E+01    2    1     9545    -4     1     T     0.096     0.008
     4781  0.4774000E+04  0.10000E+01    2    1     9565    -4     1     T     0.096     0.008
     4791  0.4784000E+04  0.10000E+01    2    1     9585    -4     1     T     0.096     0.008
     4801  0.4794000E+04  0.10000E+01    2    1     9605    -4     1     T     0.096     0.008
     4811  0.4804000E+04  0.10000E+01    2    1     9625    -4     1     T     0.096     0.008
     4821  0.4814000E+04  0.10000E+01    2    1     9645    -4     1     T     0.096     0.008
     4831  0.4824000E+04  0.10000E+01    2    1     9665    -4     1     T     0.096     0.008
     4841  0.4834000E+04  0.10000E+01    2    1     9685    -4     1     T     0.096     0.008
     4851  0.4844000E+04  0.10000E+01    2    1     9705    -4     1     T     0.096     0.008
     4861  0.4854000E+04  0.10000E+01    2    1     9725    -4     1     T     0.096     0.008
     4871  0.4864000E+04  0.10000E+01    2    1     9745    -4     1     T     0.096     0.008
     4881  0.4874000E+04  0.10000E+01    2    1     9765    -4     1     T     0.096     0.008
     4891  0.4884000E+04  0.10000E+01    2    1     9785    -4     1     T     0.096     0.008
     4901  0.4894000E+04  0.10000E+01    2    1     9805    -4     1     T     0.096     0.008
     4911  0.4904000E+04  0.10000E+01    2    1     9825    -4     1     T     0.096     0.008
     4921  0.4914000E+04  0.10000E+01    2    1     9845    -4     1     T     0.096     0.008
     4931  0.4924000E+04  0.10000E+01    2    1     9865    -4     1     T     0.096     0.008
     4941  0.4934000E+04  0.10000E+01    2    1     9885    -4     1     T     0.096     0.008
     4951  0.4944000E+04  0.10000E+01    2    1     9905    -4     1     T     0.096     0.008
     4961  0.4954000E+04  0.10000E+01    2    1     9925    -4     1     T     0.096     0.008
     4971  0.4964000E+04  0.10000E+01    2    1     9945    -4     1     T     0.096     0.008
     4981  0.4974000E+04  0.10000E+01    2    1     9965    -4     1     T     0.096     0.008
     4991  0.4984000E+04  0.10000E+01    2    1     9985    -4     1     T     0.096     0.008
     5001  0.4994000E+04  0.10000E+01    2    1    10005    -4     1     T     0.096     0.008
     5011  0.5004000E+04  0.10000E+01    2    1    10025    -4     1     T     0.096     0.008
     5021  0.5014000E+04  0.10000E+01    2    1    10045    -4     1     T     0.096     0.008
     5031  0.5024000E+04  0.10000E+01    2    1    10065    -4     1     T     0.096     0.008
     5041  0.5034000E+04  0.10000E+01    2    1    10085    -4     1     T     0.096     0.008
     5051  0.5044000E+04  0.10000E+01    2    1    10105    -4     1     T     0.096     0.008
     5061  0.5054000E+04  0.10000E+01    2    1    10125    -4     1     T     0.096     0.008
     5071  0.5064000E+04  0.10000E+01    2    1    10145    -4     1     T     0.096     0.008
     5081  0.5074000E+04  0.10000E+01    2    1    10165    -4     1     T     0.096     0.008
     5091  0.5084000E+04  0.10000E+01    2    1    10185    -4     1     T     0.096     0.008
     5101  0.5094000E+04  0.10000E+01    2    1    10205    -4     1     T     0.096     0.008
     5111  0.5104000E+04  0.10000E+01    2    1    10225    -4     1     T     0.096     0.008
     5117  0.5110000E+04  0.10000E+01    2    1    10237    -4     1     T     0.096     0.008
     5121  0.5114000E+04  0.10000E+01    2    1    10245    -4     1     T     0.096     0.008
     5131  0.5124000E+04  0.10000E+01    2    1    10265    -4     1     T     0.096     0.008
     5141  0.5134000E+04  0.10000E+01    2    1    10285    -4     1     T     0.096     0.008
     5151  0.5144000E+04  0.10000E+01    2    1    10305    -4     1     T     0.096     0.008
     5161  0.5154000E+04  0.10000E+01    2    1    10325    -4     1     T     0.096     0.008
     5171  0.5164000E+04  0.10000E+01    2    1    10345    -4     1     T     0.096     0.008
     5181  0.5174000E+04  0.10000E+01    2    1    10365    -4     1     T     0.096     0.008
     5191  0.5184000E+04  0.10000E+01    2    1    10385    -4     1     T     0.096     0.008
     5201  0.5194000E+04  0.10000E+01    2    1    10405    -4     1     T     0.096     0.008
     5211  0.5204000E+04  0.10000E+01    2    1    10425    -4     1     T     0.096     0.008
     5221  0.5214000E+04  0.10000E+01    2    1    10445    -4     1     T     0.096     0.008
     5231  0.5224000E+04  0.10000E+01    2    1    10465    -4     1     T     0.096     0.008
     5241  0.5234000E+04  0.10000E+01    2    1    10485    -4     1     T     0.096     0.008
     5251  0.5244000E+04  0.10000E+01    2    1    10505    -4     1     T     0.096     0.008
     5261  0.5254000E+04  0.10000E+01    2    1    10525    -4     1     T     0.096     0.008
     5271  0.5264000E+04  0.10000E+01    2    1    10545    -4     1     T     0.096     0.008
     5281  0.5274000E+04  0.10000E+01    2    1    10565    -4     1     T     0.096     0.008
     5291  0.5284000E+04  0.10000E+01    2    1    10585    -4     1     T     0.096     0.008
     5301  0.5294000E+04  0.10000E+01    2    1    10605    -4     1     T     0.096     0.008
     5311  0.5304000E+04  0.10000E+01    2    1    10625    -4     1     T     0.096     0.008
     5321  0.5314000E+04  0.10000E+01    2    1    10645    -4     1     T     0.096     0.008
     5331  0.5324000E+04  0.10000E+01    2    1    10665    -4     1     T     0.096     0.008
     5341  0.5334000E+04  0.10000E+01    2    1    10685    -4     1     T     0.096     0.008
     5351  0.5344000E+04  0.10000E+01    2    1    10705    -4     1     T     0.096     0.008
     5361  0.5354000E+04  0.10000E+01    2    1    10725    -4     1     T     0.096     0.008
     5371  0.5364000E+04  0.10000E+01    2    1    10745    -4     1     T     0.096     0.008
     5381  0.5374000E+04  0.10000E+01    2    1    10765    -4     1     T     0.096     0.008
     5391  0.5384000E+04  0.10000E+01    2    1    10785    -4     1     T     0.096     0.008
     5401  0.5394000E+04  0.10000E+01    2    1    10805    -4     1     T     0.096     0.008
     5411  0.5404000E+04  0.10000E+01    2    1    10825    -4     1     T     0.096     0.008
     5421  0.5414000E+04  0.10000E+01    2    1    10845    -4     1     T     0.096     0.008
     5431  0.5424000E+04  0.10000E+01    2    1    10865    -4     1     T     0.096     0.008
     5441  0.5434000E+04  0.10000E+01    2    1    10885    -4     1     T     0.096     0.008
     5451  0.5444000E+04  0.10000E+01    2    1    10905    -4     1     T     0.096     0.008
     5461  0.5454000E+04  0.10000E+01    2    1    10925    -4     1     T     0.096     0.008
     5471  0.5464000E+04  0.10000E+01    2    1    10945    -4     1     T     0.096     0.008
     5481  0.5474000E+04  0.10000E+01    2    1    10965    -4     1     T     0.096     0.008
     5482  0.5475000E+04  0.10000E+01    2    1    10967    -4     1     T     0.096     0.008
     5491  0.5484000E+04  0.10000E+01    2    1    10985    -4     1     T     0.096     0.008
     5501  0.5494000E+04  0.10000E+01    2    1    11005    -4     1     T     0.096     0.008
     5511  0.5504000E+04  0.10000E+01    2    1    11025    -4     1     T     0.096     0.008
     5521  0.5514000E+04  0.10000E+01    2    1    11045    -4     1     T     0.096     0.008
     5531  0.5524000E+04  0.10000E+01    2    1    11065    -4     1     T     0.096     0.008
     5541  0.5534000E+04  0.10000E+01    2    1    11085    -4     1     T     0.096     0.008
     5551  0.5544000E+04  0.10000E+01    2    1    11105    -4     1     T     0.096     0.008
     5561  0.5554000E+04  0.10000E+01    2    1    11125    -4     1     T     0.096     0.008
     5571  0.5564000E+04  0.10000E+01    2    1    11145    -4     1     T     0.096     0.008
     5581  0.5574000E+04  0.10000E+01    2    1    11165    -4     1     T     0.096     0.008
     5591  0.5584000E+04  0.10000E+01    2    1    11185    -4     1     T     0.096     0.008
     5601  0.5594000E+04  0.10000E+01    2    1    11205    -4     1     T     0.096     0.008
     5611  0.5604000E+04  0.10000E+01    2    1    11225    -4     1     T     0.096     0.008
     5621  0.5614000E+04  0.10000E+01    2    1    11245    -4     1     T     0.096     0.008
     5631  0.5624000E+04  0.10000E+01    2    1    11265    -4     1     T     0.096     0.008
     5641  0.5634000E+04  0.10000E+01    2    1    11285    -4     1     T     0.096     0.008
     5651  0.5644000E+04  0.10000E+01    2    1    11305    -4     1     T     0.096     0.008
     5661  0.5654000E+04  0.10000E+01    2    1    11325    -4     1     T     0.096     0.008
     5671  0.5664000E+04  0.10000E+01    2    1    11345    -4     1     T     0.096     0.008
     5681  0.5674000E+04  0.10000E+01    2    1    11365    -4     1     T     0.096     0.008
     5691  0.5684000E+04  0.10000E+01    2    1    11385    -4     1     T     0.096     0.008
     5701  0.5694000E+04  0.10000E+01    2    1    11405    -4     1     T     0.096     0.008
     5711  0.5704000E+04  0.10000E+01    2    1    11425    -4     1     T     0.096     0.008
     5721  0.5714000E+04  0.10000E+01    2    1    11445    -4     1     T     0.096     0.008
     5731  0.5724000E+04  0.10000E+01    2    1    11465    -4     1     T     0.096     0.008
     5741  0.5734000E+04  0.10000E+01    2    1    11485    -4     1     T     0.096     0.008
     5751  0.5744000E+04  0.10000E+01    2    1    11505    -4     1     T     0.096     0.008
     5761  0.5754000E+04  0.10000E+01    2    1    11525    -4     1     T     0.096     0.008
     5771  0.5764000E+04  0.10000E+01    2    1    11545    -4     1     T     0.096     0.008
     5781  0.5774000E+04  0.10000E+01    2    1    11565    -4     1     T     0.096     0.008
     5791  0.5784000E+04  0.10000E+01    2    1    11585    -4     1     T     0.096     0.008
     5801  0.5794000E+04  0.10000E+01    2    1    11605    -4     1     T     0.096     0.008
     5811  0.5804000E+04  0.10000E+01    2    1    11625    -4     1     T     0.096     0.008
     5821  0.5814000E+04  0.10000E+01    2    1    11645    -4     1     T     0.096     0.008
     5831  0.5824000E+04  0.10000E+01    2    1    11665    -4     1     T     0.096     0.008
     5841  0.5834000E+04  0.10000E+01    2    1    11685    -4     1     T     0.096     0.008
     5847  0.5840000E+04  0.10000E+01    2    1    11697    -4     1     T     0.096     0.008
     5851  0.5844000E+04  0.10000E+01    2    1    11705    -4     1     T     0.096     0.008
     5861  0.5854000E+04  0.10000E+01    2    1    11725    -4     1     T     0.096     0.008
     5871  0.5864000E+04  0.10000E+01    2    1    11745    -4     1     T     0.096     0.008
     5881  0.5874000E+04  0.10000E+01    2    1    11765    -4     1     T     0.096     0.008
     5891  0.5884000E+04  0.10000E+01    2    1    11785    -4     1     T     0.096     0.008
     5901  0.5894000E+04  0.10000E+01    2    1    11805    -4     1     T     0.096     0.008
     5911  0.5904000E+04  0.10000E+01    2    1    11825    -4     1     T     0.096     0.008
     5921  0.5914000E+04  0.10000E+01    2    1    11845    -4     1     T     0.096     0.008
     5931  0.5924000E+04  0.10000E+01    2    1    11865    -4     1     T     0.096     0.008
     5941  0.5934000E+04  0.10000E+01    2    1    11885    -4     1     T     0.096     0.008
     5951  0.5944000E+04  0.10000E+01    2    1    11905    -4     1     T     0.096     0.008
     5961  0.5954000E+04  0.10000E+01    2    1    11925    -4     1     T     0.096     0.008
     5971  0.5964000E+04  0.10000E+01    2    1    11945    -4     1     T     0.096     0.008
     5981  0.5974000E+04  0.10000E+01    2    1    11965    -4     1     T     0.096     0.008
     5991  0.5984000E+04  0.10000E+01    2    1    11985    -4     1     T     0.096     0.008
     6001  0.5994000E+04  0.10000E+01    2    1    12005    -4     1     T     0.096     0.008
     6011  0.6004000E+04  0.10000E+01    2    1    12025    -4     1     T     0.096     0.008
     6021  0.6014000E+04  0.10000E+01    2    1    12045    -4     1     T     0.096     0.008
     6031  0.6024000E+04  0.10000E+01    2    1    12065    -4     1     T     0.096     0.008
     6041  0.6034000E+04  0.10000E+01    2    1    12085    -4     1     T     0.096     0.008
     6051  0.6044000E+04  0.10000E+01    2    1    12105    -4     1     T     0.096     0.008
     6061  0.6054000E+04  0.10000E+01    2    1    12125    -4     1     T     0.096     0.008
     6071  0.6064000E+04  0.10000E+01    2    1    12145    -4     1     T     0.096     0.008
     6081  0.6074000E+04  0.10000E+01    2    1    12165    -4     1     T     0.096     0.008
     6091  0.6084000E+04  0.10000E+01    2    1    12185    -4     1     T     0.096     0.008
     6101  0.6094000E+04  0.10000E+01    2    1    12205    -4     1     T     0.096     0.008
     6111  0.6104000E+04  0.10000E+01    2    1    12225    -4     1     T     0.096     0.008
     6121  0.6114000E+04  0.10000E+01    2    1    12245    -4     1     T     0.096     0.008
     6131  0.6124000E+04  0.10000E+01    2    1    12265    -4     1     T     0.096     0.008
     6141  0.6134000E+04  0.10000E+01    2    1    12285    -4     1     T     0.096     0.008
     6151  0.6144000E+04  0.10000E+01    2    1    12305    -4     1     T     0.096     0.008
     6161  0.6154000E+04  0.10000E+01    2    1    12325    -4     1     T     0.096     0.008
     6171  0.6164000E+04  0.10000E+01    2    1    12345    -4     1     T     0.096     0.008
     6181  0.6174000E+04  0.10000E+01    2    1    12365    -4     1     T     0.096     0.008
     6191  0.6184000E+04  0.10000E+01    2    1    12385    -4     1     T     0.096     0.008
     6201  0.6194000E+04  0.10000E+01    2    1    12405    -4     1     T     0.096     0.008
     6211  0.6204000E+04  0.10000E+01    2    1    12425    -4     1     T     0.096     0.008
     6212  0.6205000E+04  0.10000E+01    2    1    12427    -4     1     T     0.096     0.008
     6221  0.6214000E+04  0.10000E+01    2    1    12445    -4     1     T     0.096     0.008
     6231  0.6224000E+04  0.10000E+01    2    1    12465    -4     1     T     0.096     0.008
     6241  0.6234000E+04  0.10000E+01    2    1    12485    -4     1     T     0.096     0.008
     6251  0.6244000E+04  0.10000E+01    2    1    12505    -4     1     T     0.096     0.008
     6261  0.6254000E+04  0.10000E+01    2    1    12525    -4     1     T     0.096     0.008
     6271  0.6264000E+04  0.10000E+01    2    1    12545    -4     1     T     0.096     0.008
     6281  0.6274000E+04  0.10000E+01    2    1    12565    -4     1     T     0.096     0.008
     6291  0.6284000E+04  0.10000E+01    2    1    12585    -4     1     T     0.096     0.008
     6301  0.6294000E+04  0.10000E+01    2    1    12605    -4     1     T     0.096     0.008
     6311  0.6304000E+04  0.10000E+01    2    1    12625    -4     1     T     0.096     0.008
     6321  0.6314000E+04  0.10000E+01    2    1    12645    -4     1     T     0.096     0.008
     6331  0.6324000E+04  0.10000E+01    2    1    12665    -4     1     T     0.096     0.008
     6341  0.6334000E+04  0.10000E+01    2    1    12685    -4     1     T     0.096     0.008
     6351  0.6344000E+04  0.10000E+01    2    1    12705    -4     1     T     0.096     0.008
     6361  0.6354000E+04  0.10000E+01    2    1    12725    -4     1     T     0.096     0.008
     6371  0.6364000E+04  0.10000E+01    2    1    12745    -4     1     T     0.096     0.008
     6381  0.6374000E+04  0.10000E+01    2    1    12765    -4     1     T     0.096     0.008
     6391  0.6384000E+04  0.10000E+01    2    1    12785    -4     1     T     0.096     0.008
     6401  0.6394000E+04  0.10000E+01    2    1    12805    -4     1     T     0.096     0.008
     6411  0.6404000E+04  0.10000E+01    2    1    12825    -4     1     T     0.096     0.008
     6421  0.6414000E+04  0.10000E+01    2    1    12845    -4     1     T     0.096     0.008
     6431  0.6424000E+04  0.10000E+01    2    1    12865    -4     1     T     0.096     0.008
     6441  0.6434000E+04  0.10000E+01    2    1    12885    -4     1     T     0.096     0.008
     6451  0.6444000E+04  0.10000E+01    2    1    12905    -4     1     T     0.096     0.008
     6461  0.6454000E+04  0.10000E+01    2    1    12925    -4     1     T     0.096     0.008
     6471  0.6464000E+04  0.10000E+01    2    1    12945    -4     1     T     0.096     0.008
     6481  0.6474000E+04  0.10000E+01    2    1    12965    -4     1     T     0.096     0.008
     6491  0.6484000E+04  0.10000E+01    2    1    12985    -4     1     T     0.096     0.008
     6501  0.6494000E+04  0.10000E+01    2    1    13005    -4     1     T     0.096     0.008
     6511  0.6504000E+04  0.10000E+01    2    1    13025    -4     1     T     0.096     0.008
     6521  0.6514000E+04  0.10000E+01    2    1    13045    -4     1     T     0.096     0.008
     6531  0.6524000E+04  0.10000E+01    2    1    13065    -4     1     T     0.096     0.008
     6541  0.6534000E+04  0.10000E+01    2    1    13085    -4     1     T     0.096     0.008
     6551  0.6544000E+04  0.10000E+01    2    1    13105    -4     1     T     0.096     0.008
     6561  0.6554000E+04  0.10000E+01    2    1    13125    -4     1     T     0.096     0.008
     6571  0.6564000E+04  0.10000E+01    2    1    13145    -4     1     T     0.096     0.008
     6577  0.6570000E+04  0.10000E+01    2    1    13157    -4     1     T     0.096     0.008
     6581  0.6574000E+04  0.10000E+01    2    1    13165    -4     1     T     0.096     0.008
     6591  0.6584000E+04  0.10000E+01    2    1    13185    -4     1     T     0.096     0.008
     6601  0.6594000E+04  0.10000E+01    2    1    13205    -4     1     T     0.096     0.008
     6611  0.6604000E+04  0.10000E+01    2    1    13225    -4     1     T     0.096     0.008
     6621  0.6614000E+04  0.10000E+01    2    1    13245    -4     1     T     0.096     0.008
     6631  0.6624000E+04  0.10000E+01    2    1    13265    -4     1     T     0.096     0.008
     6641  0.6634000E+04  0.10000E+01    2    1    13285    -4     1     T     0.096     0.008
     6651  0.6644000E+04  0.10000E+01    2    1    13305    -4     1     T     0.096     0.008
     6661  0.6654000E+04  0.10000E+01    2    1    13325    -4     1     T     0.096     0.008
     6671  0.6664000E+04  0.10000E+01    2    1    13345    -4     1     T     0.096     0.008
     6681  0.6674000E+04  0.10000E+01    2    1    13365    -4     1     T     0.096     0.008
     6691  0.6684000E+04  0.10000E+01    2    1    13385    -4     1     T     0.096     0.008
     6701  0.6694000E+04  0.10000E+01    2    1    13405    -4     1     T     0.096     0.008
     6711  0.6704000E+04  0.10000E+01    2    1    13425    -4     1     T     0.096     0.008
     6721  0.6714000E+04  0.10000E+01    2    1    13445    -4     1     T     0.096     0.008
     6731  0.6724000E+04  0.10000E+01    2    1    13465    -4     1     T     0.096     0.008
     6741  0.6734000E+04  0.10000E+01    2    1    13485    -4     1     T     0.096     0.008
     6751  0.6744000E+04  0.10000E+01    2    1    13505    -4     1     T     0.096     0.008
     6761  0.6754000E+04  0.10000E+01    2    1    13525    -4     1     T     0.096     0.008
     6771  0.6764000E+04  0.10000E+01    2    1    13545    -4     1     T     0.096     0.008
     6781  0.6774000E+04  0.10000E+01    2    1    13565    -4     1     T     0.096     0.008
     6791  0.6784000E+04  0.10000E+01    2    1    13585    -4     1     T     0.096     0.008
     6801  0.6794000E+04  0.10000E+01    2    1    13605    -4     1     T     0.096     0.008
     6811  0.6804000E+04  0.10000E+01    2    1    13625    -4     1     T     0.096     0.008
     6821  0.6814000E+04  0.10000E+01    2    1    13645    -4     1     T     0.096     0.008
     6831  0.6824000E+04  0.10000E+01    2    1    13665    -4     1     T     0.096     0.008
     6841  0.6834000E+04  0.10000E+01    2    1    13685    -4     1     T     0.096     0.008
     6851  0.6844000E+04  0.10000E+01    2    1    13705    -4     1     T     0.096     0.008
     6861  0.6854000E+04  0.10000E+01    2    1    13725    -4     1     T     0.096     0.008
     6871  0.6864000E+04  0.10000E+01    2    1    13745    -4     1     T     0.096     0.008
     6881  0.6874000E+04  0.10000E+01    2    1    13765    -4     1     T     0.096     0.008
     6891  0.6884000E+04  0.10000E+01    2    1    13785    -4     1     T     0.096     0.008
     6901  0.6894000E+04  0.10000E+01    2    1    13805    -4     1     T     0.096     0.008
     6911  0.6904000E+04  0.10000E+01    2    1    13825    -4     1     T     0.096     0.008
     6921  0.6914000E+04  0.10000E+01    2    1    13845    -4     1     T     0.096     0.008
     6931  0.6924000E+04  0.10000E+01    2    1    13865    -4     1     T     0.096     0.008
     6941  0.6934000E+04  0.10000E+01    2    1    13885    -4     1     T     0.096     0.008
     6942  0.6935000E+04  0.10000E+01    2    1    13887    -4     1     T     0.096     0.008
     6951  0.6944000E+04  0.10000E+01    2    1    13905    -4     1     T     0.096     0.008
     6961  0.6954000E+04  0.10000E+01    2    1    13925    -4     1     T     0.096     0.008
     6971  0.6964000E+04  0.10000E+01    2    1    13945    -4     1     T     0.096     0.008
     6981  0.6974000E+04  0.10000E+01    2    1    13965    -4     1     T     0.096     0.008
     6991  0.6984000E+04  0.10000E+01    2    1    13985    -4     1     T     0.096     0.008
     7001  0.6994000E+04  0.10000E+01    2    1    14005    -4     1     T     0.096     0.008
     7011  0.7004000E+04  0.10000E+01    2    1    14025    -4     1     T     0.096     0.008
     7021  0.7014000E+04  0.10000E+01    2    1    14045    -4     1     T     0.096     0.008
     7031  0.7024000E+04  0.10000E+01    2    1    14065    -4     1     T     0.096     0.008
     7041  0.7034000E+04  0.10000E+01    2    1    14085    -4     1     T     0.096     0.008
     7051  0.7044000E+04  0.10000E+01    2    1    14105    -4     1     T     0.096     0.008
     7061  0.7054000E+04  0.10000E+01    2    1    14125    -4     1     T     0.096     0.008
     7071  0.7064000E+04  0.10000E+01    2    1    14145    -4     1     T     0.096     0.008
     7081  0.7074000E+04  0.10000E+01    2    1    14165    -4     1     T     0.096     0.008
     7091  0.7084000E+04  0.10000E+01    2    1    14185    -4     1     T     0.096     0.008
     7101  0.7094000E+04  0.10000E+01    2    1    14205    -4     1     T     0.096     0.008
     7111  0.7104000E+04  0.10000E+01    2    1    14225    -4     1     T     0.096     0.008
     7121  0.7114000E+04  0.10000E+01    2    1    14245    -4     1     T     0.096     0.008
     7131  0.7124000E+04  0.10000E+01    2    1    14265    -4     1     T     0.096     0.008
     7141  0.7134000E+04  0.10000E+01    2    1    14285    -4     1     T     0.096     0.008
     7151  0.7144000E+04  0.10000E+01    2    1    14305    -4     1     T     0.096     0.008
     7161  0.7154000E+04  0.10000E+01    2    1    14325    -4     1     T     0.096     0.008
     7171  0.7164000E+04  0.10000E+01    2    1    14345    -4     1     T     0.096     0.008
     7181  0.7174000E+04  0.10000E+01    2    1    14365    -4     1     T     0.096     0.008
     7191  0.7184000E+04  0.10000E+01    2    1    14385    -4     1     T     0.096     0.008
     7201  0.7194000E+04  0.10000E+01    2    1    14405    -4     1     T     0.096     0.008
     7211  0.7204000E+04  0.10000E+01    2    1    14425    -4     1     T     0.096     0.008
     7221  0.7214000E+04  0.10000E+01    2    1    14445    -4     1     T     0.096     0.008
     7231  0.7224000E+04  0.10000E+01    2    1    14465    -4     1     T     0.096     0.008
     7241  0.7234000E+04  0.10000E+01    2    1    14485    -4     1     T     0.096     0.008
     7251  0.7244000E+04  0.10000E+01    2    1    14505    -4     1     T     0.096     0.008
     7261  0.7254000E+04  0.10000E+01    2    1    14525    -4     1     T     0.096     0.008
     7271  0.7264000E+04  0.10000E+01    2    1    14545    -4     1     T     0.096     0.008
     7281  0.7274000E+04  0.10000E+01    2    1    14565    -4     1     T     0.096     0.008
     7291  0.7284000E+04  0.10000E+01    2    1    14585    -4     1     T     0.096     0.008
     7301  0.7294000E+04  0.10000E+01    2    1    14605    -4     1     T     0.096     0.008
     7307  0.7300000E+04  0.10000E+01    2    1    14617    -4     1     T     0.096     0.008
end
